Archive member included to satisfy reference by file (symbol)

/opt/ST/STM32CubeCLT_1.16.0/GNU-tools-for-STM32/bin/../lib/gcc/arm-none-eabi/12.3.1/../../../../arm-none-eabi/lib/thumb/v7e-m+fp/hard/libc_nano.a(libc_a-exit.o)
                              /opt/ST/STM32CubeCLT_1.16.0/GNU-tools-for-STM32/bin/../lib/gcc/arm-none-eabi/12.3.1/../../../../arm-none-eabi/lib/thumb/v7e-m+fp/hard/crt0.o (exit)
/opt/ST/STM32CubeCLT_1.16.0/GNU-tools-for-STM32/bin/../lib/gcc/arm-none-eabi/12.3.1/../../../../arm-none-eabi/lib/thumb/v7e-m+fp/hard/libc_nano.a(libc_a-findfp.o)
                              /opt/ST/STM32CubeCLT_1.16.0/GNU-tools-for-STM32/bin/../lib/gcc/arm-none-eabi/12.3.1/../../../../arm-none-eabi/lib/thumb/v7e-m+fp/hard/libc_nano.a(libc_a-exit.o) (__stdio_exit_handler)
/opt/ST/STM32CubeCLT_1.16.0/GNU-tools-for-STM32/bin/../lib/gcc/arm-none-eabi/12.3.1/../../../../arm-none-eabi/lib/thumb/v7e-m+fp/hard/libc_nano.a(libc_a-fwalk.o)
                              /opt/ST/STM32CubeCLT_1.16.0/GNU-tools-for-STM32/bin/../lib/gcc/arm-none-eabi/12.3.1/../../../../arm-none-eabi/lib/thumb/v7e-m+fp/hard/libc_nano.a(libc_a-findfp.o) (_fwalk_sglue)
/opt/ST/STM32CubeCLT_1.16.0/GNU-tools-for-STM32/bin/../lib/gcc/arm-none-eabi/12.3.1/../../../../arm-none-eabi/lib/thumb/v7e-m+fp/hard/libc_nano.a(libc_a-memset.o)
                              /opt/ST/STM32CubeCLT_1.16.0/GNU-tools-for-STM32/bin/../lib/gcc/arm-none-eabi/12.3.1/../../../../arm-none-eabi/lib/thumb/v7e-m+fp/hard/crt0.o (memset)
/opt/ST/STM32CubeCLT_1.16.0/GNU-tools-for-STM32/bin/../lib/gcc/arm-none-eabi/12.3.1/../../../../arm-none-eabi/lib/thumb/v7e-m+fp/hard/libc_nano.a(libc_a-impure.o)
                              /opt/ST/STM32CubeCLT_1.16.0/GNU-tools-for-STM32/bin/../lib/gcc/arm-none-eabi/12.3.1/../../../../arm-none-eabi/lib/thumb/v7e-m+fp/hard/libc_nano.a(libc_a-findfp.o) (_impure_data)
/opt/ST/STM32CubeCLT_1.16.0/GNU-tools-for-STM32/bin/../lib/gcc/arm-none-eabi/12.3.1/../../../../arm-none-eabi/lib/thumb/v7e-m+fp/hard/libc_nano.a(libc_a-errno.o)
                              build/sysmem.o (__errno)
/opt/ST/STM32CubeCLT_1.16.0/GNU-tools-for-STM32/bin/../lib/gcc/arm-none-eabi/12.3.1/../../../../arm-none-eabi/lib/thumb/v7e-m+fp/hard/libc_nano.a(libc_a-init.o)
                              /opt/ST/STM32CubeCLT_1.16.0/GNU-tools-for-STM32/bin/../lib/gcc/arm-none-eabi/12.3.1/../../../../arm-none-eabi/lib/thumb/v7e-m+fp/hard/crt0.o (__libc_init_array)
/opt/ST/STM32CubeCLT_1.16.0/GNU-tools-for-STM32/bin/../lib/gcc/arm-none-eabi/12.3.1/../../../../arm-none-eabi/lib/thumb/v7e-m+fp/hard/libc_nano.a(libc_a-lock.o)
                              /opt/ST/STM32CubeCLT_1.16.0/GNU-tools-for-STM32/bin/../lib/gcc/arm-none-eabi/12.3.1/../../../../arm-none-eabi/lib/thumb/v7e-m+fp/hard/libc_nano.a(libc_a-findfp.o) (__retarget_lock_init_recursive)
/opt/ST/STM32CubeCLT_1.16.0/GNU-tools-for-STM32/bin/../lib/gcc/arm-none-eabi/12.3.1/../../../../arm-none-eabi/lib/thumb/v7e-m+fp/hard/libc_nano.a(libc_a-mallocr.o)
                              /opt/ST/STM32CubeCLT_1.16.0/GNU-tools-for-STM32/bin/../lib/gcc/arm-none-eabi/12.3.1/../../../../arm-none-eabi/lib/thumb/v7e-m+fp/hard/libc_nano.a(libc_a-findfp.o) (_malloc_r)
/opt/ST/STM32CubeCLT_1.16.0/GNU-tools-for-STM32/bin/../lib/gcc/arm-none-eabi/12.3.1/../../../../arm-none-eabi/lib/thumb/v7e-m+fp/hard/libc_nano.a(libc_a-fflush.o)
                              /opt/ST/STM32CubeCLT_1.16.0/GNU-tools-for-STM32/bin/../lib/gcc/arm-none-eabi/12.3.1/../../../../arm-none-eabi/lib/thumb/v7e-m+fp/hard/libc_nano.a(libc_a-findfp.o) (_fflush_r)
/opt/ST/STM32CubeCLT_1.16.0/GNU-tools-for-STM32/bin/../lib/gcc/arm-none-eabi/12.3.1/../../../../arm-none-eabi/lib/thumb/v7e-m+fp/hard/libc_nano.a(libc_a-mlock.o)
                              /opt/ST/STM32CubeCLT_1.16.0/GNU-tools-for-STM32/bin/../lib/gcc/arm-none-eabi/12.3.1/../../../../arm-none-eabi/lib/thumb/v7e-m+fp/hard/libc_nano.a(libc_a-mallocr.o) (__malloc_lock)
/opt/ST/STM32CubeCLT_1.16.0/GNU-tools-for-STM32/bin/../lib/gcc/arm-none-eabi/12.3.1/../../../../arm-none-eabi/lib/thumb/v7e-m+fp/hard/libc_nano.a(libc_a-stdio.o)
                              /opt/ST/STM32CubeCLT_1.16.0/GNU-tools-for-STM32/bin/../lib/gcc/arm-none-eabi/12.3.1/../../../../arm-none-eabi/lib/thumb/v7e-m+fp/hard/libc_nano.a(libc_a-findfp.o) (__sread)
/opt/ST/STM32CubeCLT_1.16.0/GNU-tools-for-STM32/bin/../lib/gcc/arm-none-eabi/12.3.1/../../../../arm-none-eabi/lib/thumb/v7e-m+fp/hard/libc_nano.a(libc_a-closer.o)
                              /opt/ST/STM32CubeCLT_1.16.0/GNU-tools-for-STM32/bin/../lib/gcc/arm-none-eabi/12.3.1/../../../../arm-none-eabi/lib/thumb/v7e-m+fp/hard/libc_nano.a(libc_a-stdio.o) (_close_r)
/opt/ST/STM32CubeCLT_1.16.0/GNU-tools-for-STM32/bin/../lib/gcc/arm-none-eabi/12.3.1/../../../../arm-none-eabi/lib/thumb/v7e-m+fp/hard/libc_nano.a(libc_a-reent.o)
[...]
Memory Configuration

Name             Origin             Length             Attributes
RAM              0x20000000         0x00020000         xrw
FLASH            0x08000000         0x00080000         xr
*default*        0x00000000         0xffffffff

Linker script and memory map

LOAD /opt/ST/STM32CubeCLT_1.16.0/GNU-tools-for-STM32/bin/../lib/gcc/arm-none-eabi/12.3.1/thumb/v7e-m+fp/hard/crti.o
LOAD /opt/ST/STM32CubeCLT_1.16.0/GNU-tools-for-STM32/bin/../lib/gcc/arm-none-eabi/12.3.1/thumb/v7e-m+fp/hard/crtbegin.o
LOAD /opt/ST/STM32CubeCLT_1.16.0/GNU-tools-for-STM32/bin/../lib/gcc/arm-none-eabi/12.3.1/../../../../arm-none-eabi/lib/thumb/v7e-m+fp/hard/crt0.o
LOAD build/main.o
LOAD build/gpio.o
LOAD build/adc.o
LOAD build/tim.o
LOAD build/stm32f4xx_it.o
LOAD build/stm32f4xx_hal_msp.o
LOAD build/stm32f4xx_hal_adc.o
LOAD build/stm32f4xx_hal_adc_ex.o
LOAD build/stm32f4xx_ll_adc.o
LOAD build/stm32f4xx_hal_rcc.o
LOAD build/stm32f4xx_hal_rcc_ex.o
LOAD build/stm32f4xx_hal_flash.o
LOAD build/stm32f4xx_hal_flash_ex.o
LOAD build/stm32f4xx_hal_flash_ramfunc.o
LOAD build/stm32f4xx_hal_gpio.o
LOAD build/stm32f4xx_hal_dma_ex.o
LOAD build/stm32f4xx_hal_dma.o
LOAD build/stm32f4xx_hal_pwr.o
LOAD build/stm32f4xx_hal_pwr_ex.o
LOAD build/stm32f4xx_hal_cortex.o
LOAD build/stm32f4xx_hal.o
LOAD build/stm32f4xx_hal_exti.o
LOAD build/stm32f4xx_hal_tim.o
LOAD build/stm32f4xx_hal_tim_ex.o
LOAD build/system_stm32f4xx.o
LOAD build/sysmem.o
LOAD build/syscalls.o
LOAD build/dma.o
LOAD build/usart.o
LOAD build/stm32f4xx_hal_uart.o
LOAD build/startup_stm32f446xx.o
LOAD build/app.o
LOAD build/Button.o
LOAD build/MovingAve.o
LOAD build/MyMath.o
LOAD build/Timer.o
LOAD build/pid.o
LOAD build/dribbler_drive.o
LOAD build/motor_drive.o
LOAD build/robot.o
LOAD /opt/ST/STM32CubeCLT_1.16.0/GNU-tools-for-STM32/bin/../lib/gcc/arm-none-eabi/12.3.1/../../../../arm-none-eabi/lib/thumb/v7e-m+fp/hard/libc_nano.a
LOAD /opt/ST/STM32CubeCLT_1.16.0/GNU-tools-for-STM32/bin/../lib/gcc/arm-none-eabi/12.3.1/../../../../arm-none-eabi/lib/thumb/v7e-m+fp/hard/libm.a
LOAD /opt/ST/STM32CubeCLT_1.16.0/GNU-tools-for-STM32/bin/../lib/gcc/arm-none-eabi/12.3.1/../../../../arm-none-eabi/lib/thumb/v7e-m+fp/hard/libnosys.a
LOAD /opt/ST/STM32CubeCLT_1.16.0/GNU-tools-for-STM32/bin/../lib/gcc/arm-none-eabi/12.3.1/../../../../arm-none-eabi/lib/thumb/v7e-m+fp/hard/libstdc++_nano.a
LOAD /opt/ST/STM32CubeCLT_1.16.0/GNU-tools-for-STM32/bin/../lib/gcc/arm-none-eabi/12.3.1/../../../../arm-none-eabi/lib/thumb/v7e-m+fp/hard/libsupc++_nano.a
LOAD /opt/ST/STM32CubeCLT_1.16.0/GNU-tools-for-STM32/bin/../lib/gcc/arm-none-eabi/12.3.1/thumb/v7e-m+fp/hard/libgcc.a
START GROUP
LOAD /opt/ST/STM32CubeCLT_1.16.0/GNU-tools-for-STM32/bin/../lib/gcc/arm-none-eabi/12.3.1/thumb/v7e-m+fp/hard/libgcc.a
LOAD /opt/ST/STM32CubeCLT_1.16.0/GNU-tools-for-STM32/bin/../lib/gcc/arm-none-eabi/12.3.1/../../../../arm-none-eabi/lib/thumb/v7e-m+fp/hard/libc_nano.a
END GROUP
START GROUP
LOAD /opt/ST/STM32CubeCLT_1.16.0/GNU-tools-for-STM32/bin/../lib/gcc/arm-none-eabi/12.3.1/thumb/v7e-m+fp/hard/libgcc.a
LOAD /opt/ST/STM32CubeCLT_1.16.0/GNU-tools-for-STM32/bin/../lib/gcc/arm-none-eabi/12.3.1/../../../../arm-none-eabi/lib/thumb/v7e-m+fp/hard/libc_nano.a
END GROUP
LOAD /opt/ST/STM32CubeCLT_1.16.0/GNU-tools-for-STM32/bin/../lib/gcc/arm-none-eabi/12.3.1/thumb/v7e-m+fp/hard/crtend.o
LOAD /opt/ST/STM32CubeCLT_1.16.0/GNU-tools-for-STM32/bin/../lib/gcc/arm-none-eabi/12.3.1/thumb/v7e-m+fp/hard/crtn.o
                0x20020000                        _estack = (ORIGIN (RAM) + LENGTH (RAM))
                0x00000200                        _Min_Heap_Size = 0x200
                0x00000400                        _Min_Stack_Size = 0x400

.isr_vector     0x08000000      0x1c4
                0x08000000                        . = ALIGN (0x4)
 *(.isr_vector)
 .isr_vector    0x08000000      0x1c4 build/startup_stm32f446xx.o
                0x08000000                g_pfnVectors
                0x080001c4                        . = ALIGN (0x4)

.text           0x080001c8     0x5758
                0x080001c8                        . = ALIGN (0x4)
 *(.text)
 .text          0x080001c8       0x40 /opt/ST/STM32CubeCLT_1.16.0/GNU-tools-for-STM32/bin/../lib/gcc/arm-none-eabi/12.3.1/thumb/v7e-m+fp/hard/crtbegin.o
 .text          0x08000208      0x378 /opt/ST/STM32CubeCLT_1.16.0/GNU-tools-for-STM32/bin/../lib/gcc/arm-none-eabi/12.3.1/thumb/v7e-m+fp/hard/libgcc.a(_arm_addsubdf3.o)
                0x08000208                __aeabi_drsub
                0x08000210                __subdf3
                0x08000210                __aeabi_dsub
                0x08000214                __aeabi_dadd
                0x08000214                __adddf3
                0x0800048c                __aeabi_ui2d
                0x0800048c                __floatunsidf
                0x080004ac                __floatsidf
                0x080004ac                __aeabi_i2d
                0x080004d0                __extendsfdf2
                0x080004d0                __aeabi_f2d
                0x08000514                __aeabi_ul2d
                0x08000514                __floatundidf
                0x08000524                __aeabi_l2d
                0x08000524                __floatdidf
 .text          0x08000580      0x424 /opt/ST/STM32CubeCLT_1.16.0/GNU-tools-for-STM32/bin/../lib/gcc/arm-none-eabi/12.3.1/thumb/v7e-m+fp/hard/libgcc.a(_arm_muldivdf3.o)
                0x08000580                __aeabi_dmul
                0x08000580                __muldf3
                0x080007d4                __aeabi_ddiv
                0x080007d4                __divdf3
 .text          0x080009a4       0x50 /opt/ST/STM32CubeCLT_1.16.0/GNU-tools-for-STM32/bin/../lib/gcc/arm-none-eabi/12.3.1/thumb/v7e-m+fp/hard/libgcc.a(_arm_fixdfsi.o)
                0x080009a4                __fixdfsi
                0x080009a4                __aeabi_d2iz
 .text          0x080009f4       0x30 /opt/ST/STM32CubeCLT_1.16.0/GNU-tools-for-STM32/bin/../lib/gcc/arm-none-eabi/12.3.1/thumb/v7e-m+fp/hard/libgcc.a(_aeabi_uldivmod.o)
                0x080009f4                __aeabi_uldivmod
 .text          0x08000a24      0x2bc /opt/ST/STM32CubeCLT_1.16.0/GNU-tools-for-STM32/bin/../lib/gcc/arm-none-eabi/12.3.1/thumb/v7e-m+fp/hard/libgcc.a(_udivmoddi4.o)
                0x08000a24                __udivmoddi4
 .text          0x08000ce0      0x9f4 /opt/ST/STM32CubeCLT_1.16.0/GNU-tools-for-STM32/bin/../lib/gcc/arm-none-eabi/12.3.1/thumb/v7e-m+fp/hard/libgcc.a(unwind-arm.o)
                0x08000f90                _Unwind_GetCFA
                0x08000f94                __gnu_Unwind_RaiseException
                0x08000ffc                __gnu_Unwind_ForcedUnwind
                0x0800100c                __gnu_Unwind_Resume
                0x08001050                __gnu_Unwind_Resume_or_Rethrow
                0x08001060                _Unwind_Complete
                0x08001064                _Unwind_DeleteException
                0x08001070                _Unwind_VRS_Get
                0x080010bc                _Unwind_VRS_Set
                0x08001104                __gnu_Unwind_Backtrace
                0x08001420                __aeabi_unwind_cpp_pr0
                0x08001424                __aeabi_unwind_cpp_pr1
                0x08001428                __aeabi_unwind_cpp_pr2
                0x0800142c                _Unwind_VRS_Pop
 .text          0x080016d4      0x1ac /opt/ST/STM32CubeCLT_1.16.0/GNU-tools-for-STM32/bin/../lib/gcc/arm-none-eabi/12.3.1/thumb/v7e-m+fp/hard/libgcc.a(libunwind.o)
                0x080016d4                __restore_core_regs
                0x080016d4                restore_core_regs
                0x080016ec                __gnu_Unwind_Restore_VFP
                0x080016f4                __gnu_Unwind_Save_VFP
                0x080016fc                __gnu_Unwind_Restore_VFP_D
                0x08001704                __gnu_Unwind_Save_VFP_D
                0x0800170c                __gnu_Unwind_Restore_VFP_D_16_to_31
                0x08001714                __gnu_Unwind_Save_VFP_D_16_to_31
                0x0800171c                __gnu_Unwind_Restore_WMMXD
                0x08001760                __gnu_Unwind_Save_WMMXD
                0x080017a4                __gnu_Unwind_Restore_WMMXC
                0x080017b8                __gnu_Unwind_Save_WMMXC
                0x080017cc                _Unwind_RaiseException
                0x080017cc                ___Unwind_RaiseException
                0x080017f0                ___Unwind_Resume
                0x080017f0                _Unwind_Resume
                0x08001814                ___Unwind_Resume_or_Rethrow
                0x08001814                _Unwind_Resume_or_Rethrow
                0x08001838                _Unwind_ForcedUnwind
                0x08001838                ___Unwind_ForcedUnwind
                0x0800185c                _Unwind_Backtrace
                0x0800185c                ___Unwind_Backtrace
 .text          0x08001880      0x378 /opt/ST/STM32CubeCLT_1.16.0/GNU-tools-for-STM32/bin/../lib/gcc/arm-none-eabi/12.3.1/thumb/v7e-m+fp/hard/libgcc.a(pr-support.o)
                0x080018d8                __gnu_unwind_execute
                0x08001bac                __gnu_unwind_frame
                0x08001bd8                _Unwind_GetRegionStart
                0x08001be4                _Unwind_GetLanguageSpecificData
 .text          0x08001bf8        0x4 /opt/ST/STM32CubeCLT_1.16.0/GNU-tools-for-STM32/bin/../lib/gcc/arm-none-eabi/12.3.1/thumb/v7e-m+fp/hard/libgcc.a(_dvmd_tls.o)
                0x08001bf8                __aeabi_ldiv0
                0x08001bf8                __aeabi_idiv0
 *(.text*)
 .text.HAL_TIM_PeriodElapsedCallback
                0x08001bfc       0x14 build/main.o
                0x08001bfc                HAL_TIM_PeriodElapsedCallback
 .text.Error_Handler
                0x08001c10        0x4 build/main.o
                0x08001c10                Error_Handler
 .text.SystemClock_Config
                0x08001c14       0xac build/main.o
                0x08001c14                SystemClock_Config
 .text.main     0x08001cc0       0x48 build/main.o
                0x08001cc0                main
 .text.MX_GPIO_Init
                0x08001d08      0x120 build/gpio.o
                0x08001d08                MX_GPIO_Init
 .text.MX_ADC1_Init
                0x08001e28       0x6c build/adc.o
                0x08001e28                MX_ADC1_Init
 .text.HAL_ADC_MspInit
                0x08001e94       0x68 build/adc.o
                0x08001e94                HAL_ADC_MspInit
 .text.MX_TIM10_Init
                0x08001efc       0x30 build/tim.o
                0x08001efc                MX_TIM10_Init
 .text.HAL_TIM_PWM_MspInit
                0x08001f2c       0x98 build/tim.o
                0x08001f2c                HAL_TIM_PWM_MspInit
 .text.HAL_TIM_Base_MspInit
                0x08001fc4       0x68 build/tim.o
                0x08001fc4                HAL_TIM_Base_MspInit
 .text.HAL_TIM_MspPostInit
                0x0800202c      0x168 build/tim.o
                0x0800202c                HAL_TIM_MspPostInit
 .text.MX_TIM2_Init
                0x08002194       0xb8 build/tim.o
                0x08002194                MX_TIM2_Init
 .text.MX_TIM3_Init
                0x0800224c       0xa8 build/tim.o
                0x0800224c                MX_TIM3_Init
 .text.MX_TIM4_Init
                0x080022f4       0xa8 build/tim.o
                0x080022f4                MX_TIM4_Init
 .text.MX_TIM12_Init
                0x0800239c       0x7c build/tim.o
                0x0800239c                MX_TIM12_Init
 .text.MX_TIM13_Init
                0x08002418       0x74 build/tim.o
                0x08002418                MX_TIM13_Init
 .text.NMI_Handler
                0x0800248c        0x2 build/stm32f4xx_it.o
                0x0800248c                NMI_Handler
 .text.HardFault_Handler
                0x0800248e        0x2 build/stm32f4xx_it.o
                0x0800248e                HardFault_Handler
 .text.MemManage_Handler
                0x08002490        0x2 build/stm32f4xx_it.o
                0x08002490                MemManage_Handler
 .text.BusFault_Handler
                0x08002492        0x2 build/stm32f4xx_it.o
                0x08002492                BusFault_Handler
 .text.UsageFault_Handler
                0x08002494        0x2 build/stm32f4xx_it.o
                0x08002494                UsageFault_Handler
 .text.SVC_Handler
                0x08002496        0x2 build/stm32f4xx_it.o
                0x08002496                SVC_Handler
 .text.DebugMon_Handler
                0x08002498        0x2 build/stm32f4xx_it.o
                0x08002498                DebugMon_Handler
 .text.PendSV_Handler
                0x0800249a        0x2 build/stm32f4xx_it.o
                0x0800249a                PendSV_Handler
 .text.SysTick_Handler
                0x0800249c        0x8 build/stm32f4xx_it.o
                0x0800249c                SysTick_Handler
 .text.TIM1_UP_TIM10_IRQHandler
                0x080024a4       0x10 build/stm32f4xx_it.o
                0x080024a4                TIM1_UP_TIM10_IRQHandler
 .text.USART1_IRQHandler
                0x080024b4       0x10 build/stm32f4xx_it.o
                0x080024b4                USART1_IRQHandler
 .text.DMA2_Stream2_IRQHandler
                0x080024c4       0x10 build/stm32f4xx_it.o
                0x080024c4                DMA2_Stream2_IRQHandler
 .text.DMA2_Stream7_IRQHandler
                0x080024d4       0x10 build/stm32f4xx_it.o
                0x080024d4                DMA2_Stream7_IRQHandler
 .text.HAL_MspInit
                0x080024e4       0x38 build/stm32f4xx_hal_msp.o
                0x080024e4                HAL_MspInit
 .text.ADC_Init
                0x0800251c      0x134 build/stm32f4xx_hal_adc.o
 .text.HAL_ADC_Init
                0x08002650       0x56 build/stm32f4xx_hal_adc.o
                0x08002650                HAL_ADC_Init
 *fill*         0x080026a6        0x2 
 .text.HAL_ADC_ConfigChannel
                0x080026a8      0x1ac build/stm32f4xx_hal_adc.o
                0x080026a8                HAL_ADC_ConfigChannel
 .text.HAL_RCC_ClockConfig
                0x08002854      0x160 build/stm32f4xx_hal_rcc.o
                0x08002854                HAL_RCC_ClockConfig
 .text.HAL_RCC_GetHCLKFreq
                0x080029b4        0xc build/stm32f4xx_hal_rcc.o
                0x080029b4                HAL_RCC_GetHCLKFreq
 .text.HAL_RCC_GetPCLK1Freq
                0x080029c0       0x20 build/stm32f4xx_hal_rcc.o
                0x080029c0                HAL_RCC_GetPCLK1Freq
 .text.HAL_RCC_GetPCLK2Freq
                0x080029e0       0x20 build/stm32f4xx_hal_rcc.o
                0x080029e0                HAL_RCC_GetPCLK2Freq
 .text.HAL_RCC_GetSysClockFreq
                0x08002a00      0x128 build/stm32f4xx_hal_rcc_ex.o
                0x08002a00                HAL_RCC_GetSysClockFreq
 .text.HAL_RCC_OscConfig
                0x08002b28      0x444 build/stm32f4xx_hal_rcc_ex.o
                0x08002b28                HAL_RCC_OscConfig
 .text.HAL_GPIO_Init
                0x08002f6c      0x1e0 build/stm32f4xx_hal_gpio.o
                0x08002f6c                HAL_GPIO_Init
 .text.HAL_GPIO_WritePin
                0x0800314c        0xc build/stm32f4xx_hal_gpio.o
                0x0800314c                HAL_GPIO_WritePin
 .text.DMA_SetConfig
                0x08003158       0x2c build/stm32f4xx_hal_dma.o
 .text.DMA_CalcBaseAndBitshift
                0x08003184       0x44 build/stm32f4xx_hal_dma.o
 .text.DMA_CheckFifoParam
                0x080031c8       0x8e build/stm32f4xx_hal_dma.o
 *fill*         0x08003256        0x2 
 .text.HAL_DMA_Init
                0x08003258       0xcc build/stm32f4xx_hal_dma.o
                0x08003258                HAL_DMA_Init
 .text.HAL_DMA_Start_IT
                0x08003324       0x6a build/stm32f4xx_hal_dma.o
                0x08003324                HAL_DMA_Start_IT
 .text.HAL_DMA_Abort
                0x0800338e       0x94 build/stm32f4xx_hal_dma.o
                0x0800338e                HAL_DMA_Abort
 .text.HAL_DMA_Abort_IT
                0x08003422       0x26 build/stm32f4xx_hal_dma.o
                0x08003422                HAL_DMA_Abort_IT
 .text.HAL_DMA_IRQHandler
                0x08003448      0x1dc build/stm32f4xx_hal_dma.o
                0x08003448                HAL_DMA_IRQHandler
 .text.HAL_PWREx_EnableOverDrive
                0x08003624       0x7c build/stm32f4xx_hal_pwr_ex.o
                0x08003624                HAL_PWREx_EnableOverDrive
 .text.__NVIC_EnableIRQ
                0x080036a0       0x1c build/stm32f4xx_hal_cortex.o
 .text.__NVIC_SetPriority
                0x080036bc       0x28 build/stm32f4xx_hal_cortex.o
 .text.NVIC_EncodePriority
                0x080036e4       0x3e build/stm32f4xx_hal_cortex.o
 *fill*         0x08003722        0x2 
 .text.HAL_NVIC_SetPriorityGrouping
                0x08003724       0x24 build/stm32f4xx_hal_cortex.o
                0x08003724                HAL_NVIC_SetPriorityGrouping
 .text.HAL_NVIC_SetPriority
                0x08003748       0x20 build/stm32f4xx_hal_cortex.o
                0x08003748                HAL_NVIC_SetPriority
 .text.HAL_NVIC_EnableIRQ
                0x08003768        0x8 build/stm32f4xx_hal_cortex.o
                0x08003768                HAL_NVIC_EnableIRQ
 .text.HAL_SYSTICK_Config
                0x08003770       0x28 build/stm32f4xx_hal_cortex.o
                0x08003770                HAL_SYSTICK_Config
 .text.HAL_InitTick
                0x08003798       0x4c build/stm32f4xx_hal.o
                0x08003798                HAL_InitTick
 .text.HAL_Init
                0x080037e4       0x34 build/stm32f4xx_hal.o
                0x080037e4                HAL_Init
 .text.HAL_IncTick
                0x08003818       0x18 build/stm32f4xx_hal.o
                0x08003818                HAL_IncTick
 .text.HAL_GetTick
                0x08003830        0xc build/stm32f4xx_hal.o
                0x08003830                HAL_GetTick
 .text.HAL_Delay
                0x0800383c       0x28 build/stm32f4xx_hal.o
                0x0800383c                HAL_Delay
 .text.TIM_OC1_SetConfig
                0x08003864       0x70 build/stm32f4xx_hal_tim.o
 .text.TIM_OC3_SetConfig
                0x080038d4       0x70 build/stm32f4xx_hal_tim.o
 .text.TIM_OC4_SetConfig
                0x08003944       0x50 build/stm32f4xx_hal_tim.o
 .text.HAL_TIM_Base_Start_IT
                0x08003994       0x88 build/stm32f4xx_hal_tim.o
                0x08003994                HAL_TIM_Base_Start_IT
 .text.HAL_TIM_OC_DelayElapsedCallback
                0x08003a1c        0x2 build/stm32f4xx_hal_tim.o
                0x08003a1c                HAL_TIM_OC_DelayElapsedCallback
 .text.HAL_TIM_IC_CaptureCallback
                0x08003a1e        0x2 build/stm32f4xx_hal_tim.o
                0x08003a1e                HAL_TIM_IC_CaptureCallback
 .text.HAL_TIM_PWM_PulseFinishedCallback
                0x08003a20        0x2 build/stm32f4xx_hal_tim.o
                0x08003a20                HAL_TIM_PWM_PulseFinishedCallback
 .text.HAL_TIM_TriggerCallback
                0x08003a22        0x2 build/stm32f4xx_hal_tim.o
                0x08003a22                HAL_TIM_TriggerCallback
 .text.HAL_TIM_IRQHandler
                0x08003a24      0x15e build/stm32f4xx_hal_tim.o
                0x08003a24                HAL_TIM_IRQHandler
 *fill*         0x08003b82        0x2 
 .text.TIM_Base_SetConfig
                0x08003b84       0xd8 build/stm32f4xx_hal_tim.o
                0x08003b84                TIM_Base_SetConfig
 .text.HAL_TIM_Base_Init
                0x08003c5c       0x58 build/stm32f4xx_hal_tim.o
                0x08003c5c                HAL_TIM_Base_Init
 .text.HAL_TIM_PWM_Init
                0x08003cb4       0x58 build/stm32f4xx_hal_tim.o
                0x08003cb4                HAL_TIM_PWM_Init
 .text.TIM_OC2_SetConfig
                0x08003d0c       0x70 build/stm32f4xx_hal_tim.o
                0x08003d0c                TIM_OC2_SetConfig
 .text.HAL_TIM_PWM_ConfigChannel
                0x08003d7c       0xdc build/stm32f4xx_hal_tim.o
                0x08003d7c                HAL_TIM_PWM_ConfigChannel
 .text.TIM_CCxChannelCmd
                0x08003e58       0x1e build/stm32f4xx_hal_tim.o
                0x08003e58                TIM_CCxChannelCmd
 *fill*         0x08003e76        0x2 
 .text.HAL_TIM_PWM_Start
                0x08003e78      0x104 build/stm32f4xx_hal_tim.o
                0x08003e78                HAL_TIM_PWM_Start
 .text.HAL_TIMEx_MasterConfigSynchronization
                0x08003f7c       0x8c build/stm32f4xx_hal_tim_ex.o
                0x08003f7c                HAL_TIMEx_MasterConfigSynchronization
 .text.HAL_TIMEx_CommutCallback
                0x08004008        0x2 build/stm32f4xx_hal_tim_ex.o
                0x08004008                HAL_TIMEx_CommutCallback
 .text.HAL_TIMEx_BreakCallback
                0x0800400a        0x2 build/stm32f4xx_hal_tim_ex.o
                0x0800400a                HAL_TIMEx_BreakCallback
 .text.SystemInit
                0x0800400c       0x14 build/system_stm32f4xx.o
                0x0800400c                SystemInit
 .text._sbrk    0x08004020       0x48 build/sysmem.o
                0x08004020                _sbrk
 .text._getpid  0x08004068        0x4 build/syscalls.o
                0x08004068                _getpid
 .text._kill    0x0800406c       0x10 build/syscalls.o
                0x0800406c                _kill
 .text._exit    0x0800407c        0xc build/syscalls.o
                0x0800407c                _exit
 .text.MX_DMA_Init
                0x08004088       0x44 build/dma.o
                0x08004088                MX_DMA_Init
 .text.MX_USART1_UART_Init
                0x080040cc       0x34 build/usart.o
                0x080040cc                MX_USART1_UART_Init
 .text.HAL_UART_MspInit
                0x08004100      0x104 build/usart.o
                0x08004100                HAL_UART_MspInit
 .text.UART_EndTxTransfer
                0x08004204       0x20 build/stm32f4xx_hal_uart.o
 .text.UART_EndRxTransfer
                0x08004224       0x5c build/stm32f4xx_hal_uart.o
 .text.UART_Transmit_IT
                0x08004280       0x60 build/stm32f4xx_hal_uart.o
 .text.UART_SetConfig
                0x080042e0      0x110 build/stm32f4xx_hal_uart.o
 .text.HAL_UART_Init
                0x080043f0       0x60 build/stm32f4xx_hal_uart.o
                0x080043f0                HAL_UART_Init
 .text.HAL_UART_TxCpltCallback
                0x08004450        0x2 build/stm32f4xx_hal_uart.o
                0x08004450                HAL_UART_TxCpltCallback
 .text.UART_EndTransmit_IT
                0x08004452       0x1a build/stm32f4xx_hal_uart.o
 .text.HAL_UART_RxCpltCallback
                0x0800446c        0x2 build/stm32f4xx_hal_uart.o
                0x0800446c                HAL_UART_RxCpltCallback
 .text.HAL_UART_RxHalfCpltCallback
                0x0800446e        0x2 build/stm32f4xx_hal_uart.o
                0x0800446e                HAL_UART_RxHalfCpltCallback
 .text.HAL_UART_ErrorCallback
                0x08004470        0x2 build/stm32f4xx_hal_uart.o
                0x08004470                HAL_UART_ErrorCallback
 .text.UART_DMAError
                0x08004472       0x58 build/stm32f4xx_hal_uart.o
 .text.UART_DMAAbortOnError
                0x080044ca       0x10 build/stm32f4xx_hal_uart.o
 .text.HAL_UARTEx_RxEventCallback
                0x080044da        0x2 build/stm32f4xx_hal_uart.o
                0x080044da                HAL_UARTEx_RxEventCallback
 .text.UART_Receive_IT
                0x080044dc       0xe6 build/stm32f4xx_hal_uart.o
 *fill*         0x080045c2        0x2 
 .text.HAL_UART_IRQHandler
                0x080045c4      0x284 build/stm32f4xx_hal_uart.o
                0x080045c4                HAL_UART_IRQHandler
 .text.UART_DMARxHalfCplt
                0x08004848       0x1e build/stm32f4xx_hal_uart.o
 .text.UART_DMAReceiveCplt
                0x08004866       0x9a build/stm32f4xx_hal_uart.o
 .text.UART_Start_Receive_DMA
                0x08004900       0xa4 build/stm32f4xx_hal_uart.o
                0x08004900                UART_Start_Receive_DMA
 .text.HAL_UART_Receive_DMA
                0x080049a4       0x26 build/stm32f4xx_hal_uart.o
                0x080049a4                HAL_UART_Receive_DMA
 *fill*         0x080049ca        0x2 
 .text.Reset_Handler
                0x080049cc       0x50 build/startup_stm32f446xx.o
                0x080049cc                Reset_Handler
 .text.Default_Handler
                0x08004a1c        0x2 build/startup_stm32f446xx.o
                0x08004a1c                DMA1_Stream3_IRQHandler
                0x08004a1c                EXTI2_IRQHandler
                0x08004a1c                TIM8_CC_IRQHandler
                0x08004a1c                FMPI2C1_EV_IRQHandler
                0x08004a1c                SPI4_IRQHandler
                0x08004a1c                TIM1_CC_IRQHandler
                0x08004a1c                DMA2_Stream5_IRQHandler
                0x08004a1c                DMA1_Stream5_IRQHandler
                0x08004a1c                PVD_IRQHandler
                0x08004a1c                SDIO_IRQHandler
                0x08004a1c                TAMP_STAMP_IRQHandler
                0x08004a1c                CAN2_RX1_IRQHandler
                0x08004a1c                EXTI3_IRQHandler
                0x08004a1c                TIM8_TRG_COM_TIM14_IRQHandler
                0x08004a1c                TIM8_UP_TIM13_IRQHandler
                0x08004a1c                I2C3_ER_IRQHandler
                0x08004a1c                EXTI0_IRQHandler
                0x08004a1c                I2C2_EV_IRQHandler
                0x08004a1c                DMA1_Stream2_IRQHandler
                0x08004a1c                CAN1_RX0_IRQHandler
                0x08004a1c                FPU_IRQHandler
                0x08004a1c                OTG_HS_WKUP_IRQHandler
                0x08004a1c                CAN2_SCE_IRQHandler
                0x08004a1c                SPI1_IRQHandler
                0x08004a1c                TIM6_DAC_IRQHandler
                0x08004a1c                TIM1_BRK_TIM9_IRQHandler
                0x08004a1c                DCMI_IRQHandler
                0x08004a1c                CAN2_RX0_IRQHandler
                0x08004a1c                DMA2_Stream3_IRQHandler
                0x08004a1c                SAI2_IRQHandler
                0x08004a1c                USART6_IRQHandler
                0x08004a1c                USART3_IRQHandler
                0x08004a1c                CAN1_RX1_IRQHandler
                0x08004a1c                UART5_IRQHandler
                0x08004a1c                DMA2_Stream0_IRQHandler
                0x08004a1c                TIM4_IRQHandler
                0x08004a1c                QUADSPI_IRQHandler
                0x08004a1c                I2C1_EV_IRQHandler
                0x08004a1c                DMA1_Stream6_IRQHandler
                0x08004a1c                DMA1_Stream1_IRQHandler
                0x08004a1c                UART4_IRQHandler
                0x08004a1c                TIM3_IRQHandler
                0x08004a1c                RCC_IRQHandler
                0x08004a1c                TIM8_BRK_TIM12_IRQHandler
                0x08004a1c                Default_Handler
                0x08004a1c                CEC_IRQHandler
                0x08004a1c                EXTI15_10_IRQHandler
                0x08004a1c                ADC_IRQHandler
                0x08004a1c                DMA1_Stream7_IRQHandler
                0x08004a1c                TIM7_IRQHandler
                0x08004a1c                CAN2_TX_IRQHandler
                0x08004a1c                TIM5_IRQHandler
                0x08004a1c                I2C3_EV_IRQHandler
                0x08004a1c                EXTI9_5_IRQHandler
                0x08004a1c                RTC_WKUP_IRQHandler
                0x08004a1c                SPDIF_RX_IRQHandler
                0x08004a1c                SPI2_IRQHandler
                0x08004a1c                OTG_HS_EP1_IN_IRQHandler
                0x08004a1c                DMA1_Stream0_IRQHandler
                0x08004a1c                CAN1_TX_IRQHandler
                0x08004a1c                FMPI2C1_ER_IRQHandler
                0x08004a1c                EXTI4_IRQHandler
                0x08004a1c                OTG_HS_EP1_OUT_IRQHandler
                0x08004a1c                WWDG_IRQHandler
                0x08004a1c                TIM2_IRQHandler
                0x08004a1c                OTG_FS_WKUP_IRQHandler
                0x08004a1c                TIM1_TRG_COM_TIM11_IRQHandler
                0x08004a1c                OTG_HS_IRQHandler
                0x08004a1c                EXTI1_IRQHandler
                0x08004a1c                USART2_IRQHandler
                0x08004a1c                I2C2_ER_IRQHandler
                0x08004a1c                DMA2_Stream1_IRQHandler
                0x08004a1c                CAN1_SCE_IRQHandler
                0x08004a1c                FLASH_IRQHandler
                0x08004a1c                DMA2_Stream4_IRQHandler
                0x08004a1c                OTG_FS_IRQHandler
                0x08004a1c                SPI3_IRQHandler
                0x08004a1c                DMA1_Stream4_IRQHandler
                0x08004a1c                I2C1_ER_IRQHandler
                0x08004a1c                FMC_IRQHandler
                0x08004a1c                DMA2_Stream6_IRQHandler
                0x08004a1c                SAI1_IRQHandler
                0x08004a1c                RTC_Alarm_IRQHandler
 *fill*         0x08004a1e        0x2 
 .text._Z41__static_initialization_and_destruction_0ii
                0x08004a20       0x20 build/app.o
 .text._ZN12PwmSingleOut5writeEf
                0x08004a40       0x98 build/app.o
                0x08004a40                PwmSingleOut::write(float)
 .text.TimInterrupt1khz
                0x08004ad8       0x88 build/app.o
                0x08004ad8                TimInterrupt1khz
 .text.setup    0x08004b60       0x10 build/app.o
                0x08004b60                setup
 .text.main_app
                0x08004b70       0x1c build/app.o
                0x08004b70                main_app
 .text._GLOBAL__sub_I_robot
                0x08004b8c        0xe build/app.o
 .text._ZN9MovingAve9SetLengthEh
                0x08004b9a        0x6 build/MovingAve.o
                0x08004b9a                MovingAve::SetLength(unsigned char)
 .text.normalizeDegrees
                0x08004ba0       0x28 build/MyMath.o
                0x08004ba0                normalizeDegrees
 .text.sinDeg   0x08004bc8       0x98 build/MyMath.o
                0x08004bc8                sinDeg
 .text._ZN5TimerC2Ev
                0x08004c60       0x20 build/Timer.o
                0x08004c60                Timer::Timer()
                0x08004c60                Timer::Timer()
 .text._ZN5Timer5resetEv
                0x08004c80        0xc build/Timer.o
                0x08004c80                Timer::reset()
 .text._ZN5Timer4readEv
                0x08004c8c       0x30 build/Timer.o
                0x08004c8c                Timer::read()
 .text._ZN3PIDC2Ev
                0x08004cbc        0xe build/pid.o
                0x08004cbc                PID::PID()
                0x08004cbc                PID::PID()
 .text._ZN3PID7SetGainEfff
                0x08004cca        0xe build/pid.o
                0x08004cca                PID::SetGain(float, float, float)
 .text._ZN3PID15SetSamplingFreqEt
                0x08004cd8       0x16 build/pid.o
                0x08004cd8                PID::SetSamplingFreq(unsigned short)
 .text._ZN3PID8SetLimitEt
                0x08004cee        0x4 build/pid.o
                0x08004cee                PID::SetLimit(unsigned short)
 .text._ZN3PID7ComputeEff
                0x08004cf2      0x110 build/pid.o
                0x08004cf2                PID::Compute(float, float)
 .text._ZN3PID3GetEv
                0x08004e02        0x6 build/pid.o
                0x08004e02                PID::Get()
 .text._ZN12PwmSingleOut4initEv
                0x08004e08       0x14 build/dribbler_drive.o
                0x08004e08                PwmSingleOut::init()
 *fill*         0x08004e1c        0x4 
 .text._ZN12PwmSingleOut5soundEtt
                0x08004e20       0xfc build/dribbler_drive.o
                0x08004e20                PwmSingleOut::sound(unsigned short, unsigned short)
 .text._ZN13DribblerDriveC2EP12PwmSingleOutS1_
                0x08004f1c       0x18 build/dribbler_drive.o
                0x08004f1c                DribblerDrive::DribblerDrive(PwmSingleOut*, PwmSingleOut*)
                0x08004f1c                DribblerDrive::DribblerDrive(PwmSingleOut*, PwmSingleOut*)
 .text._ZN13DribblerDrive15CheckConnectionEv
                0x08004f34       0x1e build/dribbler_drive.o
                0x08004f34                DribblerDrive::CheckConnection()
 *fill*         0x08004f52        0x2 
 .text._ZN10MotorDriveC2EP12PwmSingleOutS1_S1_S1_S1_S1_S1_S1_Ps
                0x08004f54       0x9c build/motor_drive.o
                0x08004f54                MotorDrive::MotorDrive(PwmSingleOut*, PwmSingleOut*, PwmSingleOut*, PwmSingleOut*, PwmSingleOut*, PwmSingleOut*, PwmSingleOut*, PwmSingleOut*, short*)
                0x08004f54                MotorDrive::MotorDrive(PwmSingleOut*, PwmSingleOut*, PwmSingleOut*, PwmSingleOut*, PwmSingleOut*, PwmSingleOut*, PwmSingleOut*, PwmSingleOut*, short*)
 .text._ZN10MotorDrive3RunEaaaa
                0x08004ff0      0x19c build/motor_drive.o
                0x08004ff0                MotorDrive::Run(signed char, signed char, signed char, signed char)
 .text._ZN10MotorDrive5DriveEsh
                0x0800518c      0x128 build/motor_drive.o
                0x0800518c                MotorDrive::Drive(short, unsigned char)
 .text._ZN10MotorDrive15CheckConnectionEv
                0x080052b4       0x66 build/motor_drive.o
                0x080052b4                MotorDrive::CheckConnection()
 .text._ZN14BufferedSerial4readEv
                0x0800531a       0x32 build/robot.o
                0x0800531a                BufferedSerial::read()
 .text._ZN5RobotC2Ev
                0x0800534c      0x144 build/robot.o
                0x0800534c                Robot::Robot()
                0x0800534c                Robot::Robot()
 .text._ZN5Robot12HardwareInitEv
                0x08005490       0xa8 build/robot.o
                0x08005490                Robot::HardwareInit()
 .text._ZN5Robot11RecvImuUartEv
                0x08005538       0xf0 build/robot.o
                0x08005538                Robot::RecvImuUart()
 .text.memset   0x08005628       0x10 /opt/ST/STM32CubeCLT_1.16.0/GNU-tools-for-STM32/bin/../lib/gcc/arm-none-eabi/12.3.1/../../../../arm-none-eabi/lib/thumb/v7e-m+fp/hard/libc_nano.a(libc_a-memset.o)
                0x08005628                memset
 .text.__errno  0x08005638        0xc /opt/ST/STM32CubeCLT_1.16.0/GNU-tools-for-STM32/bin/../lib/gcc/arm-none-eabi/12.3.1/../../../../arm-none-eabi/lib/thumb/v7e-m+fp/hard/libc_nano.a(libc_a-errno.o)
                0x08005638                __errno
 .text.__libc_init_array
                0x08005644       0x48 /opt/ST/STM32CubeCLT_1.16.0/GNU-tools-for-STM32/bin/../lib/gcc/arm-none-eabi/12.3.1/../../../../arm-none-eabi/lib/thumb/v7e-m+fp/hard/libc_nano.a(libc_a-init.o)
                0x08005644                __libc_init_array
 .text.__retarget_lock_acquire_recursive
                0x0800568c        0x2 /opt/ST/STM32CubeCLT_1.16.0/GNU-tools-for-STM32/bin/../lib/gcc/arm-none-eabi/12.3.1/../../../../arm-none-eabi/lib/thumb/v7e-m+fp/hard/libc_nano.a(libc_a-lock.o)
                0x0800568c                __retarget_lock_acquire_recursive
 .text.__retarget_lock_release_recursive
                0x0800568e        0x2 /opt/ST/STM32CubeCLT_1.16.0/GNU-tools-for-STM32/bin/../lib/gcc/arm-none-eabi/12.3.1/../../../../arm-none-eabi/lib/thumb/v7e-m+fp/hard/libc_nano.a(libc_a-lock.o)
                0x0800568e                __retarget_lock_release_recursive
 .text.sbrk_aligned
                0x08005690       0x44 /opt/ST/STM32CubeCLT_1.16.0/GNU-tools-for-STM32/bin/../lib/gcc/arm-none-eabi/12.3.1/../../../../arm-none-eabi/lib/thumb/v7e-m+fp/hard/libc_nano.a(libc_a-mallocr.o)
 .text._malloc_r
                0x080056d4      0x100 /opt/ST/STM32CubeCLT_1.16.0/GNU-tools-for-STM32/bin/../lib/gcc/arm-none-eabi/12.3.1/../../../../arm-none-eabi/lib/thumb/v7e-m+fp/hard/libc_nano.a(libc_a-mallocr.o)
                0x080056d4                _malloc_r
 .text.__malloc_lock
                0x080057d4        0xc /opt/ST/STM32CubeCLT_1.16.0/GNU-tools-for-STM32/bin/../lib/gcc/arm-none-eabi/12.3.1/../../../../arm-none-eabi/lib/thumb/v7e-m+fp/hard/libc_nano.a(libc_a-mlock.o)
                0x080057d4                __malloc_lock
 .text.__malloc_unlock
                0x080057e0        0xc /opt/ST/STM32CubeCLT_1.16.0/GNU-tools-for-STM32/bin/../lib/gcc/arm-none-eabi/12.3.1/../../../../arm-none-eabi/lib/thumb/v7e-m+fp/hard/libc_nano.a(libc_a-mlock.o)
                0x080057e0                __malloc_unlock
 .text._sbrk_r  0x080057ec       0x20 /opt/ST/STM32CubeCLT_1.16.0/GNU-tools-for-STM32/bin/../lib/gcc/arm-none-eabi/12.3.1/../../../../arm-none-eabi/lib/thumb/v7e-m+fp/hard/libc_nano.a(libc_a-sbrkr.o)
                0x080057ec                _sbrk_r
 .text._Znaj    0x0800580c        0x4 /opt/ST/STM32CubeCLT_1.16.0/GNU-tools-for-STM32/bin/../lib/gcc/arm-none-eabi/12.3.1/../../../../arm-none-eabi/lib/thumb/v7e-m+fp/hard/libstdc++_nano.a(new_opv.o)
                0x0800580c                operator new[](unsigned int)
 .text._Znwj    0x08005810       0x22 /opt/ST/STM32CubeCLT_1.16.0/GNU-tools-for-STM32/bin/../lib/gcc/arm-none-eabi/12.3.1/../../../../arm-none-eabi/lib/thumb/v7e-m+fp/hard/libstdc++_nano.a(new_op.o)
                0x08005810                operator new(unsigned int)
 *fill*         0x08005832        0x2 
 .text._ZSt15get_new_handlerv
                0x08005834       0x10 /opt/ST/STM32CubeCLT_1.16.0/GNU-tools-for-STM32/bin/../lib/gcc/arm-none-eabi/12.3.1/../../../../arm-none-eabi/lib/thumb/v7e-m+fp/hard/libstdc++_nano.a(new_handler.o)
                0x08005834                std::get_new_handler()
 .text.abort    0x08005844        0xe /opt/ST/STM32CubeCLT_1.16.0/GNU-tools-for-STM32/bin/../lib/gcc/arm-none-eabi/12.3.1/../../../../arm-none-eabi/lib/thumb/v7e-m+fp/hard/libc_nano.a(libc_a-abort.o)
                0x08005844                abort
 *fill*         0x08005852        0x2 
 .text.malloc   0x08005854       0x10 /opt/ST/STM32CubeCLT_1.16.0/GNU-tools-for-STM32/bin/../lib/gcc/arm-none-eabi/12.3.1/../../../../arm-none-eabi/lib/thumb/v7e-m+fp/hard/libc_nano.a(libc_a-malloc.o)
                0x08005854                malloc
 .text._raise_r
                0x08005864       0x50 /opt/ST/STM32CubeCLT_1.16.0/GNU-tools-for-STM32/bin/../lib/gcc/arm-none-eabi/12.3.1/../../../../arm-none-eabi/lib/thumb/v7e-m+fp/hard/libc_nano.a(libc_a-signal.o)
                0x08005864                _raise_r
 .text.raise    0x080058b4       0x10 /opt/ST/STM32CubeCLT_1.16.0/GNU-tools-for-STM32/bin/../lib/gcc/arm-none-eabi/12.3.1/../../../../arm-none-eabi/lib/thumb/v7e-m+fp/hard/libc_nano.a(libc_a-signal.o)
                0x080058b4                raise
 .text._kill_r  0x080058c4       0x24 /opt/ST/STM32CubeCLT_1.16.0/GNU-tools-for-STM32/bin/../lib/gcc/arm-none-eabi/12.3.1/../../../../arm-none-eabi/lib/thumb/v7e-m+fp/hard/libc_nano.a(libc_a-signalr.o)
                0x080058c4                _kill_r
 .text._getpid_r
                0x080058e8        0x4 /opt/ST/STM32CubeCLT_1.16.0/GNU-tools-for-STM32/bin/../lib/gcc/arm-none-eabi/12.3.1/../../../../arm-none-eabi/lib/thumb/v7e-m+fp/hard/libc_nano.a(libc_a-signalr.o)
                0x080058e8                _getpid_r
 .text.memcpy   0x080058ec       0x1c /opt/ST/STM32CubeCLT_1.16.0/GNU-tools-for-STM32/bin/../lib/gcc/arm-none-eabi/12.3.1/../../../../arm-none-eabi/lib/thumb/v7e-m+fp/hard/libc_nano.a(libc_a-memcpy-stub.o)
                0x080058ec                memcpy
 *(.glue_7)
 .glue_7        0x08005908        0x0 linker stubs
 *(.glue_7t)
 .glue_7t       0x08005908        0x0 linker stubs
 *(.eh_frame)
 .eh_frame      0x08005908        0x0 /opt/ST/STM32CubeCLT_1.16.0/GNU-tools-for-STM32/bin/../lib/gcc/arm-none-eabi/12.3.1/thumb/v7e-m+fp/hard/crtbegin.o
 *(.init)
 .init          0x08005908        0x4 /opt/ST/STM32CubeCLT_1.16.0/GNU-tools-for-STM32/bin/../lib/gcc/arm-none-eabi/12.3.1/thumb/v7e-m+fp/hard/crti.o
                0x08005908                _init
 .init          0x0800590c        0x8 /opt/ST/STM32CubeCLT_1.16.0/GNU-tools-for-STM32/bin/../lib/gcc/arm-none-eabi/12.3.1/thumb/v7e-m+fp/hard/crtn.o
 *(.fini)
 .fini          0x08005914        0x4 /opt/ST/STM32CubeCLT_1.16.0/GNU-tools-for-STM32/bin/../lib/gcc/arm-none-eabi/12.3.1/thumb/v7e-m+fp/hard/crti.o
                0x08005914                _fini
 .fini          0x08005918        0x8 /opt/ST/STM32CubeCLT_1.16.0/GNU-tools-for-STM32/bin/../lib/gcc/arm-none-eabi/12.3.1/thumb/v7e-m+fp/hard/crtn.o
                0x08005920                        . = ALIGN (0x4)
                0x08005920                        _etext = .

.vfp11_veneer   0x08005920        0x0
 .vfp11_veneer  0x08005920        0x0 linker stubs

.v4_bx          0x08005920        0x0
 .v4_bx         0x08005920        0x0 linker stubs

.iplt           0x08005920        0x0
 .iplt          0x08005920        0x0 /opt/ST/STM32CubeCLT_1.16.0/GNU-tools-for-STM32/bin/../lib/gcc/arm-none-eabi/12.3.1/thumb/v7e-m+fp/hard/crtbegin.o

.rodata         0x08005920      0x18c
                0x08005920                        . = ALIGN (0x4)
 *(.rodata)
 *(.rodata*)
 .rodata.flagBitshiftOffset.0
                0x08005920        0x8 build/stm32f4xx_hal_dma.o
 .rodata.APBPrescTable
                0x08005928        0x8 build/system_stm32f4xx.o
                0x08005928                APBPrescTable
 .rodata.AHBPrescTable
                0x08005930       0x10 build/system_stm32f4xx.o
                0x08005930                AHBPrescTable
 .rodata._ZL4_sin
                0x08005940      0x16c build/MyMath.o
                0x08005aac                        . = ALIGN (0x4)

.ARM.extab      0x08005aac       0x54
 *(.ARM.extab* .gnu.linkonce.armextab.*)
 .ARM.extab.text._ZN12PwmSingleOut5writeEf
                0x08005aac        0x0 build/app.o
 .ARM.extab.text.TimInterrupt1khz
                0x08005aac        0xc build/app.o
 .ARM.extab.text.setup
                0x08005ab8        0xc build/app.o
 .ARM.extab.text._ZN5Timer4readEv
                0x08005ac4        0xc build/Timer.o
 .ARM.extab.text._ZN3PID7ComputeEff
                0x08005ad0        0xc build/pid.o
 .ARM.extab.text._ZN12PwmSingleOut4initEv
                0x08005adc        0x0 build/dribbler_drive.o
 .ARM.extab.text._ZN12PwmSingleOut5soundEtt
                0x08005adc        0x0 build/dribbler_drive.o
 .ARM.extab.text._ZN10MotorDrive5DriveEsh
                0x08005adc        0xc build/motor_drive.o
 .ARM.extab.text._ZN14BufferedSerial4readEv
                0x08005ae8        0x0 build/robot.o
 .ARM.extab     0x08005ae8       0x18 /opt/ST/STM32CubeCLT_1.16.0/GNU-tools-for-STM32/bin/../lib/gcc/arm-none-eabi/12.3.1/thumb/v7e-m+fp/hard/libgcc.a(pr-support.o)

.ARM            0x08005b00      0x158
                0x08005b00                        __exidx_start = .
 *(.ARM.exidx*)
 .ARM.exidx     0x08005b00        0x8 /opt/ST/STM32CubeCLT_1.16.0/GNU-tools-for-STM32/bin/../lib/gcc/arm-none-eabi/12.3.1/thumb/v7e-m+fp/hard/libgcc.a(_udivmoddi4.o)
 .ARM.exidx     0x08005b08       0x78 /opt/ST/STM32CubeCLT_1.16.0/GNU-tools-for-STM32/bin/../lib/gcc/arm-none-eabi/12.3.1/thumb/v7e-m+fp/hard/libgcc.a(unwind-arm.o)
                                 0xd8 (size before relaxing)
 .ARM.exidx     0x08005b80       0x38 /opt/ST/STM32CubeCLT_1.16.0/GNU-tools-for-STM32/bin/../lib/gcc/arm-none-eabi/12.3.1/thumb/v7e-m+fp/hard/libgcc.a(pr-support.o)
 .ARM.exidx.text._Z41__static_initialization_and_destruction_0ii
                0x08005bb8        0x0 build/app.o
                                  0x8 (size before relaxing)
 .ARM.exidx.text._ZN12PwmSingleOut5writeEf
                0x08005bb8        0x0 build/app.o
                                  0x8 (size before relaxing)
 .ARM.exidx.text.TimInterrupt1khz
                0x08005bb8        0x8 build/app.o
 .ARM.exidx.text.setup
                0x08005bc0        0x8 build/app.o
 .ARM.exidx.text.main_app
                0x08005bc8        0x8 build/app.o
 .ARM.exidx.text._GLOBAL__sub_I_robot
                0x08005bd0        0x8 build/app.o
 .ARM.exidx.text._ZN9MovingAve9SetLengthEh
                0x08005bd8        0x0 build/MovingAve.o
                                  0x8 (size before relaxing)
 .ARM.exidx.text.normalizeDegrees
                0x08005bd8        0x0 build/MyMath.o
                                  0x8 (size before relaxing)
 .ARM.exidx.text.sinDeg
                0x08005bd8        0x0 build/MyMath.o
                                  0x8 (size before relaxing)
 .ARM.exidx.text._ZN5TimerC2Ev
                0x08005bd8        0x0 build/Timer.o
                                  0x8 (size before relaxing)
 .ARM.exidx.text._ZN5Timer5resetEv
                0x08005bd8        0x0 build/Timer.o
                                  0x8 (size before relaxing)
 .ARM.exidx.text._ZN5Timer4readEv
                0x08005bd8        0x8 build/Timer.o
 .ARM.exidx.text._ZN3PIDC2Ev
                0x08005be0        0x8 build/pid.o
 .ARM.exidx.text._ZN3PID7SetGainEfff
                0x08005be8        0x8 build/pid.o
 .ARM.exidx.text._ZN3PID15SetSamplingFreqEt
                0x08005bf0        0x0 build/pid.o
                                  0x8 (size before relaxing)
 .ARM.exidx.text._ZN3PID8SetLimitEt
                0x08005bf0        0x0 build/pid.o
                                  0x8 (size before relaxing)
 .ARM.exidx.text._ZN3PID7ComputeEff
                0x08005bf0        0x8 build/pid.o
 .ARM.exidx.text._ZN3PID3GetEv
                0x08005bf8        0x8 build/pid.o
 .ARM.exidx.text._ZN12PwmSingleOut4initEv
                0x08005c00        0x8 build/dribbler_drive.o
 .ARM.exidx.text._ZN12PwmSingleOut5soundEtt
                0x08005c08        0x8 build/dribbler_drive.o
 .ARM.exidx.text._ZN13DribblerDriveC2EP12PwmSingleOutS1_
                0x08005c10        0x8 build/dribbler_drive.o
 .ARM.exidx.text._ZN13DribblerDrive15CheckConnectionEv
                0x08005c18        0x0 build/dribbler_drive.o
                                  0x8 (size before relaxing)
 .ARM.exidx.text._ZN10MotorDriveC2EP12PwmSingleOutS1_S1_S1_S1_S1_S1_S1_Ps
                0x08005c18        0x8 build/motor_drive.o
 .ARM.exidx.text._ZN10MotorDrive3RunEaaaa
                0x08005c20        0x8 build/motor_drive.o
 .ARM.exidx.text._ZN10MotorDrive5DriveEsh
                0x08005c28        0x8 build/motor_drive.o
 .ARM.exidx.text._ZN10MotorDrive15CheckConnectionEv
                0x08005c30        0x8 build/motor_drive.o
 .ARM.exidx.text._ZN14BufferedSerial4readEv
                0x08005c38        0x8 build/robot.o
 .ARM.exidx.text._ZN5RobotC2Ev
                0x08005c40        0x8 build/robot.o
 .ARM.exidx.text._ZN5Robot12HardwareInitEv
                0x08005c48        0x8 build/robot.o
 .ARM.exidx.text._ZN5Robot11RecvImuUartEv
                0x08005c50        0x8 build/robot.o
                0x08005c58                        __exidx_end = .

.rel.dyn        0x08005c58        0x0
 .rel.iplt      0x08005c58        0x0 /opt/ST/STM32CubeCLT_1.16.0/GNU-tools-for-STM32/bin/../lib/gcc/arm-none-eabi/12.3.1/thumb/v7e-m+fp/hard/crtbegin.o

.preinit_array  0x08005c58        0x0
                0x08005c58                        PROVIDE (__preinit_array_start = .)
 *(.preinit_array*)
                0x08005c58                        PROVIDE (__preinit_array_end = .)

.init_array     0x08005c58        0x8
                0x08005c58                        PROVIDE (__init_array_start = .)
 *(SORT_BY_NAME(.init_array.*))
 *(.init_array*)
 .init_array    0x08005c58        0x4 /opt/ST/STM32CubeCLT_1.16.0/GNU-tools-for-STM32/bin/../lib/gcc/arm-none-eabi/12.3.1/thumb/v7e-m+fp/hard/crtbegin.o
 .init_array    0x08005c5c        0x4 build/app.o
                0x08005c60                        PROVIDE (__init_array_end = .)

.fini_array     0x08005c60        0x4
                [!provide]                        PROVIDE (__fini_array_start = .)
 *(SORT_BY_NAME(.fini_array.*))
 *(.fini_array*)
 .fini_array    0x08005c60        0x4 /opt/ST/STM32CubeCLT_1.16.0/GNU-tools-for-STM32/bin/../lib/gcc/arm-none-eabi/12.3.1/thumb/v7e-m+fp/hard/crtbegin.o
                [!provide]                        PROVIDE (__fini_array_end = .)
                0x08005c64                        _sidata = LOADADDR (.data)

.data           0x20000000       0x5c load address 0x08005c64
                0x20000000                        . = ALIGN (0x4)
                0x20000000                        _sdata = .
 *(.data)
 *(.data*)
 .data.uwTickFreq
                0x20000000        0x1 build/stm32f4xx_hal.o
                0x20000000                uwTickFreq
 *fill*         0x20000001        0x3 
 .data.uwTickPrio
                0x20000004        0x4 build/stm32f4xx_hal.o
                0x20000004                uwTickPrio
 .data.SystemCoreClock
                0x20000008        0x4 build/system_stm32f4xx.o
                0x20000008                SystemCoreClock
 .data._impure_ptr
                0x2000000c        0x4 /opt/ST/STM32CubeCLT_1.16.0/GNU-tools-for-STM32/bin/../lib/gcc/arm-none-eabi/12.3.1/../../../../arm-none-eabi/lib/thumb/v7e-m+fp/hard/libc_nano.a(libc_a-impure.o)
                0x2000000c                _impure_ptr
 .data._impure_data
                0x20000010       0x4c /opt/ST/STM32CubeCLT_1.16.0/GNU-tools-for-STM32/bin/../lib/gcc/arm-none-eabi/12.3.1/../../../../arm-none-eabi/lib/thumb/v7e-m+fp/hard/libc_nano.a(libc_a-impure.o)
                0x20000010                _impure_data
                0x2000005c                        . = ALIGN (0x4)
                0x2000005c                        _edata = .

.igot.plt       0x2000005c        0x0 load address 0x08005cc0
 .igot.plt      0x2000005c        0x0 /opt/ST/STM32CubeCLT_1.16.0/GNU-tools-for-STM32/bin/../lib/gcc/arm-none-eabi/12.3.1/thumb/v7e-m+fp/hard/crtbegin.o
                0x2000005c                        . = ALIGN (0x4)

.bss            0x20000060     0x18cc load address 0x08005cc0
                0x20000060                        _sbss = .
                0x20000060                        __bss_start__ = _sbss
 *(.bss)
 .bss           0x20000060       0x1c /opt/ST/STM32CubeCLT_1.16.0/GNU-tools-for-STM32/bin/../lib/gcc/arm-none-eabi/12.3.1/thumb/v7e-m+fp/hard/crtbegin.o
 *(.bss*)
 .bss.hadc1     0x2000007c       0x48 build/adc.o
                0x2000007c                hadc1
 .bss.htim13    0x200000c4       0x48 build/tim.o
                0x200000c4                htim13
 .bss.htim12    0x2000010c       0x48 build/tim.o
                0x2000010c                htim12
 .bss.htim10    0x20000154       0x48 build/tim.o
                0x20000154                htim10
 .bss.htim4     0x2000019c       0x48 build/tim.o
                0x2000019c                htim4
 .bss.htim3     0x200001e4       0x48 build/tim.o
                0x200001e4                htim3
 .bss.htim2     0x2000022c       0x48 build/tim.o
                0x2000022c                htim2
 .bss.uwTick    0x20000274        0x4 build/stm32f4xx_hal.o
                0x20000274                uwTick
 .bss.__sbrk_heap_end
                0x20000278        0x4 build/sysmem.o
 .bss.hdma_usart1_tx
                0x2000027c       0x60 build/usart.o
                0x2000027c                hdma_usart1_tx
 .bss.hdma_usart1_rx
                0x200002dc       0x60 build/usart.o
                0x200002dc                hdma_usart1_rx
 .bss.huart1    0x2000033c       0x48 build/usart.o
                0x2000033c                huart1
 *fill*         0x20000384        0x4 
 .bss.robot     0x20000388     0x1448 build/app.o
                0x20000388                robot
 .bss._ZZN5Robot9heartBeatEvE1i
                0x200017d0        0x4 build/app.o
                0x200017d0                Robot::heartBeat()::i
 .bss._ZZN5Robot11RecvImuUartEvE9recv_byte
                0x200017d4        0x1 build/robot.o
 *fill*         0x200017d5        0x3 
 .bss._ZZN5Robot11RecvImuUartEvE9recv_data
                0x200017d8        0x6 build/robot.o
 .bss._ZZN5Robot11RecvImuUartEvE5index
                0x200017de        0x1 build/robot.o
 *fill*         0x200017df        0x1 
 .bss.__sf      0x200017e0      0x138 /opt/ST/STM32CubeCLT_1.16.0/GNU-tools-for-STM32/bin/../lib/gcc/arm-none-eabi/12.3.1/../../../../arm-none-eabi/lib/thumb/v7e-m+fp/hard/libc_nano.a(libc_a-findfp.o)
                0x200017e0                __sf
 .bss.__lock___malloc_recursive_mutex
                0x20001918        0x1 /opt/ST/STM32CubeCLT_1.16.0/GNU-tools-for-STM32/bin/../lib/gcc/arm-none-eabi/12.3.1/../../../../arm-none-eabi/lib/thumb/v7e-m+fp/hard/libc_nano.a(libc_a-lock.o)
                0x20001918                __lock___malloc_recursive_mutex
 *fill*         0x20001919        0x3 
 .bss.__malloc_sbrk_start
                0x2000191c        0x4 /opt/ST/STM32CubeCLT_1.16.0/GNU-tools-for-STM32/bin/../lib/gcc/arm-none-eabi/12.3.1/../../../../arm-none-eabi/lib/thumb/v7e-m+fp/hard/libc_nano.a(libc_a-mallocr.o)
                0x2000191c                __malloc_sbrk_start
 .bss.__malloc_free_list
                0x20001920        0x4 /opt/ST/STM32CubeCLT_1.16.0/GNU-tools-for-STM32/bin/../lib/gcc/arm-none-eabi/12.3.1/../../../../arm-none-eabi/lib/thumb/v7e-m+fp/hard/libc_nano.a(libc_a-mallocr.o)
                0x20001920                __malloc_free_list
 .bss.errno     0x20001924        0x4 /opt/ST/STM32CubeCLT_1.16.0/GNU-tools-for-STM32/bin/../lib/gcc/arm-none-eabi/12.3.1/../../../../arm-none-eabi/lib/thumb/v7e-m+fp/hard/libc_nano.a(libc_a-reent.o)
                0x20001924                errno
 .bss._ZN12_GLOBAL__N_113__new_handlerE
                0x20001928        0x4 /opt/ST/STM32CubeCLT_1.16.0/GNU-tools-for-STM32/bin/../lib/gcc/arm-none-eabi/12.3.1/../../../../arm-none-eabi/lib/thumb/v7e-m+fp/hard/libstdc++_nano.a(new_handler.o)
 *(COMMON)
                0x2000192c                        . = ALIGN (0x4)
                0x2000192c                        _ebss = .
                0x2000192c                        __bss_end__ = _ebss

._user_heap_stack
                0x2000192c      0x604 load address 0x08005cc0
                0x20001930                        . = ALIGN (0x8)
 *fill*         0x2000192c        0x4 
                [!provide]                        PROVIDE (end = .)
                0x20001930                        PROVIDE (_end = .)
                0x20001b30                        . = (. + _Min_Heap_Size)
 *fill*         0x20001930      0x200 
                0x20001f30                        . = (. + _Min_Stack_Size)
 *fill*         0x20001b30      0x400 
                0x20001f30                        . = ALIGN (0x8)

/DISCARD/
 libc.a(*)
 libm.a(*)
 libgcc.a(*)

.ARM.attributes
                0x00000000       0x30
 *(.ARM.attributes)
 .ARM.attributes
                0x00000000       0x22 /opt/ST/STM32CubeCLT_1.16.0/GNU-tools-for-STM32/bin/../lib/gcc/arm-none-eabi/12.3.1/thumb/v7e-m+fp/hard/crti.o
 .ARM.attributes
                0x00000022       0x34 /opt/ST/STM32CubeCLT_1.16.0/GNU-tools-for-STM32/bin/../lib/gcc/arm-none-eabi/12.3.1/thumb/v7e-m+fp/hard/crtbegin.o
 .ARM.attributes
                0x00000056       0x34 build/main.o
 .ARM.attributes
                0x0000008a       0x34 build/gpio.o
 .ARM.attributes
                0x000000be       0x34 build/adc.o
 .ARM.attributes
                0x000000f2       0x34 build/tim.o
 .ARM.attributes
                0x00000126       0x34 build/stm32f4xx_it.o
 .ARM.attributes
                0x0000015a       0x34 build/stm32f4xx_hal_msp.o
 .ARM.attributes
                0x0000018e       0x34 build/stm32f4xx_hal_adc.o
 .ARM.attributes
                0x000001c2       0x34 build/stm32f4xx_hal_rcc.o
 .ARM.attributes
                0x000001f6       0x34 build/stm32f4xx_hal_rcc_ex.o
 .ARM.attributes
                0x0000022a       0x34 build/stm32f4xx_hal_gpio.o
 .ARM.attributes
                0x0000025e       0x34 build/stm32f4xx_hal_dma.o
 .ARM.attributes
                0x00000292       0x34 build/stm32f4xx_hal_pwr_ex.o
 .ARM.attributes
                0x000002c6       0x34 build/stm32f4xx_hal_cortex.o
 .ARM.attributes
                0x000002fa       0x34 build/stm32f4xx_hal.o
 .ARM.attributes
                0x0000032e       0x34 build/stm32f4xx_hal_tim.o
 .ARM.attributes
                0x00000362       0x34 build/stm32f4xx_hal_tim_ex.o
 .ARM.attributes
                0x00000396       0x34 build/system_stm32f4xx.o
 .ARM.attributes
                0x000003ca       0x34 build/sysmem.o
 .ARM.attributes
                0x000003fe       0x34 build/syscalls.o
 .ARM.attributes
                0x00000432       0x34 build/dma.o
 .ARM.attributes
                0x00000466       0x34 build/usart.o
 .ARM.attributes
                0x0000049a       0x34 build/stm32f4xx_hal_uart.o
 .ARM.attributes
                0x000004ce       0x21 build/startup_stm32f446xx.o
 .ARM.attributes
                0x000004ef       0x34 build/app.o
 .ARM.attributes
                0x00000523       0x34 build/MovingAve.o
 .ARM.attributes
                0x00000557       0x34 build/MyMath.o
 .ARM.attributes
                0x0000058b       0x34 build/Timer.o
 .ARM.attributes
                0x000005bf       0x34 build/pid.o
 .ARM.attributes
                0x000005f3       0x34 build/dribbler_drive.o
 .ARM.attributes
                0x00000627       0x34 build/motor_drive.o
 .ARM.attributes
                0x0000065b       0x34 build/robot.o
 .ARM.attributes
                0x0000068f       0x34 /opt/ST/STM32CubeCLT_1.16.0/GNU-tools-for-STM32/bin/../lib/gcc/arm-none-eabi/12.3.1/../../../../arm-none-eabi/lib/thumb/v7e-m+fp/hard/libc_nano.a(libc_a-findfp.o)
 .ARM.attributes
                0x000006c3       0x34 /opt/ST/STM32CubeCLT_1.16.0/GNU-tools-for-STM32/bin/../lib/gcc/arm-none-eabi/12.3.1/../../../../arm-none-eabi/lib/thumb/v7e-m+fp/hard/libc_nano.a(libc_a-memset.o)
 .ARM.attributes
                0x000006f7       0x34 /opt/ST/STM32CubeCLT_1.16.0/GNU-tools-for-STM32/bin/../lib/gcc/arm-none-eabi/12.3.1/../../../../arm-none-eabi/lib/thumb/v7e-m+fp/hard/libc_nano.a(libc_a-impure.o)
 .ARM.attributes
                0x0000072b       0x34 /opt/ST/STM32CubeCLT_1.16.0/GNU-tools-for-STM32/bin/../lib/gcc/arm-none-eabi/12.3.1/../../../../arm-none-eabi/lib/thumb/v7e-m+fp/hard/libc_nano.a(libc_a-errno.o)
 .ARM.attributes
                0x0000075f       0x34 /opt/ST/STM32CubeCLT_1.16.0/GNU-tools-for-STM32/bin/../lib/gcc/arm-none-eabi/12.3.1/../../../../arm-none-eabi/lib/thumb/v7e-m+fp/hard/libc_nano.a(libc_a-init.o)
 .ARM.attributes
                0x00000793       0x34 /opt/ST/STM32CubeCLT_1.16.0/GNU-tools-for-STM32/bin/../lib/gcc/arm-none-eabi/12.3.1/../../../../arm-none-eabi/lib/thumb/v7e-m+fp/hard/libc_nano.a(libc_a-lock.o)
 .ARM.attributes
                0x000007c7       0x34 /opt/ST/STM32CubeCLT_1.16.0/GNU-tools-for-STM32/bin/../lib/gcc/arm-none-eabi/12.3.1/../../../../arm-none-eabi/lib/thumb/v7e-m+fp/hard/libc_nano.a(libc_a-mallocr.o)
 .ARM.attributes
                0x000007fb       0x34 /opt/ST/STM32CubeCLT_1.16.0/GNU-tools-for-STM32/bin/../lib/gcc/arm-none-eabi/12.3.1/../../../../arm-none-eabi/lib/thumb/v7e-m+fp/hard/libc_nano.a(libc_a-mlock.o)
 .ARM.attributes
                0x0000082f       0x34 /opt/ST/STM32CubeCLT_1.16.0/GNU-tools-for-STM32/bin/../lib/gcc/arm-none-eabi/12.3.1/../../../../arm-none-eabi/lib/thumb/v7e-m+fp/hard/libc_nano.a(libc_a-reent.o)
 .ARM.attributes
                0x00000863       0x34 /opt/ST/STM32CubeCLT_1.16.0/GNU-tools-for-STM32/bin/../lib/gcc/arm-none-eabi/12.3.1/../../../../arm-none-eabi/lib/thumb/v7e-m+fp/hard/libc_nano.a(libc_a-sbrkr.o)
 .ARM.attributes
                0x00000897       0x34 /opt/ST/STM32CubeCLT_1.16.0/GNU-tools-for-STM32/bin/../lib/gcc/arm-none-eabi/12.3.1/../../../../arm-none-eabi/lib/thumb/v7e-m+fp/hard/libstdc++_nano.a(new_opv.o)
 .ARM.attributes
                0x000008cb       0x34 /opt/ST/STM32CubeCLT_1.16.0/GNU-tools-for-STM32/bin/../lib/gcc/arm-none-eabi/12.3.1/../../../../arm-none-eabi/lib/thumb/v7e-m+fp/hard/libstdc++_nano.a(new_op.o)
 .ARM.attributes
                0x000008ff       0x34 /opt/ST/STM32CubeCLT_1.16.0/GNU-tools-for-STM32/bin/../lib/gcc/arm-none-eabi/12.3.1/../../../../arm-none-eabi/lib/thumb/v7e-m+fp/hard/libstdc++_nano.a(new_handler.o)
 .ARM.attributes
                0x00000933       0x22 /opt/ST/STM32CubeCLT_1.16.0/GNU-tools-for-STM32/bin/../lib/gcc/arm-none-eabi/12.3.1/thumb/v7e-m+fp/hard/libgcc.a(_arm_addsubdf3.o)
 .ARM.attributes
                0x00000955       0x22 /opt/ST/STM32CubeCLT_1.16.0/GNU-tools-for-STM32/bin/../lib/gcc/arm-none-eabi/12.3.1/thumb/v7e-m+fp/hard/libgcc.a(_arm_muldivdf3.o)
 .ARM.attributes
                0x00000977       0x22 /opt/ST/STM32CubeCLT_1.16.0/GNU-tools-for-STM32/bin/../lib/gcc/arm-none-eabi/12.3.1/thumb/v7e-m+fp/hard/libgcc.a(_arm_fixdfsi.o)
 .ARM.attributes
                0x00000999       0x22 /opt/ST/STM32CubeCLT_1.16.0/GNU-tools-for-STM32/bin/../lib/gcc/arm-none-eabi/12.3.1/thumb/v7e-m+fp/hard/libgcc.a(_aeabi_uldivmod.o)
 .ARM.attributes
                0x000009bb       0x34 /opt/ST/STM32CubeCLT_1.16.0/GNU-tools-for-STM32/bin/../lib/gcc/arm-none-eabi/12.3.1/thumb/v7e-m+fp/hard/libgcc.a(_udivmoddi4.o)
 .ARM.attributes
                0x000009ef       0x34 /opt/ST/STM32CubeCLT_1.16.0/GNU-tools-for-STM32/bin/../lib/gcc/arm-none-eabi/12.3.1/thumb/v7e-m+fp/hard/libgcc.a(unwind-arm.o)
 .ARM.attributes
                0x00000a23       0x22 /opt/ST/STM32CubeCLT_1.16.0/GNU-tools-for-STM32/bin/../lib/gcc/arm-none-eabi/12.3.1/thumb/v7e-m+fp/hard/libgcc.a(libunwind.o)
 .ARM.attributes
                0x00000a45       0x34 /opt/ST/STM32CubeCLT_1.16.0/GNU-tools-for-STM32/bin/../lib/gcc/arm-none-eabi/12.3.1/thumb/v7e-m+fp/hard/libgcc.a(pr-support.o)
 .ARM.attributes
                0x00000a79       0x22 /opt/ST/STM32CubeCLT_1.16.0/GNU-tools-for-STM32/bin/../lib/gcc/arm-none-eabi/12.3.1/thumb/v7e-m+fp/hard/libgcc.a(_dvmd_tls.o)
 .ARM.attributes
                0x00000a9b       0x34 /opt/ST/STM32CubeCLT_1.16.0/GNU-tools-for-STM32/bin/../lib/gcc/arm-none-eabi/12.3.1/../../../../arm-none-eabi/lib/thumb/v7e-m+fp/hard/libc_nano.a(libc_a-abort.o)
 .ARM.attributes
                0x00000acf       0x34 /opt/ST/STM32CubeCLT_1.16.0/GNU-tools-for-STM32/bin/../lib/gcc/arm-none-eabi/12.3.1/../../../../arm-none-eabi/lib/thumb/v7e-m+fp/hard/libc_nano.a(libc_a-malloc.o)
 .ARM.attributes
                0x00000b03       0x34 /opt/ST/STM32CubeCLT_1.16.0/GNU-tools-for-STM32/bin/../lib/gcc/arm-none-eabi/12.3.1/../../../../arm-none-eabi/lib/thumb/v7e-m+fp/hard/libc_nano.a(libc_a-signal.o)
 .ARM.attributes
                0x00000b37       0x34 /opt/ST/STM32CubeCLT_1.16.0/GNU-tools-for-STM32/bin/../lib/gcc/arm-none-eabi/12.3.1/../../../../arm-none-eabi/lib/thumb/v7e-m+fp/hard/libc_nano.a(libc_a-signalr.o)
 .ARM.attributes
                0x00000b6b       0x34 /opt/ST/STM32CubeCLT_1.16.0/GNU-tools-for-STM32/bin/../lib/gcc/arm-none-eabi/12.3.1/../../../../arm-none-eabi/lib/thumb/v7e-m+fp/hard/libc_nano.a(libc_a-memcpy-stub.o)
 .ARM.attributes
                0x00000b9f       0x22 /opt/ST/STM32CubeCLT_1.16.0/GNU-tools-for-STM32/bin/../lib/gcc/arm-none-eabi/12.3.1/thumb/v7e-m+fp/hard/crtn.o
OUTPUT(build/F446RE_main.elf elf32-littlearm)
LOAD linker stubs
LOAD /opt/ST/STM32CubeCLT_1.16.0/GNU-tools-for-STM32/bin/../lib/gcc/arm-none-eabi/12.3.1/../../../../arm-none-eabi/lib/thumb/v7e-m+fp/hard/libc.a
LOAD /opt/ST/STM32CubeCLT_1.16.0/GNU-tools-for-STM32/bin/../lib/gcc/arm-none-eabi/12.3.1/../../../../arm-none-eabi/lib/thumb/v7e-m+fp/hard/libm.a
LOAD /opt/ST/STM32CubeCLT_1.16.0/GNU-tools-for-STM32/bin/../lib/gcc/arm-none-eabi/12.3.1/thumb/v7e-m+fp/hard/libgcc.a

.debug_info     0x00000000    0x23427
 .debug_info    0x00000000      0xe9d build/main.o
 .debug_info    0x00000e9d      0x611 build/gpio.o
 .debug_info    0x000014ae      0xc04 build/adc.o
 .debug_info    0x000020b2     0x17be build/tim.o
 .debug_info    0x00003870      0xba5 build/stm32f4xx_it.o
 .debug_info    0x00004415      0x32f build/stm32f4xx_hal_msp.o
 .debug_info    0x00004744     0x1039 build/stm32f4xx_hal_adc.o
 .debug_info    0x0000577d      0xc5d build/stm32f4xx_hal_rcc.o
 .debug_info    0x000063da      0xdd1 build/stm32f4xx_hal_rcc_ex.o
 .debug_info    0x000071ab      0x8ac build/stm32f4xx_hal_gpio.o
 .debug_info    0x00007a57      0xbce build/stm32f4xx_hal_dma.o
 .debug_info    0x00008625      0x87d build/stm32f4xx_hal_pwr_ex.o
 .debug_info    0x00008ea2     0x11c4 build/stm32f4xx_hal_cortex.o
 .debug_info    0x0000a066      0xb5c build/stm32f4xx_hal.o
 .debug_info    0x0000abc2     0x412d build/stm32f4xx_hal_tim.o
 .debug_info    0x0000ecef     0x1d81 build/stm32f4xx_hal_tim_ex.o
 .debug_info    0x00010a70      0x5f7 build/system_stm32f4xx.o
 .debug_info    0x00011067      0x18c build/sysmem.o
 .debug_info    0x000111f3      0x841 build/syscalls.o
 .debug_info    0x00011a34      0x5ff build/dma.o
 .debug_info    0x00012033      0xeeb build/usart.o
 .debug_info    0x00012f1e     0x436c build/stm32f4xx_hal_uart.o
 .debug_info    0x0001728a       0x30 build/startup_stm32f446xx.o
 .debug_info    0x000172ba     0x25bb build/app.o
 .debug_info    0x00019875      0x277 build/MovingAve.o
 .debug_info    0x00019aec     0x138f build/MyMath.o
 .debug_info    0x0001ae7b      0x635 build/Timer.o
 .debug_info    0x0001b4b0     0x10b3 build/pid.o
 .debug_info    0x0001c563     0x1a93 build/dribbler_drive.o
 .debug_info    0x0001dff6     0x2560 build/motor_drive.o
 .debug_info    0x00020556     0x2ed1 build/robot.o

.debug_abbrev   0x00000000     0x4e2b
 .debug_abbrev  0x00000000      0x27d build/main.o
 .debug_abbrev  0x0000027d      0x160 build/gpio.o
 .debug_abbrev  0x000003dd      0x208 build/adc.o
 .debug_abbrev  0x000005e5      0x2a3 build/tim.o
 .debug_abbrev  0x00000888      0x197 build/stm32f4xx_it.o
 .debug_abbrev  0x00000a1f       0xd3 build/stm32f4xx_hal_msp.o
 .debug_abbrev  0x00000af2      0x2c7 build/stm32f4xx_hal_adc.o
 .debug_abbrev  0x00000db9      0x2de build/stm32f4xx_hal_rcc.o
 .debug_abbrev  0x00001097      0x25f build/stm32f4xx_hal_rcc_ex.o
 .debug_abbrev  0x000012f6      0x22b build/stm32f4xx_hal_gpio.o
 .debug_abbrev  0x00001521      0x2fe build/stm32f4xx_hal_dma.o
 .debug_abbrev  0x0000181f      0x1e0 build/stm32f4xx_hal_pwr_ex.o
 .debug_abbrev  0x000019ff      0x3ca build/stm32f4xx_hal_cortex.o
 .debug_abbrev  0x00001dc9      0x244 build/stm32f4xx_hal.o
 .debug_abbrev  0x0000200d      0x2bd build/stm32f4xx_hal_tim.o
 .debug_abbrev  0x000022ca      0x2b7 build/stm32f4xx_hal_tim_ex.o
 .debug_abbrev  0x00002581      0x11b build/system_stm32f4xx.o
 .debug_abbrev  0x0000269c       0xeb build/sysmem.o
 .debug_abbrev  0x00002787      0x1e0 build/syscalls.o
 .debug_abbrev  0x00002967      0x12f build/dma.o
 .debug_abbrev  0x00002a96      0x240 build/usart.o
 .debug_abbrev  0x00002cd6      0x36f build/stm32f4xx_hal_uart.o
 .debug_abbrev  0x00003045       0x1d build/startup_stm32f446xx.o
 .debug_abbrev  0x00003062      0x4b1 build/app.o
 .debug_abbrev  0x00003513      0x176 build/MovingAve.o
 .debug_abbrev  0x00003689      0x338 build/MyMath.o
 .debug_abbrev  0x000039c1      0x217 build/Timer.o
 .debug_abbrev  0x00003bd8      0x3a9 build/pid.o
 .debug_abbrev  0x00003f81      0x447 build/dribbler_drive.o
 .debug_abbrev  0x000043c8      0x528 build/motor_drive.o
 .debug_abbrev  0x000048f0      0x53b build/robot.o

.debug_loc      0x00000000    0x14036
 .debug_loc     0x00000000       0xc8 build/main.o
 .debug_loc     0x000000c8       0x39 build/gpio.o
 .debug_loc     0x00000101      0x12c build/adc.o
 .debug_loc     0x0000022d      0x3aa build/tim.o
 .debug_loc     0x000005d7       0xa0 build/stm32f4xx_it.o
 .debug_loc     0x00000677       0x2c build/stm32f4xx_hal_msp.o
 .debug_loc     0x000006a3      0xeba build/stm32f4xx_hal_adc.o
 .debug_loc     0x0000155d      0x6e4 build/stm32f4xx_hal_rcc.o
 .debug_loc     0x00001c41     0x100b build/stm32f4xx_hal_rcc_ex.o
 .debug_loc     0x00002c4c      0x5db build/stm32f4xx_hal_gpio.o
 .debug_loc     0x00003227      0xd6d build/stm32f4xx_hal_dma.o
 .debug_loc     0x00003f94      0x350 build/stm32f4xx_hal_pwr_ex.o
 .debug_loc     0x000042e4      0x7c7 build/stm32f4xx_hal_cortex.o
 .debug_loc     0x00004aab      0x1e1 build/stm32f4xx_hal.o
 .debug_loc     0x00004c8c     0x5c3b build/stm32f4xx_hal_tim.o
 .debug_loc     0x0000a8c7     0x2168 build/stm32f4xx_hal_tim_ex.o
 .debug_loc     0x0000ca2f      0x158 build/system_stm32f4xx.o
 .debug_loc     0x0000cb87       0x84 build/sysmem.o
 .debug_loc     0x0000cc0b      0x511 build/syscalls.o
 .debug_loc     0x0000d11c       0x38 build/dma.o
 .debug_loc     0x0000d154       0xf5 build/usart.o
 .debug_loc     0x0000d249     0x4d3f build/stm32f4xx_hal_uart.o
 .debug_loc     0x00011f88      0x2c7 build/app.o
 .debug_loc     0x0001224f       0xc4 build/MovingAve.o
 .debug_loc     0x00012313      0x713 build/MyMath.o
 .debug_loc     0x00012a26      0x304 build/Timer.o
 .debug_loc     0x00012d2a      0x122 build/pid.o
 .debug_loc     0x00012e4c      0x4fa build/dribbler_drive.o
 .debug_loc     0x00013346      0x7fc build/motor_drive.o
 .debug_loc     0x00013b42      0x4f4 build/robot.o

.debug_aranges  0x00000000     0x1218
 .debug_aranges
                0x00000000       0x38 build/main.o
 .debug_aranges
                0x00000038       0x20 build/gpio.o
 .debug_aranges
                0x00000058       0x30 build/adc.o
 .debug_aranges
                0x00000088       0x70 build/tim.o
 .debug_aranges
                0x000000f8       0x80 build/stm32f4xx_it.o
 .debug_aranges
                0x00000178       0x20 build/stm32f4xx_hal_msp.o
 .debug_aranges
                0x00000198       0xe8 build/stm32f4xx_hal_adc.o
 .debug_aranges
                0x00000280       0x88 build/stm32f4xx_hal_rcc.o
 .debug_aranges
                0x00000308       0x78 build/stm32f4xx_hal_rcc_ex.o
 .debug_aranges
                0x00000380       0x58 build/stm32f4xx_hal_gpio.o
 .debug_aranges
                0x000003d8       0x90 build/stm32f4xx_hal_dma.o
 .debug_aranges
                0x00000468       0x60 build/stm32f4xx_hal_pwr_ex.o
 .debug_aranges
                0x000004c8       0xf8 build/stm32f4xx_hal_cortex.o
 .debug_aranges
                0x000005c0       0xf0 build/stm32f4xx_hal.o
 .debug_aranges
                0x000006b0      0x3d0 build/stm32f4xx_hal_tim.o
 .debug_aranges
                0x00000a80      0x168 build/stm32f4xx_hal_tim_ex.o
 .debug_aranges
                0x00000be8       0x28 build/system_stm32f4xx.o
 .debug_aranges
                0x00000c10       0x20 build/sysmem.o
 .debug_aranges
                0x00000c30       0xa8 build/syscalls.o
 .debug_aranges
                0x00000cd8       0x20 build/dma.o
 .debug_aranges
                0x00000cf8       0x30 build/usart.o
 .debug_aranges
                0x00000d28      0x208 build/stm32f4xx_hal_uart.o
 .debug_aranges
                0x00000f30       0x28 build/startup_stm32f446xx.o
 .debug_aranges
                0x00000f58       0x48 build/app.o
 .debug_aranges
                0x00000fa0       0x30 build/MovingAve.o
 .debug_aranges
                0x00000fd0       0x90 build/MyMath.o
 .debug_aranges
                0x00001060       0x68 build/Timer.o
 .debug_aranges
                0x000010c8       0x48 build/pid.o
 .debug_aranges
                0x00001110       0x60 build/dribbler_drive.o
 .debug_aranges
                0x00001170       0x60 build/motor_drive.o
 .debug_aranges
                0x000011d0       0x48 build/robot.o

.debug_ranges   0x00000000     0x10a8
 .debug_ranges  0x00000000       0x28 build/main.o
 .debug_ranges  0x00000028       0x10 build/gpio.o
 .debug_ranges  0x00000038       0x20 build/adc.o
 .debug_ranges  0x00000058       0x60 build/tim.o
 .debug_ranges  0x000000b8       0x70 build/stm32f4xx_it.o
 .debug_ranges  0x00000128       0x10 build/stm32f4xx_hal_msp.o
 .debug_ranges  0x00000138       0xd8 build/stm32f4xx_hal_adc.o
 .debug_ranges  0x00000210       0x90 build/stm32f4xx_hal_rcc.o
 .debug_ranges  0x000002a0       0x80 build/stm32f4xx_hal_rcc_ex.o
 .debug_ranges  0x00000320       0x48 build/stm32f4xx_hal_gpio.o
 .debug_ranges  0x00000368       0x80 build/stm32f4xx_hal_dma.o
 .debug_ranges  0x000003e8       0x50 build/stm32f4xx_hal_pwr_ex.o
 .debug_ranges  0x00000438       0xe8 build/stm32f4xx_hal_cortex.o
 .debug_ranges  0x00000520       0xe0 build/stm32f4xx_hal.o
 .debug_ranges  0x00000600      0x3c0 build/stm32f4xx_hal_tim.o
 .debug_ranges  0x000009c0      0x158 build/stm32f4xx_hal_tim_ex.o
 .debug_ranges  0x00000b18       0x18 build/system_stm32f4xx.o
 .debug_ranges  0x00000b30       0x10 build/sysmem.o
 .debug_ranges  0x00000b40       0x98 build/syscalls.o
 .debug_ranges  0x00000bd8       0x10 build/dma.o
 .debug_ranges  0x00000be8       0x20 build/usart.o
 .debug_ranges  0x00000c08      0x210 build/stm32f4xx_hal_uart.o
 .debug_ranges  0x00000e18       0x20 build/startup_stm32f446xx.o
 .debug_ranges  0x00000e38       0x50 build/app.o
 .debug_ranges  0x00000e88       0x20 build/MovingAve.o
 .debug_ranges  0x00000ea8       0x80 build/MyMath.o
 .debug_ranges  0x00000f28       0x58 build/Timer.o
 .debug_ranges  0x00000f80       0x38 build/pid.o
 .debug_ranges  0x00000fb8       0x50 build/dribbler_drive.o
 .debug_ranges  0x00001008       0x68 build/motor_drive.o
 .debug_ranges  0x00001070       0x38 build/robot.o

.debug_line     0x00000000    0x154b5
 .debug_line    0x00000000      0x3be build/main.o
 .debug_line    0x000003be      0x27c build/gpio.o
 .debug_line    0x0000063a      0x306 build/adc.o
 .debug_line    0x00000940      0x879 build/tim.o
 .debug_line    0x000011b9      0x32e build/stm32f4xx_it.o
 .debug_line    0x000014e7      0x155 build/stm32f4xx_hal_msp.o
 .debug_line    0x0000163c     0x1121 build/stm32f4xx_hal_adc.o
 .debug_line    0x0000275d      0xb41 build/stm32f4xx_hal_rcc.o
 .debug_line    0x0000329e     0x1396 build/stm32f4xx_hal_rcc_ex.o
 .debug_line    0x00004634      0x6b2 build/stm32f4xx_hal_gpio.o
 .debug_line    0x00004ce6      0xe59 build/stm32f4xx_hal_dma.o
 .debug_line    0x00005b3f      0x49e build/stm32f4xx_hal_pwr_ex.o
 .debug_line    0x00005fdd      0x852 build/stm32f4xx_hal_cortex.o
 .debug_line    0x0000682f      0x565 build/stm32f4xx_hal.o
 .debug_line    0x00006d94     0x4a77 build/stm32f4xx_hal_tim.o
 .debug_line    0x0000b80b     0x1d10 build/stm32f4xx_hal_tim_ex.o
 .debug_line    0x0000d51b      0x24d build/system_stm32f4xx.o
 .debug_line    0x0000d768      0x1b9 build/sysmem.o
 .debug_line    0x0000d921      0x3d0 build/syscalls.o
 .debug_line    0x0000dcf1      0x17f build/dma.o
 .debug_line    0x0000de70      0x3a5 build/usart.o
 .debug_line    0x0000e215     0x42be build/stm32f4xx_hal_uart.o
 .debug_line    0x000124d3       0x76 build/startup_stm32f446xx.o
 .debug_line    0x00012549      0x632 build/app.o
 .debug_line    0x00012b7b      0x213 build/MovingAve.o
 .debug_line    0x00012d8e      0x6f0 build/MyMath.o
 .debug_line    0x0001347e      0x396 build/Timer.o
 .debug_line    0x00013814      0x46b build/pid.o
 .debug_line    0x00013c7f      0x68c build/dribbler_drive.o
 .debug_line    0x0001430b      0x982 build/motor_drive.o
 .debug_line    0x00014c8d      0x828 build/robot.o

.debug_str      0x00000000     0x5b58
 .debug_str     0x00000000      0x90f build/main.o
                                0xac1 (size before relaxing)
 .debug_str     0x0000090f       0xb2 build/gpio.o
                                0x3a1 (size before relaxing)
 .debug_str     0x000009c1      0x216 build/adc.o
                                0x802 (size before relaxing)
 .debug_str     0x00000bd7      0x72d build/tim.o
                               0x1049 (size before relaxing)
 .debug_str     0x00001304      0x317 build/stm32f4xx_it.o
                                0xa38 (size before relaxing)
 .debug_str     0x0000161b       0x29 build/stm32f4xx_hal_msp.o
                                0x2d0 (size before relaxing)
 .debug_str     0x00001644      0x2e9 build/stm32f4xx_hal_adc.o
                                0x952 (size before relaxing)
 .debug_str     0x0000192d      0x1fe build/stm32f4xx_hal_rcc.o
                                0x720 (size before relaxing)
 .debug_str     0x00001b2b      0x344 build/stm32f4xx_hal_rcc_ex.o
                                0x807 (size before relaxing)
 .debug_str     0x00001e6f      0x117 build/stm32f4xx_hal_gpio.o
                                0x4f5 (size before relaxing)
 .debug_str     0x00001f86      0x2d9 build/stm32f4xx_hal_dma.o
                                0x766 (size before relaxing)
 .debug_str     0x0000225f      0x187 build/stm32f4xx_hal_pwr_ex.o
                                0x4e0 (size before relaxing)
 .debug_str     0x000023e6      0x4ac build/stm32f4xx_hal_cortex.o
                                0xca6 (size before relaxing)
 .debug_str     0x00002892      0x286 build/stm32f4xx_hal.o
                                0xbba (size before relaxing)
 .debug_str     0x00002b18      0xdf1 build/stm32f4xx_hal_tim.o
                               0x16ef (size before relaxing)
 .debug_str     0x00003909      0x4eb build/stm32f4xx_hal_tim_ex.o
                                0xefb (size before relaxing)
 .debug_str     0x00003df4       0x47 build/system_stm32f4xx.o
                                0x38a (size before relaxing)
 .debug_str     0x00003e3b       0x7a build/sysmem.o
                                0x215 (size before relaxing)
 .debug_str     0x00003eb5      0x203 build/syscalls.o
                                0x3e9 (size before relaxing)
 .debug_str     0x000040b8        0xf build/dma.o
                                0x823 (size before relaxing)
 .debug_str     0x000040c7       0x4e build/usart.o
                                0xdfa (size before relaxing)
 .debug_str     0x00004115      0x5f9 build/stm32f4xx_hal_uart.o
                                0xd8b (size before relaxing)
 .debug_str     0x0000470e       0x32 build/startup_stm32f446xx.o
                                 0x69 (size before relaxing)
 .debug_str     0x00004740      0xebd build/app.o
                               0x189f (size before relaxing)
 .debug_str     0x000055fd       0x45 build/MovingAve.o
                                0x267 (size before relaxing)
 .debug_str     0x00005642      0x102 build/MyMath.o
                                0x6be (size before relaxing)
 .debug_str     0x00005744      0x115 build/Timer.o
                                0x3ca (size before relaxing)
 .debug_str     0x00005859       0x40 build/pid.o
                                0x777 (size before relaxing)
 .debug_str     0x00005899       0xbc build/dribbler_drive.o
                                0xfa6 (size before relaxing)
 .debug_str     0x00005955       0x96 build/motor_drive.o
                               0x124e (size before relaxing)
 .debug_str     0x000059eb      0x16d build/robot.o
                               0x1a4f (size before relaxing)

.comment        0x00000000       0x43
 .comment       0x00000000       0x43 build/main.o
                                 0x44 (size before relaxing)
 .comment       0x00000043       0x44 build/gpio.o
 .comment       0x00000043       0x44 build/adc.o
 .comment       0x00000043       0x44 build/tim.o
 .comment       0x00000043       0x44 build/stm32f4xx_it.o
 .comment       0x00000043       0x44 build/stm32f4xx_hal_msp.o
 .comment       0x00000043       0x44 build/stm32f4xx_hal_adc.o
 .comment       0x00000043       0x44 build/stm32f4xx_hal_rcc.o
 .comment       0x00000043       0x44 build/stm32f4xx_hal_rcc_ex.o
 .comment       0x00000043       0x44 build/stm32f4xx_hal_gpio.o
 .comment       0x00000043       0x44 build/stm32f4xx_hal_dma.o
 .comment       0x00000043       0x44 build/stm32f4xx_hal_pwr_ex.o
 .comment       0x00000043       0x44 build/stm32f4xx_hal_cortex.o
 .comment       0x00000043       0x44 build/stm32f4xx_hal.o
 .comment       0x00000043       0x44 build/stm32f4xx_hal_tim.o
 .comment       0x00000043       0x44 build/stm32f4xx_hal_tim_ex.o
 .comment       0x00000043       0x44 build/system_stm32f4xx.o
 .comment       0x00000043       0x44 build/sysmem.o
 .comment       0x00000043       0x44 build/syscalls.o
 .comment       0x00000043       0x44 build/dma.o
 .comment       0x00000043       0x44 build/usart.o
 .comment       0x00000043       0x44 build/stm32f4xx_hal_uart.o
 .comment       0x00000043       0x44 build/app.o
 .comment       0x00000043       0x44 build/MovingAve.o
 .comment       0x00000043       0x44 build/MyMath.o
 .comment       0x00000043       0x44 build/Timer.o
 .comment       0x00000043       0x44 build/pid.o
 .comment       0x00000043       0x44 build/dribbler_drive.o
 .comment       0x00000043       0x44 build/motor_drive.o
 .comment       0x00000043       0x44 build/robot.o

.debug_frame    0x00000000     0x38c4
 .debug_frame   0x00000000       0x70 build/main.o
 .debug_frame   0x00000070       0x3c build/gpio.o
 .debug_frame   0x000000ac       0x68 build/adc.o
 .debug_frame   0x00000114      0x150 build/tim.o
 .debug_frame   0x00000264      0x108 build/stm32f4xx_it.o
 .debug_frame   0x0000036c       0x28 build/stm32f4xx_hal_msp.o
 .debug_frame   0x00000394      0x268 build/stm32f4xx_hal_adc.o
 .debug_frame   0x000005fc      0x16c build/stm32f4xx_hal_rcc.o
 .debug_frame   0x00000768      0x14c build/stm32f4xx_hal_rcc_ex.o
 .debug_frame   0x000008b4       0xd8 build/stm32f4xx_hal_gpio.o
 .debug_frame   0x0000098c      0x188 build/stm32f4xx_hal_dma.o
 .debug_frame   0x00000b14       0xec build/stm32f4xx_hal_pwr_ex.o
 .debug_frame   0x00000c00      0x214 build/stm32f4xx_hal_cortex.o
 .debug_frame   0x00000e14      0x1ec build/stm32f4xx_hal.o
 .debug_frame   0x00001000      0xb10 build/stm32f4xx_hal_tim.o
 .debug_frame   0x00001b10      0x40c build/stm32f4xx_hal_tim_ex.o
 .debug_frame   0x00001f1c       0x30 build/system_stm32f4xx.o
 .debug_frame   0x00001f4c       0x28 build/sysmem.o
 .debug_frame   0x00001f74      0x190 build/syscalls.o
 .debug_frame   0x00002104       0x30 build/dma.o
 .debug_frame   0x00002134       0x64 build/usart.o
 .debug_frame   0x00002198      0x5dc build/stm32f4xx_hal_uart.o
 .debug_frame   0x00002774       0xa4 build/app.o
 .debug_frame   0x00002818       0x50 build/MovingAve.o
 .debug_frame   0x00002868      0x184 build/MyMath.o
 .debug_frame   0x000029ec      0x104 build/Timer.o
 .debug_frame   0x00002af0       0x98 build/pid.o
 .debug_frame   0x00002b88       0xf4 build/dribbler_drive.o
 .debug_frame   0x00002c7c      0x11c build/motor_drive.o
 .debug_frame   0x00002d98       0xa0 build/robot.o
 .debug_frame   0x00002e38      0x144 /opt/ST/STM32CubeCLT_1.16.0/GNU-tools-for-STM32/bin/../lib/gcc/arm-none-eabi/12.3.1/../../../../arm-none-eabi/lib/thumb/v7e-m+fp/hard/libc_nano.a(libc_a-findfp.o)
 .debug_frame   0x00002f7c       0x20 /opt/ST/STM32CubeCLT_1.16.0/GNU-tools-for-STM32/bin/../lib/gcc/arm-none-eabi/12.3.1/../../../../arm-none-eabi/lib/thumb/v7e-m+fp/hard/libc_nano.a(libc_a-memset.o)
 .debug_frame   0x00002f9c       0x20 /opt/ST/STM32CubeCLT_1.16.0/GNU-tools-for-STM32/bin/../lib/gcc/arm-none-eabi/12.3.1/../../../../arm-none-eabi/lib/thumb/v7e-m+fp/hard/libc_nano.a(libc_a-errno.o)
 .debug_frame   0x00002fbc       0x2c /opt/ST/STM32CubeCLT_1.16.0/GNU-tools-for-STM32/bin/../lib/gcc/arm-none-eabi/12.3.1/../../../../arm-none-eabi/lib/thumb/v7e-m+fp/hard/libc_nano.a(libc_a-init.o)
 .debug_frame   0x00002fe8       0xb0 /opt/ST/STM32CubeCLT_1.16.0/GNU-tools-for-STM32/bin/../lib/gcc/arm-none-eabi/12.3.1/../../../../arm-none-eabi/lib/thumb/v7e-m+fp/hard/libc_nano.a(libc_a-lock.o)
 .debug_frame   0x00003098       0x50 /opt/ST/STM32CubeCLT_1.16.0/GNU-tools-for-STM32/bin/../lib/gcc/arm-none-eabi/12.3.1/../../../../arm-none-eabi/lib/thumb/v7e-m+fp/hard/libc_nano.a(libc_a-mallocr.o)
 .debug_frame   0x000030e8       0x30 /opt/ST/STM32CubeCLT_1.16.0/GNU-tools-for-STM32/bin/../lib/gcc/arm-none-eabi/12.3.1/../../../../arm-none-eabi/lib/thumb/v7e-m+fp/hard/libc_nano.a(libc_a-mlock.o)
 .debug_frame   0x00003118       0x38 /opt/ST/STM32CubeCLT_1.16.0/GNU-tools-for-STM32/bin/../lib/gcc/arm-none-eabi/12.3.1/../../../../arm-none-eabi/lib/thumb/v7e-m+fp/hard/libc_nano.a(libc_a-reent.o)
 .debug_frame   0x00003150       0x2c /opt/ST/STM32CubeCLT_1.16.0/GNU-tools-for-STM32/bin/../lib/gcc/arm-none-eabi/12.3.1/../../../../arm-none-eabi/lib/thumb/v7e-m+fp/hard/libc_nano.a(libc_a-sbrkr.o)
 .debug_frame   0x0000317c       0x20 /opt/ST/STM32CubeCLT_1.16.0/GNU-tools-for-STM32/bin/../lib/gcc/arm-none-eabi/12.3.1/../../../../arm-none-eabi/lib/thumb/v7e-m+fp/hard/libstdc++_nano.a(new_opv.o)
 .debug_frame   0x0000319c       0x28 /opt/ST/STM32CubeCLT_1.16.0/GNU-tools-for-STM32/bin/../lib/gcc/arm-none-eabi/12.3.1/../../../../arm-none-eabi/lib/thumb/v7e-m+fp/hard/libstdc++_nano.a(new_op.o)
 .debug_frame   0x000031c4       0x30 /opt/ST/STM32CubeCLT_1.16.0/GNU-tools-for-STM32/bin/../lib/gcc/arm-none-eabi/12.3.1/../../../../arm-none-eabi/lib/thumb/v7e-m+fp/hard/libstdc++_nano.a(new_handler.o)
 .debug_frame   0x000031f4       0xac /opt/ST/STM32CubeCLT_1.16.0/GNU-tools-for-STM32/bin/../lib/gcc/arm-none-eabi/12.3.1/thumb/v7e-m+fp/hard/libgcc.a(_arm_addsubdf3.o)
 .debug_frame   0x000032a0       0x50 /opt/ST/STM32CubeCLT_1.16.0/GNU-tools-for-STM32/bin/../lib/gcc/arm-none-eabi/12.3.1/thumb/v7e-m+fp/hard/libgcc.a(_arm_muldivdf3.o)
 .debug_frame   0x000032f0       0x24 /opt/ST/STM32CubeCLT_1.16.0/GNU-tools-for-STM32/bin/../lib/gcc/arm-none-eabi/12.3.1/thumb/v7e-m+fp/hard/libgcc.a(_arm_fixdfsi.o)
 .debug_frame   0x00003314       0x2c /opt/ST/STM32CubeCLT_1.16.0/GNU-tools-for-STM32/bin/../lib/gcc/arm-none-eabi/12.3.1/thumb/v7e-m+fp/hard/libgcc.a(_aeabi_uldivmod.o)
 .debug_frame   0x00003340       0x34 /opt/ST/STM32CubeCLT_1.16.0/GNU-tools-for-STM32/bin/../lib/gcc/arm-none-eabi/12.3.1/thumb/v7e-m+fp/hard/libgcc.a(_udivmoddi4.o)
 .debug_frame   0x00003374      0x2c4 /opt/ST/STM32CubeCLT_1.16.0/GNU-tools-for-STM32/bin/../lib/gcc/arm-none-eabi/12.3.1/thumb/v7e-m+fp/hard/libgcc.a(unwind-arm.o)
 .debug_frame   0x00003638      0x104 /opt/ST/STM32CubeCLT_1.16.0/GNU-tools-for-STM32/bin/../lib/gcc/arm-none-eabi/12.3.1/thumb/v7e-m+fp/hard/libgcc.a(pr-support.o)
 .debug_frame   0x0000373c       0x28 /opt/ST/STM32CubeCLT_1.16.0/GNU-tools-for-STM32/bin/../lib/gcc/arm-none-eabi/12.3.1/../../../../arm-none-eabi/lib/thumb/v7e-m+fp/hard/libc_nano.a(libc_a-abort.o)
 .debug_frame   0x00003764       0x30 /opt/ST/STM32CubeCLT_1.16.0/GNU-tools-for-STM32/bin/../lib/gcc/arm-none-eabi/12.3.1/../../../../arm-none-eabi/lib/thumb/v7e-m+fp/hard/libc_nano.a(libc_a-malloc.o)
 .debug_frame   0x00003794       0xcc /opt/ST/STM32CubeCLT_1.16.0/GNU-tools-for-STM32/bin/../lib/gcc/arm-none-eabi/12.3.1/../../../../arm-none-eabi/lib/thumb/v7e-m+fp/hard/libc_nano.a(libc_a-signal.o)
 .debug_frame   0x00003860       0x3c /opt/ST/STM32CubeCLT_1.16.0/GNU-tools-for-STM32/bin/../lib/gcc/arm-none-eabi/12.3.1/../../../../arm-none-eabi/lib/thumb/v7e-m+fp/hard/libc_nano.a(libc_a-signalr.o)
 .debug_frame   0x0000389c       0x28 /opt/ST/STM32CubeCLT_1.16.0/GNU-tools-for-STM32/bin/../lib/gcc/arm-none-eabi/12.3.1/../../../../arm-none-eabi/lib/thumb/v7e-m+fp/hard/libc_nano.a(libc_a-memcpy-stub.o)

Cross Reference Table

Symbol                                            File
ADC_IRQHandler                                    build/startup_stm32f446xx.o
AHBPrescTable                                     build/system_stm32f4xx.o
                                                  build/stm32f4xx_hal_rcc.o
APBPrescTable                                     build/system_stm32f4xx.o
                                                  build/stm32f4xx_hal_rcc.o
BufferedSerial::read()                            build/robot.o
BusFault_Handler                                  build/stm32f4xx_it.o
Button::Button(GPIO_TypeDef*, unsigned short)     build/Button.o
Button::Button(GPIO_TypeDef*, unsigned short)     build/Button.o
Button::isPress()                                 build/Button.o
Button::isRelease()                               build/Button.o
Button::read()                                    build/Button.o
Button::readPressedTime()                         build/Button.o
Button::update()                                  build/Button.o
CAN1_RX0_IRQHandler                               build/startup_stm32f446xx.o
CAN1_RX1_IRQHandler                               build/startup_stm32f446xx.o
CAN1_SCE_IRQHandler                               build/startup_stm32f446xx.o
CAN1_TX_IRQHandler                                build/startup_stm32f446xx.o
CAN2_RX0_IRQHandler                               build/startup_stm32f446xx.o
CAN2_RX1_IRQHandler                               build/startup_stm32f446xx.o
CAN2_SCE_IRQHandler                               build/startup_stm32f446xx.o
CAN2_TX_IRQHandler                                build/startup_stm32f446xx.o
CEC_IRQHandler                                    build/startup_stm32f446xx.o
DCMI_IRQHandler                                   build/startup_stm32f446xx.o
DMA1_Stream0_IRQHandler                           build/startup_stm32f446xx.o
DMA1_Stream1_IRQHandler                           build/startup_stm32f446xx.o
DMA1_Stream2_IRQHandler                           build/startup_stm32f446xx.o
DMA1_Stream3_IRQHandler                           build/startup_stm32f446xx.o
DMA1_Stream4_IRQHandler                           build/startup_stm32f446xx.o
DMA1_Stream5_IRQHandler                           build/startup_stm32f446xx.o
DMA1_Stream6_IRQHandler                           build/startup_stm32f446xx.o
DMA1_Stream7_IRQHandler                           build/startup_stm32f446xx.o
DMA2_Stream0_IRQHandler                           build/startup_stm32f446xx.o
DMA2_Stream1_IRQHandler                           build/startup_stm32f446xx.o
DMA2_Stream2_IRQHandler                           build/stm32f4xx_it.o
DMA2_Stream3_IRQHandler                           build/startup_stm32f446xx.o
DMA2_Stream4_IRQHandler                           build/startup_stm32f446xx.o
DMA2_Stream5_IRQHandler                           build/startup_stm32f446xx.o
DMA2_Stream6_IRQHandler                           build/startup_stm32f446xx.o
DMA2_Stream7_IRQHandler                           build/stm32f4xx_it.o
DebugMon_Handler                                  build/stm32f4xx_it.o
Default_Handler                                   build/startup_stm32f446xx.o
DribblerDrive::Brake()                            build/dribbler_drive.o
DribblerDrive::CheckConnection()                  build/dribbler_drive.o
                                                  build/robot.o
DribblerDrive::DribblerDrive(PwmSingleOut*, PwmSingleOut*) build/dribbler_drive.o
DribblerDrive::DribblerDrive(PwmSingleOut*, PwmSingleOut*) build/dribbler_drive.o
                                                  build/robot.o
DribblerDrive::Hold(unsigned char)                build/dribbler_drive.o
DribblerDrive::Init()                             build/dribbler_drive.o
DribblerDrive::Kick()                             build/dribbler_drive.o
EXTI0_IRQHandler                                  build/startup_stm32f446xx.o
EXTI15_10_IRQHandler                              build/startup_stm32f446xx.o
EXTI1_IRQHandler                                  build/startup_stm32f446xx.o
EXTI2_IRQHandler                                  build/startup_stm32f446xx.o
EXTI3_IRQHandler                                  build/startup_stm32f446xx.o
EXTI4_IRQHandler                                  build/startup_stm32f446xx.o
EXTI9_5_IRQHandler                                build/startup_stm32f446xx.o
Error_Handler                                     build/main.o
                                                  build/motor_drive.o
                                                  build/dribbler_drive.o
                                                  build/usart.o
                                                  build/tim.o
                                                  build/adc.o
FLASH_Erase_Sector                                build/stm32f4xx_hal_flash_ex.o
                                                  build/stm32f4xx_hal_flash.o
FLASH_FlushCaches                                 build/stm32f4xx_hal_flash_ex.o
                                                  build/stm32f4xx_hal_flash.o
FLASH_IRQHandler                                  build/startup_stm32f446xx.o
FLASH_WaitForLastOperation                        build/stm32f4xx_hal_flash.o
                                                  build/stm32f4xx_hal_flash_ex.o
FMC_IRQHandler                                    build/startup_stm32f446xx.o
FMPI2C1_ER_IRQHandler                             build/startup_stm32f446xx.o
FMPI2C1_EV_IRQHandler                             build/startup_stm32f446xx.o
FPU_IRQHandler                                    build/startup_stm32f446xx.o
HAL_ADCEx_InjectedConfigChannel                   build/stm32f4xx_hal_adc_ex.o
HAL_ADCEx_InjectedConvCpltCallback                build/stm32f4xx_hal_adc_ex.o
                                                  build/stm32f4xx_hal_adc.o
HAL_ADCEx_InjectedGetValue                        build/stm32f4xx_hal_adc_ex.o
HAL_ADCEx_InjectedPollForConversion               build/stm32f4xx_hal_adc_ex.o
HAL_ADCEx_InjectedStart                           build/stm32f4xx_hal_adc_ex.o
HAL_ADCEx_InjectedStart_IT                        build/stm32f4xx_hal_adc_ex.o
HAL_ADCEx_InjectedStop                            build/stm32f4xx_hal_adc_ex.o
HAL_ADCEx_InjectedStop_IT                         build/stm32f4xx_hal_adc_ex.o
HAL_ADCEx_MultiModeConfigChannel                  build/stm32f4xx_hal_adc_ex.o
HAL_ADCEx_MultiModeGetValue                       build/stm32f4xx_hal_adc_ex.o
HAL_ADCEx_MultiModeStart_DMA                      build/stm32f4xx_hal_adc_ex.o
HAL_ADCEx_MultiModeStop_DMA                       build/stm32f4xx_hal_adc_ex.o
HAL_ADC_AnalogWDGConfig                           build/stm32f4xx_hal_adc.o
HAL_ADC_ConfigChannel                             build/stm32f4xx_hal_adc.o
                                                  build/adc.o
HAL_ADC_ConvCpltCallback                          build/stm32f4xx_hal_adc.o