Archive member included to satisfy reference by file (symbol)

/opt/ST/STM32CubeCLT_1.16.0/GNU-tools-for-STM32/bin/../lib/gcc/arm-none-eabi/12.3.1/../../../../arm-none-eabi/lib/thumb/v7e-m+fp/hard/libc_nano.a(libc_a-exit.o)
                              /opt/ST/STM32CubeCLT_1.16.0/GNU-tools-for-STM32/bin/../lib/gcc/arm-none-eabi/12.3.1/../../../../arm-none-eabi/lib/thumb/v7e-m+fp/hard/crt0.o (exit)
/opt/ST/STM32CubeCLT_1.16.0/GNU-tools-for-STM32/bin/../lib/gcc/arm-none-eabi/12.3.1/../../../../arm-none-eabi/lib/thumb/v7e-m+fp/hard/libc_nano.a(libc_a-findfp.o)
                              /opt/ST/STM32CubeCLT_1.16.0/GNU-tools-for-STM32/bin/../lib/gcc/arm-none-eabi/12.3.1/../../../../arm-none-eabi/lib/thumb/v7e-m+fp/hard/libc_nano.a(libc_a-exit.o) (__stdio_exit_handler)
/opt/ST/STM32CubeCLT_1.16.0/GNU-tools-for-STM32/bin/../lib/gcc/arm-none-eabi/12.3.1/../../../../arm-none-eabi/lib/thumb/v7e-m+fp/hard/libc_nano.a(libc_a-fwalk.o)
                              /opt/ST/STM32CubeCLT_1.16.0/GNU-tools-for-STM32/bin/../lib/gcc/arm-none-eabi/12.3.1/../../../../arm-none-eabi/lib/thumb/v7e-m+fp/hard/libc_nano.a(libc_a-findfp.o) (_fwalk_sglue)
/opt/ST/STM32CubeCLT_1.16.0/GNU-tools-for-STM32/bin/../lib/gcc/arm-none-eabi/12.3.1/../../../../arm-none-eabi/lib/thumb/v7e-m+fp/hard/libc_nano.a(libc_a-memset.o)
                              /opt/ST/STM32CubeCLT_1.16.0/GNU-tools-for-STM32/bin/../lib/gcc/arm-none-eabi/12.3.1/../../../../arm-none-eabi/lib/thumb/v7e-m+fp/hard/crt0.o (memset)
/opt/ST/STM32CubeCLT_1.16.0/GNU-tools-for-STM32/bin/../lib/gcc/arm-none-eabi/12.3.1/../../../../arm-none-eabi/lib/thumb/v7e-m+fp/hard/libc_nano.a(libc_a-impure.o)
                              /opt/ST/STM32CubeCLT_1.16.0/GNU-tools-for-STM32/bin/../lib/gcc/arm-none-eabi/12.3.1/../../../../arm-none-eabi/lib/thumb/v7e-m+fp/hard/libc_nano.a(libc_a-findfp.o) (_impure_data)
/opt/ST/STM32CubeCLT_1.16.0/GNU-tools-for-STM32/bin/../lib/gcc/arm-none-eabi/12.3.1/../../../../arm-none-eabi/lib/thumb/v7e-m+fp/hard/libc_nano.a(libc_a-errno.o)
                              build/sysmem.o (__errno)
/opt/ST/STM32CubeCLT_1.16.0/GNU-tools-for-STM32/bin/../lib/gcc/arm-none-eabi/12.3.1/../../../../arm-none-eabi/lib/thumb/v7e-m+fp/hard/libc_nano.a(libc_a-init.o)
                              /opt/ST/STM32CubeCLT_1.16.0/GNU-tools-for-STM32/bin/../lib/gcc/arm-none-eabi/12.3.1/../../../../arm-none-eabi/lib/thumb/v7e-m+fp/hard/crt0.o (__libc_init_array)
/opt/ST/STM32CubeCLT_1.16.0/GNU-tools-for-STM32/bin/../lib/gcc/arm-none-eabi/12.3.1/../../../../arm-none-eabi/lib/thumb/v7e-m+fp/hard/libc_nano.a(libc_a-lock.o)
                              /opt/ST/STM32CubeCLT_1.16.0/GNU-tools-for-STM32/bin/../lib/gcc/arm-none-eabi/12.3.1/../../../../arm-none-eabi/lib/thumb/v7e-m+fp/hard/libc_nano.a(libc_a-findfp.o) (__retarget_lock_init_recursive)
/opt/ST/STM32CubeCLT_1.16.0/GNU-tools-for-STM32/bin/../lib/gcc/arm-none-eabi/12.3.1/../../../../arm-none-eabi/lib/thumb/v7e-m+fp/hard/libc_nano.a(libc_a-mallocr.o)
                              /opt/ST/STM32CubeCLT_1.16.0/GNU-tools-for-STM32/bin/../lib/gcc/arm-none-eabi/12.3.1/../../../../arm-none-eabi/lib/thumb/v7e-m+fp/hard/libc_nano.a(libc_a-findfp.o) (_malloc_r)
/opt/ST/STM32CubeCLT_1.16.0/GNU-tools-for-STM32/bin/../lib/gcc/arm-none-eabi/12.3.1/../../../../arm-none-eabi/lib/thumb/v7e-m+fp/hard/libc_nano.a(libc_a-fflush.o)
                              /opt/ST/STM32CubeCLT_1.16.0/GNU-tools-for-STM32/bin/../lib/gcc/arm-none-eabi/12.3.1/../../../../arm-none-eabi/lib/thumb/v7e-m+fp/hard/libc_nano.a(libc_a-findfp.o) (_fflush_r)
/opt/ST/STM32CubeCLT_1.16.0/GNU-tools-for-STM32/bin/../lib/gcc/arm-none-eabi/12.3.1/../../../../arm-none-eabi/lib/thumb/v7e-m+fp/hard/libc_nano.a(libc_a-mlock.o)
                              /opt/ST/STM32CubeCLT_1.16.0/GNU-tools-for-STM32/bin/../lib/gcc/arm-none-eabi/12.3.1/../../../../arm-none-eabi/lib/thumb/v7e-m+fp/hard/libc_nano.a(libc_a-mallocr.o) (__malloc_lock)
/opt/ST/STM32CubeCLT_1.16.0/GNU-tools-for-STM32/bin/../lib/gcc/arm-none-eabi/12.3.1/../../../../arm-none-eabi/lib/thumb/v7e-m+fp/hard/libc_nano.a(libc_a-stdio.o)
                              /opt/ST/STM32CubeCLT_1.16.0/GNU-tools-for-STM32/bin/../lib/gcc/arm-none-eabi/12.3.1/../../../../arm-none-eabi/lib/thumb/v7e-m+fp/hard/libc_nano.a(libc_a-findfp.o) (__sread)
/opt/ST/STM32CubeCLT_1.16.0/GNU-tools-for-STM32/bin/../lib/gcc/arm-none-eabi/12.3.1/../../../../arm-none-eabi/lib/thumb/v7e-m+fp/hard/libc_nano.a(libc_a-closer.o)
                              /opt/ST/STM32CubeCLT_1.16.0/GNU-tools-for-STM32/bin/../lib/gcc/arm-none-eabi/12.3.1/../../../../arm-none-eabi/lib/thumb/v7e-m+fp/hard/libc_nano.a(libc_a-stdio.o) (_close_r)
/opt/ST/STM32CubeCLT_1.16.0/GNU-tools-for-STM32/bin/../lib/gcc/arm-none-eabi/12.3.1/../../../../arm-none-eabi/lib/thumb/v7e-m+fp/hard/libc_nano.a(libc_a-reent.o)
[...]
Memory Configuration

Name             Origin             Length             Attributes
RAM              0x20000000         0x00020000         xrw
FLASH            0x08000000         0x00080000         xr
*default*        0x00000000         0xffffffff

Linker script and memory map

LOAD /opt/ST/STM32CubeCLT_1.16.0/GNU-tools-for-STM32/bin/../lib/gcc/arm-none-eabi/12.3.1/thumb/v7e-m+fp/hard/crti.o
LOAD /opt/ST/STM32CubeCLT_1.16.0/GNU-tools-for-STM32/bin/../lib/gcc/arm-none-eabi/12.3.1/thumb/v7e-m+fp/hard/crtbegin.o
LOAD /opt/ST/STM32CubeCLT_1.16.0/GNU-tools-for-STM32/bin/../lib/gcc/arm-none-eabi/12.3.1/../../../../arm-none-eabi/lib/thumb/v7e-m+fp/hard/crt0.o
LOAD build/main.o
LOAD build/gpio.o
LOAD build/adc.o
LOAD build/dma.o
LOAD build/usart.o
LOAD build/stm32f4xx_it.o
LOAD build/stm32f4xx_hal_msp.o
LOAD build/stm32f4xx_hal_adc.o
LOAD build/stm32f4xx_hal_adc_ex.o
LOAD build/stm32f4xx_ll_adc.o
LOAD build/stm32f4xx_hal_rcc.o
LOAD build/stm32f4xx_hal_rcc_ex.o
LOAD build/stm32f4xx_hal_flash.o
LOAD build/stm32f4xx_hal_flash_ex.o
LOAD build/stm32f4xx_hal_flash_ramfunc.o
LOAD build/stm32f4xx_hal_gpio.o
LOAD build/stm32f4xx_hal_dma_ex.o
LOAD build/stm32f4xx_hal_dma.o
LOAD build/stm32f4xx_hal_pwr.o
LOAD build/stm32f4xx_hal_pwr_ex.o
LOAD build/stm32f4xx_hal_cortex.o
LOAD build/stm32f4xx_hal.o
LOAD build/stm32f4xx_hal_exti.o
LOAD build/stm32f4xx_hal_tim.o
LOAD build/stm32f4xx_hal_tim_ex.o
LOAD build/stm32f4xx_hal_uart.o
LOAD build/system_stm32f4xx.o
LOAD build/sysmem.o
LOAD build/syscalls.o
LOAD build/tim.o
LOAD build/startup_stm32f446xx.o
LOAD build/app.o
LOAD build/MovingAve.o
LOAD build/MyMath.o
LOAD build/Timer.o
LOAD build/encoder.o
LOAD build/hardware.o
LOAD build/line_sensor.o
LOAD /opt/ST/STM32CubeCLT_1.16.0/GNU-tools-for-STM32/bin/../lib/gcc/arm-none-eabi/12.3.1/../../../../arm-none-eabi/lib/thumb/v7e-m+fp/hard/libc_nano.a
LOAD /opt/ST/STM32CubeCLT_1.16.0/GNU-tools-for-STM32/bin/../lib/gcc/arm-none-eabi/12.3.1/../../../../arm-none-eabi/lib/thumb/v7e-m+fp/hard/libm.a
LOAD /opt/ST/STM32CubeCLT_1.16.0/GNU-tools-for-STM32/bin/../lib/gcc/arm-none-eabi/12.3.1/../../../../arm-none-eabi/lib/thumb/v7e-m+fp/hard/libnosys.a
LOAD /opt/ST/STM32CubeCLT_1.16.0/GNU-tools-for-STM32/bin/../lib/gcc/arm-none-eabi/12.3.1/../../../../arm-none-eabi/lib/thumb/v7e-m+fp/hard/libstdc++_nano.a
LOAD /opt/ST/STM32CubeCLT_1.16.0/GNU-tools-for-STM32/bin/../lib/gcc/arm-none-eabi/12.3.1/../../../../arm-none-eabi/lib/thumb/v7e-m+fp/hard/libsupc++_nano.a
LOAD /opt/ST/STM32CubeCLT_1.16.0/GNU-tools-for-STM32/bin/../lib/gcc/arm-none-eabi/12.3.1/thumb/v7e-m+fp/hard/libgcc.a
START GROUP
LOAD /opt/ST/STM32CubeCLT_1.16.0/GNU-tools-for-STM32/bin/../lib/gcc/arm-none-eabi/12.3.1/thumb/v7e-m+fp/hard/libgcc.a
LOAD /opt/ST/STM32CubeCLT_1.16.0/GNU-tools-for-STM32/bin/../lib/gcc/arm-none-eabi/12.3.1/../../../../arm-none-eabi/lib/thumb/v7e-m+fp/hard/libc_nano.a
END GROUP
START GROUP
LOAD /opt/ST/STM32CubeCLT_1.16.0/GNU-tools-for-STM32/bin/../lib/gcc/arm-none-eabi/12.3.1/thumb/v7e-m+fp/hard/libgcc.a
LOAD /opt/ST/STM32CubeCLT_1.16.0/GNU-tools-for-STM32/bin/../lib/gcc/arm-none-eabi/12.3.1/../../../../arm-none-eabi/lib/thumb/v7e-m+fp/hard/libc_nano.a
END GROUP
LOAD /opt/ST/STM32CubeCLT_1.16.0/GNU-tools-for-STM32/bin/../lib/gcc/arm-none-eabi/12.3.1/thumb/v7e-m+fp/hard/crtend.o
LOAD /opt/ST/STM32CubeCLT_1.16.0/GNU-tools-for-STM32/bin/../lib/gcc/arm-none-eabi/12.3.1/thumb/v7e-m+fp/hard/crtn.o
                0x20020000                        _estack = (ORIGIN (RAM) + LENGTH (RAM))
                0x00000200                        _Min_Heap_Size = 0x200
                0x00000400                        _Min_Stack_Size = 0x400

.isr_vector     0x08000000      0x1c4
                0x08000000                        . = ALIGN (0x4)
 *(.isr_vector)
 .isr_vector    0x08000000      0x1c4 build/startup_stm32f446xx.o
                0x08000000                g_pfnVectors
                0x080001c4                        . = ALIGN (0x4)

.text           0x080001c8     0x509c
                0x080001c8                        . = ALIGN (0x4)
 *(.text)
 .text          0x080001c8       0x40 /opt/ST/STM32CubeCLT_1.16.0/GNU-tools-for-STM32/bin/../lib/gcc/arm-none-eabi/12.3.1/thumb/v7e-m+fp/hard/crtbegin.o
 .text          0x08000208      0x378 /opt/ST/STM32CubeCLT_1.16.0/GNU-tools-for-STM32/bin/../lib/gcc/arm-none-eabi/12.3.1/thumb/v7e-m+fp/hard/libgcc.a(_arm_addsubdf3.o)
                0x08000208                __aeabi_drsub
                0x08000210                __subdf3
                0x08000210                __aeabi_dsub
                0x08000214                __aeabi_dadd
                0x08000214                __adddf3
                0x0800048c                __aeabi_ui2d
                0x0800048c                __floatunsidf
                0x080004ac                __floatsidf
                0x080004ac                __aeabi_i2d
                0x080004d0                __extendsfdf2
                0x080004d0                __aeabi_f2d
                0x08000514                __aeabi_ul2d
                0x08000514                __floatundidf
                0x08000524                __aeabi_l2d
                0x08000524                __floatdidf
 .text          0x08000580      0x424 /opt/ST/STM32CubeCLT_1.16.0/GNU-tools-for-STM32/bin/../lib/gcc/arm-none-eabi/12.3.1/thumb/v7e-m+fp/hard/libgcc.a(_arm_muldivdf3.o)
                0x08000580                __aeabi_dmul
                0x08000580                __muldf3
                0x080007d4                __aeabi_ddiv
                0x080007d4                __divdf3
 .text          0x080009a4      0x110 /opt/ST/STM32CubeCLT_1.16.0/GNU-tools-for-STM32/bin/../lib/gcc/arm-none-eabi/12.3.1/thumb/v7e-m+fp/hard/libgcc.a(_arm_cmpdf2.o)
                0x080009a4                __gedf2
                0x080009a4                __gtdf2
                0x080009ac                __ledf2
                0x080009ac                __ltdf2
                0x080009b4                __cmpdf2
                0x080009b4                __eqdf2
                0x080009b4                __nedf2
                0x08000a30                __aeabi_cdrcmple
                0x08000a40                __aeabi_cdcmple
                0x08000a40                __aeabi_cdcmpeq
                0x08000a50                __aeabi_dcmpeq
                0x08000a64                __aeabi_dcmplt
                0x08000a78                __aeabi_dcmple
                0x08000a8c                __aeabi_dcmpge
                0x08000aa0                __aeabi_dcmpgt
 .text          0x08000ab4       0x40 /opt/ST/STM32CubeCLT_1.16.0/GNU-tools-for-STM32/bin/../lib/gcc/arm-none-eabi/12.3.1/thumb/v7e-m+fp/hard/libgcc.a(_arm_fixunsdfsi.o)
                0x08000ab4                __fixunsdfsi
                0x08000ab4                __aeabi_d2uiz
 .text          0x08000af4       0xa0 /opt/ST/STM32CubeCLT_1.16.0/GNU-tools-for-STM32/bin/../lib/gcc/arm-none-eabi/12.3.1/thumb/v7e-m+fp/hard/libgcc.a(_arm_truncdfsf2.o)
                0x08000af4                __aeabi_d2f
                0x08000af4                __truncdfsf2
 .text          0x08000b94       0x30 /opt/ST/STM32CubeCLT_1.16.0/GNU-tools-for-STM32/bin/../lib/gcc/arm-none-eabi/12.3.1/thumb/v7e-m+fp/hard/libgcc.a(_aeabi_uldivmod.o)
                0x08000b94                __aeabi_uldivmod
 .text          0x08000bc4      0x2bc /opt/ST/STM32CubeCLT_1.16.0/GNU-tools-for-STM32/bin/../lib/gcc/arm-none-eabi/12.3.1/thumb/v7e-m+fp/hard/libgcc.a(_udivmoddi4.o)
                0x08000bc4                __udivmoddi4
 .text          0x08000e80      0x9f4 /opt/ST/STM32CubeCLT_1.16.0/GNU-tools-for-STM32/bin/../lib/gcc/arm-none-eabi/12.3.1/thumb/v7e-m+fp/hard/libgcc.a(unwind-arm.o)
                0x08001130                _Unwind_GetCFA
                0x08001134                __gnu_Unwind_RaiseException
                0x0800119c                __gnu_Unwind_ForcedUnwind
                0x080011ac                __gnu_Unwind_Resume
                0x080011f0                __gnu_Unwind_Resume_or_Rethrow
                0x08001200                _Unwind_Complete
                0x08001204                _Unwind_DeleteException
                0x08001210                _Unwind_VRS_Get
                0x0800125c                _Unwind_VRS_Set
                0x080012a4                __gnu_Unwind_Backtrace
                0x080015c0                __aeabi_unwind_cpp_pr0
                0x080015c4                __aeabi_unwind_cpp_pr1
                0x080015c8                __aeabi_unwind_cpp_pr2
                0x080015cc                _Unwind_VRS_Pop
 .text          0x08001874      0x1ac /opt/ST/STM32CubeCLT_1.16.0/GNU-tools-for-STM32/bin/../lib/gcc/arm-none-eabi/12.3.1/thumb/v7e-m+fp/hard/libgcc.a(libunwind.o)
                0x08001874                __restore_core_regs
                0x08001874                restore_core_regs
                0x0800188c                __gnu_Unwind_Restore_VFP
                0x08001894                __gnu_Unwind_Save_VFP
                0x0800189c                __gnu_Unwind_Restore_VFP_D
                0x080018a4                __gnu_Unwind_Save_VFP_D
                0x080018ac                __gnu_Unwind_Restore_VFP_D_16_to_31
                0x080018b4                __gnu_Unwind_Save_VFP_D_16_to_31
                0x080018bc                __gnu_Unwind_Restore_WMMXD
                0x08001900                __gnu_Unwind_Save_WMMXD
                0x08001944                __gnu_Unwind_Restore_WMMXC
                0x08001958                __gnu_Unwind_Save_WMMXC
                0x0800196c                _Unwind_RaiseException
                0x0800196c                ___Unwind_RaiseException
                0x08001990                ___Unwind_Resume
                0x08001990                _Unwind_Resume
                0x080019b4                ___Unwind_Resume_or_Rethrow
                0x080019b4                _Unwind_Resume_or_Rethrow
                0x080019d8                _Unwind_ForcedUnwind
                0x080019d8                ___Unwind_ForcedUnwind
                0x080019fc                _Unwind_Backtrace
                0x080019fc                ___Unwind_Backtrace
 .text          0x08001a20      0x378 /opt/ST/STM32CubeCLT_1.16.0/GNU-tools-for-STM32/bin/../lib/gcc/arm-none-eabi/12.3.1/thumb/v7e-m+fp/hard/libgcc.a(pr-support.o)
                0x08001a78                __gnu_unwind_execute
                0x08001d4c                __gnu_unwind_frame
                0x08001d78                _Unwind_GetRegionStart
                0x08001d84                _Unwind_GetLanguageSpecificData
 .text          0x08001d98        0x4 /opt/ST/STM32CubeCLT_1.16.0/GNU-tools-for-STM32/bin/../lib/gcc/arm-none-eabi/12.3.1/thumb/v7e-m+fp/hard/libgcc.a(_dvmd_tls.o)
                0x08001d98                __aeabi_ldiv0
                0x08001d98                __aeabi_idiv0
 *(.text*)
 .text.HAL_TIM_PeriodElapsedCallback
                0x08001d9c       0x14 build/main.o
                0x08001d9c                HAL_TIM_PeriodElapsedCallback
 .text.Error_Handler
                0x08001db0        0x4 build/main.o
                0x08001db0                Error_Handler
 .text.SystemClock_Config
                0x08001db4       0xac build/main.o
                0x08001db4                SystemClock_Config
 .text.main     0x08001e60       0x34 build/main.o
                0x08001e60                main
 .text.MX_GPIO_Init
                0x08001e94       0xcc build/gpio.o
                0x08001e94                MX_GPIO_Init
 .text.MX_ADC1_Init
                0x08001f60      0x190 build/adc.o
                0x08001f60                MX_ADC1_Init
 .text.HAL_ADC_MspInit
                0x080020f0       0xf8 build/adc.o
                0x080020f0                HAL_ADC_MspInit
 .text.MX_DMA_Init
                0x080021e8       0x54 build/dma.o
                0x080021e8                MX_DMA_Init
 .text.MX_USART6_UART_Init
                0x0800223c       0x34 build/usart.o
                0x0800223c                MX_USART6_UART_Init
 .text.HAL_UART_MspInit
                0x08002270      0x100 build/usart.o
                0x08002270                HAL_UART_MspInit
 .text.NMI_Handler
                0x08002370        0x2 build/stm32f4xx_it.o
                0x08002370                NMI_Handler
 .text.HardFault_Handler
                0x08002372        0x2 build/stm32f4xx_it.o
                0x08002372                HardFault_Handler
 .text.MemManage_Handler
                0x08002374        0x2 build/stm32f4xx_it.o
                0x08002374                MemManage_Handler
 .text.BusFault_Handler
                0x08002376        0x2 build/stm32f4xx_it.o
                0x08002376                BusFault_Handler
 .text.UsageFault_Handler
                0x08002378        0x2 build/stm32f4xx_it.o
                0x08002378                UsageFault_Handler
 .text.SVC_Handler
                0x0800237a        0x2 build/stm32f4xx_it.o
                0x0800237a                SVC_Handler
 .text.DebugMon_Handler
                0x0800237c        0x2 build/stm32f4xx_it.o
                0x0800237c                DebugMon_Handler
 .text.PendSV_Handler
                0x0800237e        0x2 build/stm32f4xx_it.o
                0x0800237e                PendSV_Handler
 .text.SysTick_Handler
                0x08002380        0x8 build/stm32f4xx_it.o
                0x08002380                SysTick_Handler
 .text.TIM6_DAC_IRQHandler
                0x08002388       0x10 build/stm32f4xx_it.o
                0x08002388                TIM6_DAC_IRQHandler
 .text.DMA2_Stream0_IRQHandler
                0x08002398       0x10 build/stm32f4xx_it.o
                0x08002398                DMA2_Stream0_IRQHandler
 .text.DMA2_Stream1_IRQHandler
                0x080023a8       0x10 build/stm32f4xx_it.o
                0x080023a8                DMA2_Stream1_IRQHandler
 .text.DMA2_Stream6_IRQHandler
                0x080023b8       0x10 build/stm32f4xx_it.o
                0x080023b8                DMA2_Stream6_IRQHandler
 .text.USART6_IRQHandler
                0x080023c8       0x10 build/stm32f4xx_it.o
                0x080023c8                USART6_IRQHandler
 .text.HAL_MspInit
                0x080023d8       0x38 build/stm32f4xx_hal_msp.o
                0x080023d8                HAL_MspInit
 .text.ADC_Init
                0x08002410      0x134 build/stm32f4xx_hal_adc.o
 .text.HAL_ADC_Init
                0x08002544       0x56 build/stm32f4xx_hal_adc.o
                0x08002544                HAL_ADC_Init
 *fill*         0x0800259a        0x2 
 .text.HAL_ADC_Start
                0x0800259c      0x144 build/stm32f4xx_hal_adc.o
                0x0800259c                HAL_ADC_Start
 .text.HAL_ADC_Start_DMA
                0x080026e0      0x19c build/stm32f4xx_hal_adc.o
                0x080026e0                HAL_ADC_Start_DMA
 .text.HAL_ADC_ConvCpltCallback
                0x0800287c        0x2 build/stm32f4xx_hal_adc.o
                0x0800287c                HAL_ADC_ConvCpltCallback
 .text.HAL_ADC_ConvHalfCpltCallback
                0x0800287e        0x2 build/stm32f4xx_hal_adc.o
                0x0800287e                HAL_ADC_ConvHalfCpltCallback
 .text.ADC_DMAHalfConvCplt
                0x08002880        0xa build/stm32f4xx_hal_adc.o
 .text.HAL_ADC_ErrorCallback
                0x0800288a        0x2 build/stm32f4xx_hal_adc.o
                0x0800288a                HAL_ADC_ErrorCallback
 .text.ADC_DMAError
                0x0800288c       0x16 build/stm32f4xx_hal_adc.o
 .text.ADC_DMAConvCplt
                0x080028a2       0x72 build/stm32f4xx_hal_adc.o
 .text.HAL_ADC_ConfigChannel
                0x08002914      0x1ac build/stm32f4xx_hal_adc.o
                0x08002914                HAL_ADC_ConfigChannel
 .text.HAL_RCC_ClockConfig
                0x08002ac0      0x160 build/stm32f4xx_hal_rcc.o
                0x08002ac0                HAL_RCC_ClockConfig
 .text.HAL_RCC_GetHCLKFreq
                0x08002c20        0xc build/stm32f4xx_hal_rcc.o
                0x08002c20                HAL_RCC_GetHCLKFreq
 .text.HAL_RCC_GetPCLK1Freq
                0x08002c2c       0x20 build/stm32f4xx_hal_rcc.o
                0x08002c2c                HAL_RCC_GetPCLK1Freq
 .text.HAL_RCC_GetPCLK2Freq
                0x08002c4c       0x20 build/stm32f4xx_hal_rcc.o
                0x08002c4c                HAL_RCC_GetPCLK2Freq
 .text.HAL_RCC_GetSysClockFreq
                0x08002c6c      0x128 build/stm32f4xx_hal_rcc_ex.o
                0x08002c6c                HAL_RCC_GetSysClockFreq
 .text.HAL_RCC_OscConfig
                0x08002d94      0x444 build/stm32f4xx_hal_rcc_ex.o
                0x08002d94                HAL_RCC_OscConfig
 .text.HAL_GPIO_Init
                0x080031d8      0x1e0 build/stm32f4xx_hal_gpio.o
                0x080031d8                HAL_GPIO_Init
 .text.HAL_GPIO_ReadPin
                0x080033b8        0xe build/stm32f4xx_hal_gpio.o
                0x080033b8                HAL_GPIO_ReadPin
 .text.HAL_GPIO_WritePin
                0x080033c6        0xc build/stm32f4xx_hal_gpio.o
                0x080033c6                HAL_GPIO_WritePin
 .text.DMA_SetConfig
                0x080033d2       0x2c build/stm32f4xx_hal_dma.o
 *fill*         0x080033fe        0x2 
 .text.DMA_CalcBaseAndBitshift
                0x08003400       0x44 build/stm32f4xx_hal_dma.o
 .text.DMA_CheckFifoParam
                0x08003444       0x8e build/stm32f4xx_hal_dma.o
 *fill*         0x080034d2        0x2 
 .text.HAL_DMA_Init
                0x080034d4       0xcc build/stm32f4xx_hal_dma.o
                0x080034d4                HAL_DMA_Init
 .text.HAL_DMA_Start_IT
                0x080035a0       0x6a build/stm32f4xx_hal_dma.o
                0x080035a0                HAL_DMA_Start_IT
 .text.HAL_DMA_Abort
                0x0800360a       0x94 build/stm32f4xx_hal_dma.o
                0x0800360a                HAL_DMA_Abort
 .text.HAL_DMA_Abort_IT
                0x0800369e       0x26 build/stm32f4xx_hal_dma.o
                0x0800369e                HAL_DMA_Abort_IT
 .text.HAL_DMA_IRQHandler
                0x080036c4      0x1dc build/stm32f4xx_hal_dma.o
                0x080036c4                HAL_DMA_IRQHandler
 .text.HAL_PWREx_EnableOverDrive
                0x080038a0       0x7c build/stm32f4xx_hal_pwr_ex.o
                0x080038a0                HAL_PWREx_EnableOverDrive
 .text.__NVIC_EnableIRQ
                0x0800391c       0x1c build/stm32f4xx_hal_cortex.o
 .text.__NVIC_SetPriority
                0x08003938       0x28 build/stm32f4xx_hal_cortex.o
 .text.NVIC_EncodePriority
                0x08003960       0x3e build/stm32f4xx_hal_cortex.o
 *fill*         0x0800399e        0x2 
 .text.HAL_NVIC_SetPriorityGrouping
                0x080039a0       0x24 build/stm32f4xx_hal_cortex.o
                0x080039a0                HAL_NVIC_SetPriorityGrouping
 .text.HAL_NVIC_SetPriority
                0x080039c4       0x20 build/stm32f4xx_hal_cortex.o
                0x080039c4                HAL_NVIC_SetPriority
 .text.HAL_NVIC_EnableIRQ
                0x080039e4        0x8 build/stm32f4xx_hal_cortex.o
                0x080039e4                HAL_NVIC_EnableIRQ
 .text.HAL_SYSTICK_Config
                0x080039ec       0x28 build/stm32f4xx_hal_cortex.o
                0x080039ec                HAL_SYSTICK_Config
 .text.HAL_InitTick
                0x08003a14       0x4c build/stm32f4xx_hal.o
                0x08003a14                HAL_InitTick
 .text.HAL_Init
                0x08003a60       0x34 build/stm32f4xx_hal.o
                0x08003a60                HAL_Init
 .text.HAL_IncTick
                0x08003a94       0x18 build/stm32f4xx_hal.o
                0x08003a94                HAL_IncTick
 .text.HAL_GetTick
                0x08003aac        0xc build/stm32f4xx_hal.o
                0x08003aac                HAL_GetTick
 .text.HAL_TIM_Base_Start_IT
                0x08003ab8       0x88 build/stm32f4xx_hal_tim.o
                0x08003ab8                HAL_TIM_Base_Start_IT
 .text.HAL_TIM_OC_DelayElapsedCallback
                0x08003b40        0x2 build/stm32f4xx_hal_tim.o
                0x08003b40                HAL_TIM_OC_DelayElapsedCallback
 .text.HAL_TIM_IC_CaptureCallback
                0x08003b42        0x2 build/stm32f4xx_hal_tim.o
                0x08003b42                HAL_TIM_IC_CaptureCallback
 .text.HAL_TIM_PWM_PulseFinishedCallback
                0x08003b44        0x2 build/stm32f4xx_hal_tim.o
                0x08003b44                HAL_TIM_PWM_PulseFinishedCallback
 .text.HAL_TIM_TriggerCallback
                0x08003b46        0x2 build/stm32f4xx_hal_tim.o
                0x08003b46                HAL_TIM_TriggerCallback
 .text.HAL_TIM_IRQHandler
                0x08003b48      0x15e build/stm32f4xx_hal_tim.o
                0x08003b48                HAL_TIM_IRQHandler
 *fill*         0x08003ca6        0x2 
 .text.TIM_Base_SetConfig
                0x08003ca8       0xd8 build/stm32f4xx_hal_tim.o
                0x08003ca8                TIM_Base_SetConfig
 .text.HAL_TIM_Base_Init
                0x08003d80       0x58 build/stm32f4xx_hal_tim.o
                0x08003d80                HAL_TIM_Base_Init
 .text.HAL_TIMEx_MasterConfigSynchronization
                0x08003dd8       0x8c build/stm32f4xx_hal_tim_ex.o
                0x08003dd8                HAL_TIMEx_MasterConfigSynchronization
 .text.HAL_TIMEx_CommutCallback
                0x08003e64        0x2 build/stm32f4xx_hal_tim_ex.o
                0x08003e64                HAL_TIMEx_CommutCallback
 .text.HAL_TIMEx_BreakCallback
                0x08003e66        0x2 build/stm32f4xx_hal_tim_ex.o
                0x08003e66                HAL_TIMEx_BreakCallback
 .text.UART_EndTxTransfer
                0x08003e68       0x20 build/stm32f4xx_hal_uart.o
 .text.UART_EndRxTransfer
                0x08003e88       0x5c build/stm32f4xx_hal_uart.o
 .text.UART_Transmit_IT
                0x08003ee4       0x60 build/stm32f4xx_hal_uart.o
 .text.UART_SetConfig
                0x08003f44      0x110 build/stm32f4xx_hal_uart.o
 .text.UART_WaitOnFlagUntilTimeout
                0x08004054       0x86 build/stm32f4xx_hal_uart.o
 .text.HAL_UART_Init
                0x080040da       0x60 build/stm32f4xx_hal_uart.o
                0x080040da                HAL_UART_Init
 .text.HAL_UART_Transmit
                0x0800413a       0xcc build/stm32f4xx_hal_uart.o
                0x0800413a                HAL_UART_Transmit
 .text.HAL_UART_TxCpltCallback
                0x08004206        0x2 build/stm32f4xx_hal_uart.o
                0x08004206                HAL_UART_TxCpltCallback
 .text.UART_EndTransmit_IT
                0x08004208       0x1a build/stm32f4xx_hal_uart.o
 .text.HAL_UART_RxCpltCallback
                0x08004222        0x2 build/stm32f4xx_hal_uart.o
                0x08004222                HAL_UART_RxCpltCallback
 .text.HAL_UART_RxHalfCpltCallback
                0x08004224        0x2 build/stm32f4xx_hal_uart.o
                0x08004224                HAL_UART_RxHalfCpltCallback
 .text.HAL_UART_ErrorCallback
                0x08004226        0x2 build/stm32f4xx_hal_uart.o
                0x08004226                HAL_UART_ErrorCallback
 .text.UART_DMAError
                0x08004228       0x58 build/stm32f4xx_hal_uart.o
 .text.UART_DMAAbortOnError
                0x08004280       0x10 build/stm32f4xx_hal_uart.o
 .text.HAL_UARTEx_RxEventCallback
                0x08004290        0x2 build/stm32f4xx_hal_uart.o
                0x08004290                HAL_UARTEx_RxEventCallback
 .text.UART_Receive_IT
                0x08004292       0xe6 build/stm32f4xx_hal_uart.o
 .text.HAL_UART_IRQHandler
                0x08004378      0x284 build/stm32f4xx_hal_uart.o
                0x08004378                HAL_UART_IRQHandler
 .text.UART_DMARxHalfCplt
                0x080045fc       0x1e build/stm32f4xx_hal_uart.o
 .text.UART_DMAReceiveCplt
                0x0800461a       0x9a build/stm32f4xx_hal_uart.o
 .text.UART_Start_Receive_DMA
                0x080046b4       0xa4 build/stm32f4xx_hal_uart.o
                0x080046b4                UART_Start_Receive_DMA
 .text.HAL_UART_Receive_DMA
                0x08004758       0x26 build/stm32f4xx_hal_uart.o
                0x08004758                HAL_UART_Receive_DMA
 *fill*         0x0800477e        0x2 
 .text.SystemInit
                0x08004780       0x14 build/system_stm32f4xx.o
                0x08004780                SystemInit
 .text._sbrk    0x08004794       0x48 build/sysmem.o
                0x08004794                _sbrk
 .text._getpid  0x080047dc        0x4 build/syscalls.o
                0x080047dc                _getpid
 .text._kill    0x080047e0       0x10 build/syscalls.o
                0x080047e0                _kill
 .text._exit    0x080047f0        0xc build/syscalls.o
                0x080047f0                _exit
 .text.MX_TIM6_Init
                0x080047fc       0x50 build/tim.o
                0x080047fc                MX_TIM6_Init
 .text.HAL_TIM_Base_MspInit
                0x0800484c       0x40 build/tim.o
                0x0800484c                HAL_TIM_Base_MspInit
 .text.Reset_Handler
                0x0800488c       0x50 build/startup_stm32f446xx.o
                0x0800488c                Reset_Handler
 .text.Default_Handler
                0x080048dc        0x2 build/startup_stm32f446xx.o
                0x080048dc                DMA1_Stream3_IRQHandler
                0x080048dc                EXTI2_IRQHandler
                0x080048dc                TIM8_CC_IRQHandler
                0x080048dc                FMPI2C1_EV_IRQHandler
                0x080048dc                SPI4_IRQHandler
                0x080048dc                TIM1_CC_IRQHandler
                0x080048dc                DMA2_Stream5_IRQHandler
                0x080048dc                DMA1_Stream5_IRQHandler
                0x080048dc                PVD_IRQHandler
                0x080048dc                SDIO_IRQHandler
                0x080048dc                TAMP_STAMP_IRQHandler
                0x080048dc                CAN2_RX1_IRQHandler
                0x080048dc                EXTI3_IRQHandler
                0x080048dc                TIM8_TRG_COM_TIM14_IRQHandler
                0x080048dc                TIM1_UP_TIM10_IRQHandler
                0x080048dc                TIM8_UP_TIM13_IRQHandler
                0x080048dc                I2C3_ER_IRQHandler
                0x080048dc                EXTI0_IRQHandler
                0x080048dc                I2C2_EV_IRQHandler
                0x080048dc                DMA1_Stream2_IRQHandler
                0x080048dc                CAN1_RX0_IRQHandler
                0x080048dc                FPU_IRQHandler
                0x080048dc                OTG_HS_WKUP_IRQHandler
                0x080048dc                CAN2_SCE_IRQHandler
                0x080048dc                DMA2_Stream2_IRQHandler
                0x080048dc                SPI1_IRQHandler
                0x080048dc                TIM1_BRK_TIM9_IRQHandler
                0x080048dc                DCMI_IRQHandler
                0x080048dc                CAN2_RX0_IRQHandler
                0x080048dc                DMA2_Stream3_IRQHandler
                0x080048dc                SAI2_IRQHandler
                0x080048dc                USART3_IRQHandler
                0x080048dc                CAN1_RX1_IRQHandler
                0x080048dc                UART5_IRQHandler
                0x080048dc                TIM4_IRQHandler
                0x080048dc                QUADSPI_IRQHandler
                0x080048dc                I2C1_EV_IRQHandler
                0x080048dc                DMA1_Stream6_IRQHandler
                0x080048dc                DMA1_Stream1_IRQHandler
                0x080048dc                UART4_IRQHandler
                0x080048dc                TIM3_IRQHandler
                0x080048dc                RCC_IRQHandler
                0x080048dc                TIM8_BRK_TIM12_IRQHandler
                0x080048dc                Default_Handler
                0x080048dc                CEC_IRQHandler
                0x080048dc                EXTI15_10_IRQHandler
                0x080048dc                ADC_IRQHandler
                0x080048dc                DMA1_Stream7_IRQHandler
                0x080048dc                TIM7_IRQHandler
                0x080048dc                CAN2_TX_IRQHandler
                0x080048dc                TIM5_IRQHandler
                0x080048dc                DMA2_Stream7_IRQHandler
                0x080048dc                I2C3_EV_IRQHandler
                0x080048dc                EXTI9_5_IRQHandler
                0x080048dc                RTC_WKUP_IRQHandler
                0x080048dc                SPDIF_RX_IRQHandler
                0x080048dc                SPI2_IRQHandler
                0x080048dc                OTG_HS_EP1_IN_IRQHandler
                0x080048dc                DMA1_Stream0_IRQHandler
                0x080048dc                CAN1_TX_IRQHandler
                0x080048dc                FMPI2C1_ER_IRQHandler
                0x080048dc                EXTI4_IRQHandler
                0x080048dc                OTG_HS_EP1_OUT_IRQHandler
                0x080048dc                WWDG_IRQHandler
                0x080048dc                TIM2_IRQHandler
                0x080048dc                OTG_FS_WKUP_IRQHandler
                0x080048dc                TIM1_TRG_COM_TIM11_IRQHandler
                0x080048dc                OTG_HS_IRQHandler
                0x080048dc                EXTI1_IRQHandler
                0x080048dc                USART2_IRQHandler
                0x080048dc                I2C2_ER_IRQHandler
                0x080048dc                CAN1_SCE_IRQHandler
                0x080048dc                FLASH_IRQHandler
                0x080048dc                DMA2_Stream4_IRQHandler
                0x080048dc                USART1_IRQHandler
                0x080048dc                OTG_FS_IRQHandler
                0x080048dc                SPI3_IRQHandler
                0x080048dc                DMA1_Stream4_IRQHandler
                0x080048dc                I2C1_ER_IRQHandler
                0x080048dc                FMC_IRQHandler
                0x080048dc                SAI1_IRQHandler
                0x080048dc                RTC_Alarm_IRQHandler
 *fill*         0x080048de        0x2 
 .text._Z41__static_initialization_and_destruction_0ii
                0x080048e0       0x28 build/app.o
 .text._ZN10DigitalOutaSEb
                0x08004908       0x18 build/app.o
                0x08004908                DigitalOut::operator=(bool)
 .text.TimInterrupt1khz
                0x08004920       0x44 build/app.o
                0x08004920                TimInterrupt1khz
 .text.setup    0x08004964       0x10 build/app.o
                0x08004964                setup
 .text.main_app
                0x08004974       0x8c build/app.o
                0x08004974                main_app
 .text._GLOBAL__sub_I_hardware
                0x08004a00        0xe build/app.o
 .text._ZN9MovingAve9SetLengthEh
                0x08004a0e       0x26 build/MovingAve.o
                0x08004a0e                MovingAve::SetLength(unsigned char)
 .text._ZN9MovingAve7ComputeEf
                0x08004a34       0x6a build/MovingAve.o
                0x08004a34                MovingAve::Compute(float)
 .text._ZN9MovingAve3GetEv
                0x08004a9e        0x6 build/MovingAve.o
                0x08004a9e                MovingAve::Get()
 .text._ZN5TimerC2Ev
                0x08004aa4       0x20 build/Timer.o
                0x08004aa4                Timer::Timer()
                0x08004aa4                Timer::Timer()
 .text._ZN5Timer5resetEv
                0x08004ac4        0xc build/Timer.o
                0x08004ac4                Timer::reset()
 .text._ZN5Timer4readEv
                0x08004ad0       0x30 build/Timer.o
                0x08004ad0                Timer::read()
 .text._ZN5Timer7read_usEv
                0x08004b00       0x44 build/Timer.o
                0x08004b00                Timer::read_us()
 .text._ZN7EncoderC2EP10DigitalOutPh
                0x08004b44       0x4c build/encoder.o
                0x08004b44                Encoder::Encoder(DigitalOut*, unsigned char*)
                0x08004b44                Encoder::Encoder(DigitalOut*, unsigned char*)
 .text._ZN7Encoder4ReadEv
                0x08004b90      0x194 build/encoder.o
                0x08004b90                Encoder::Read()
 .text._ZN7Encoder11GetMotorRPSEh
                0x08004d24        0x6 build/encoder.o
                0x08004d24                Encoder::GetMotorRPS(unsigned char)
 .text._ZN14BufferedSerial4readEv
                0x08004d2a       0x32 build/hardware.o
                0x08004d2a                BufferedSerial::read()
 .text._ZN8HardwareC2Ev
                0x08004d5c       0xf8 build/hardware.o
                0x08004d5c                Hardware::Hardware()
                0x08004d5c                Hardware::Hardware()
 .text._ZN8Hardware4InitEv
                0x08004e54       0x48 build/hardware.o
                0x08004e54                Hardware::Init()
 .text._ZN8Hardware10GetSensorsEv
                0x08004e9c       0x68 build/hardware.o
                0x08004e9c                Hardware::GetSensors()
 .text._ZN8Hardware8MainUartEv
                0x08004f04       0x66 build/hardware.o
                0x08004f04                Hardware::MainUart()
 .text.memset   0x08004f6a       0x10 /opt/ST/STM32CubeCLT_1.16.0/GNU-tools-for-STM32/bin/../lib/gcc/arm-none-eabi/12.3.1/../../../../arm-none-eabi/lib/thumb/v7e-m+fp/hard/libc_nano.a(libc_a-memset.o)
                0x08004f6a                memset
 *fill*         0x08004f7a        0x2 
 .text.__errno  0x08004f7c        0xc /opt/ST/STM32CubeCLT_1.16.0/GNU-tools-for-STM32/bin/../lib/gcc/arm-none-eabi/12.3.1/../../../../arm-none-eabi/lib/thumb/v7e-m+fp/hard/libc_nano.a(libc_a-errno.o)
                0x08004f7c                __errno
 .text.__libc_init_array
                0x08004f88       0x48 /opt/ST/STM32CubeCLT_1.16.0/GNU-tools-for-STM32/bin/../lib/gcc/arm-none-eabi/12.3.1/../../../../arm-none-eabi/lib/thumb/v7e-m+fp/hard/libc_nano.a(libc_a-init.o)
                0x08004f88                __libc_init_array
 .text.__retarget_lock_acquire_recursive
                0x08004fd0        0x2 /opt/ST/STM32CubeCLT_1.16.0/GNU-tools-for-STM32/bin/../lib/gcc/arm-none-eabi/12.3.1/../../../../arm-none-eabi/lib/thumb/v7e-m+fp/hard/libc_nano.a(libc_a-lock.o)
                0x08004fd0                __retarget_lock_acquire_recursive
 .text.__retarget_lock_release_recursive
                0x08004fd2        0x2 /opt/ST/STM32CubeCLT_1.16.0/GNU-tools-for-STM32/bin/../lib/gcc/arm-none-eabi/12.3.1/../../../../arm-none-eabi/lib/thumb/v7e-m+fp/hard/libc_nano.a(libc_a-lock.o)
                0x08004fd2                __retarget_lock_release_recursive
 .text.sbrk_aligned
                0x08004fd4       0x44 /opt/ST/STM32CubeCLT_1.16.0/GNU-tools-for-STM32/bin/../lib/gcc/arm-none-eabi/12.3.1/../../../../arm-none-eabi/lib/thumb/v7e-m+fp/hard/libc_nano.a(libc_a-mallocr.o)
 .text._malloc_r
                0x08005018      0x100 /opt/ST/STM32CubeCLT_1.16.0/GNU-tools-for-STM32/bin/../lib/gcc/arm-none-eabi/12.3.1/../../../../arm-none-eabi/lib/thumb/v7e-m+fp/hard/libc_nano.a(libc_a-mallocr.o)
                0x08005018                _malloc_r
 .text.__malloc_lock
                0x08005118        0xc /opt/ST/STM32CubeCLT_1.16.0/GNU-tools-for-STM32/bin/../lib/gcc/arm-none-eabi/12.3.1/../../../../arm-none-eabi/lib/thumb/v7e-m+fp/hard/libc_nano.a(libc_a-mlock.o)
                0x08005118                __malloc_lock
 .text.__malloc_unlock
                0x08005124        0xc /opt/ST/STM32CubeCLT_1.16.0/GNU-tools-for-STM32/bin/../lib/gcc/arm-none-eabi/12.3.1/../../../../arm-none-eabi/lib/thumb/v7e-m+fp/hard/libc_nano.a(libc_a-mlock.o)
                0x08005124                __malloc_unlock
 .text._sbrk_r  0x08005130       0x20 /opt/ST/STM32CubeCLT_1.16.0/GNU-tools-for-STM32/bin/../lib/gcc/arm-none-eabi/12.3.1/../../../../arm-none-eabi/lib/thumb/v7e-m+fp/hard/libc_nano.a(libc_a-sbrkr.o)
                0x08005130                _sbrk_r
 .text._Znaj    0x08005150        0x4 /opt/ST/STM32CubeCLT_1.16.0/GNU-tools-for-STM32/bin/../lib/gcc/arm-none-eabi/12.3.1/../../../../arm-none-eabi/lib/thumb/v7e-m+fp/hard/libstdc++_nano.a(new_opv.o)
                0x08005150                operator new[](unsigned int)
 .text._Znwj    0x08005154       0x22 /opt/ST/STM32CubeCLT_1.16.0/GNU-tools-for-STM32/bin/../lib/gcc/arm-none-eabi/12.3.1/../../../../arm-none-eabi/lib/thumb/v7e-m+fp/hard/libstdc++_nano.a(new_op.o)
                0x08005154                operator new(unsigned int)
 *fill*         0x08005176        0x2 
 .text._ZSt15get_new_handlerv
                0x08005178       0x10 /opt/ST/STM32CubeCLT_1.16.0/GNU-tools-for-STM32/bin/../lib/gcc/arm-none-eabi/12.3.1/../../../../arm-none-eabi/lib/thumb/v7e-m+fp/hard/libstdc++_nano.a(new_handler.o)
                0x08005178                std::get_new_handler()
 .text.abort    0x08005188        0xe /opt/ST/STM32CubeCLT_1.16.0/GNU-tools-for-STM32/bin/../lib/gcc/arm-none-eabi/12.3.1/../../../../arm-none-eabi/lib/thumb/v7e-m+fp/hard/libc_nano.a(libc_a-abort.o)
                0x08005188                abort
 *fill*         0x08005196        0x2 
 .text.malloc   0x08005198       0x10 /opt/ST/STM32CubeCLT_1.16.0/GNU-tools-for-STM32/bin/../lib/gcc/arm-none-eabi/12.3.1/../../../../arm-none-eabi/lib/thumb/v7e-m+fp/hard/libc_nano.a(libc_a-malloc.o)
                0x08005198                malloc
 .text._raise_r
                0x080051a8       0x50 /opt/ST/STM32CubeCLT_1.16.0/GNU-tools-for-STM32/bin/../lib/gcc/arm-none-eabi/12.3.1/../../../../arm-none-eabi/lib/thumb/v7e-m+fp/hard/libc_nano.a(libc_a-signal.o)
                0x080051a8                _raise_r
 .text.raise    0x080051f8       0x10 /opt/ST/STM32CubeCLT_1.16.0/GNU-tools-for-STM32/bin/../lib/gcc/arm-none-eabi/12.3.1/../../../../arm-none-eabi/lib/thumb/v7e-m+fp/hard/libc_nano.a(libc_a-signal.o)
                0x080051f8                raise
 .text._kill_r  0x08005208       0x24 /opt/ST/STM32CubeCLT_1.16.0/GNU-tools-for-STM32/bin/../lib/gcc/arm-none-eabi/12.3.1/../../../../arm-none-eabi/lib/thumb/v7e-m+fp/hard/libc_nano.a(libc_a-signalr.o)
                0x08005208                _kill_r
 .text._getpid_r
                0x0800522c        0x4 /opt/ST/STM32CubeCLT_1.16.0/GNU-tools-for-STM32/bin/../lib/gcc/arm-none-eabi/12.3.1/../../../../arm-none-eabi/lib/thumb/v7e-m+fp/hard/libc_nano.a(libc_a-signalr.o)
                0x0800522c                _getpid_r
 .text.memcpy   0x08005230       0x1c /opt/ST/STM32CubeCLT_1.16.0/GNU-tools-for-STM32/bin/../lib/gcc/arm-none-eabi/12.3.1/../../../../arm-none-eabi/lib/thumb/v7e-m+fp/hard/libc_nano.a(libc_a-memcpy-stub.o)
                0x08005230                memcpy
 *(.glue_7)
 .glue_7        0x0800524c        0x0 linker stubs
 *(.glue_7t)
 .glue_7t       0x0800524c        0x0 linker stubs
 *(.eh_frame)
 .eh_frame      0x0800524c        0x0 /opt/ST/STM32CubeCLT_1.16.0/GNU-tools-for-STM32/bin/../lib/gcc/arm-none-eabi/12.3.1/thumb/v7e-m+fp/hard/crtbegin.o
 *(.init)
 .init          0x0800524c        0x4 /opt/ST/STM32CubeCLT_1.16.0/GNU-tools-for-STM32/bin/../lib/gcc/arm-none-eabi/12.3.1/thumb/v7e-m+fp/hard/crti.o
                0x0800524c                _init
 .init          0x08005250        0x8 /opt/ST/STM32CubeCLT_1.16.0/GNU-tools-for-STM32/bin/../lib/gcc/arm-none-eabi/12.3.1/thumb/v7e-m+fp/hard/crtn.o
 *(.fini)
 .fini          0x08005258        0x4 /opt/ST/STM32CubeCLT_1.16.0/GNU-tools-for-STM32/bin/../lib/gcc/arm-none-eabi/12.3.1/thumb/v7e-m+fp/hard/crti.o
                0x08005258                _fini
 .fini          0x0800525c        0x8 /opt/ST/STM32CubeCLT_1.16.0/GNU-tools-for-STM32/bin/../lib/gcc/arm-none-eabi/12.3.1/thumb/v7e-m+fp/hard/crtn.o
                0x08005264                        . = ALIGN (0x4)
                0x08005264                        _etext = .

.vfp11_veneer   0x08005264        0x0
 .vfp11_veneer  0x08005264        0x0 linker stubs

.v4_bx          0x08005264        0x0
 .v4_bx         0x08005264        0x0 linker stubs

.iplt           0x08005264        0x0
 .iplt          0x08005264        0x0 /opt/ST/STM32CubeCLT_1.16.0/GNU-tools-for-STM32/bin/../lib/gcc/arm-none-eabi/12.3.1/thumb/v7e-m+fp/hard/crtbegin.o

.rodata         0x08005264       0x24
                0x08005264                        . = ALIGN (0x4)
 *(.rodata)
 .rodata        0x08005264        0x4 build/encoder.o
 *(.rodata*)
 .rodata.flagBitshiftOffset.0
                0x08005268        0x8 build/stm32f4xx_hal_dma.o
 .rodata.APBPrescTable
                0x08005270        0x8 build/system_stm32f4xx.o
                0x08005270                APBPrescTable
 .rodata.AHBPrescTable
                0x08005278       0x10 build/system_stm32f4xx.o
                0x08005278                AHBPrescTable
                0x08005288                        . = ALIGN (0x4)

.ARM.extab      0x08005288       0x3c
 *(.ARM.extab* .gnu.linkonce.armextab.*)
 .ARM.extab.text._ZN10DigitalOutaSEb
                0x08005288        0xc build/app.o
 .ARM.extab.text.setup
                0x08005294        0xc build/app.o
 .ARM.extab.text._ZN5Timer7read_usEv
                0x080052a0        0xc build/Timer.o
 .ARM.extab.text._ZN14BufferedSerial4readEv
                0x080052ac        0x0 build/hardware.o
 .ARM.extab     0x080052ac       0x18 /opt/ST/STM32CubeCLT_1.16.0/GNU-tools-for-STM32/bin/../lib/gcc/arm-none-eabi/12.3.1/thumb/v7e-m+fp/hard/libgcc.a(pr-support.o)

.ARM            0x080052c4      0x128
                0x080052c4                        __exidx_start = .
 *(.ARM.exidx*)
 .ARM.exidx     0x080052c4        0x8 /opt/ST/STM32CubeCLT_1.16.0/GNU-tools-for-STM32/bin/../lib/gcc/arm-none-eabi/12.3.1/thumb/v7e-m+fp/hard/libgcc.a(_udivmoddi4.o)
 .ARM.exidx     0x080052cc       0x78 /opt/ST/STM32CubeCLT_1.16.0/GNU-tools-for-STM32/bin/../lib/gcc/arm-none-eabi/12.3.1/thumb/v7e-m+fp/hard/libgcc.a(unwind-arm.o)
                                 0xd8 (size before relaxing)
 .ARM.exidx     0x08005344       0x38 /opt/ST/STM32CubeCLT_1.16.0/GNU-tools-for-STM32/bin/../lib/gcc/arm-none-eabi/12.3.1/thumb/v7e-m+fp/hard/libgcc.a(pr-support.o)
 .ARM.exidx.text._Z41__static_initialization_and_destruction_0ii
                0x0800537c        0x0 build/app.o
                                  0x8 (size before relaxing)
 .ARM.exidx.text._ZN10DigitalOutaSEb
                0x0800537c        0x8 build/app.o
 .ARM.exidx.text.TimInterrupt1khz
                0x08005384        0x8 build/app.o
 .ARM.exidx.text.setup
                0x0800538c        0x8 build/app.o
 .ARM.exidx.text.main_app
                0x08005394        0x8 build/app.o
 .ARM.exidx.text._GLOBAL__sub_I_hardware
                0x0800539c        0x8 build/app.o
 .ARM.exidx.text._ZN9MovingAve9SetLengthEh
                0x080053a4        0x0 build/MovingAve.o
                                  0x8 (size before relaxing)
 .ARM.exidx.text._ZN9MovingAve7ComputeEf
                0x080053a4        0x0 build/MovingAve.o
                                  0x8 (size before relaxing)
 .ARM.exidx.text._ZN9MovingAve3GetEv
                0x080053a4        0x0 build/MovingAve.o
                                  0x8 (size before relaxing)
 .ARM.exidx.text._ZN5TimerC2Ev
                0x080053a4        0x0 build/Timer.o
                                  0x8 (size before relaxing)
 .ARM.exidx.text._ZN5Timer5resetEv
                0x080053a4        0x0 build/Timer.o
                                  0x8 (size before relaxing)
 .ARM.exidx.text._ZN5Timer4readEv
                0x080053a4        0x8 build/Timer.o
 .ARM.exidx.text._ZN5Timer7read_usEv
                0x080053ac        0x8 build/Timer.o
 .ARM.exidx.text._ZN7EncoderC2EP10DigitalOutPh
                0x080053b4        0x8 build/encoder.o
 .ARM.exidx.text._ZN7Encoder4ReadEv
                0x080053bc        0x8 build/encoder.o
 .ARM.exidx.text._ZN7Encoder11GetMotorRPSEh
                0x080053c4        0x8 build/encoder.o
 .ARM.exidx.text._ZN14BufferedSerial4readEv
                0x080053cc        0x0 build/hardware.o
                                  0x8 (size before relaxing)
 .ARM.exidx.text._ZN8HardwareC2Ev
                0x080053cc        0x8 build/hardware.o
 .ARM.exidx.text._ZN8Hardware4InitEv
                0x080053d4        0x8 build/hardware.o
 .ARM.exidx.text._ZN8Hardware10GetSensorsEv
                0x080053dc        0x0 build/hardware.o
                                  0x8 (size before relaxing)
 .ARM.exidx.text._ZN8Hardware8MainUartEv
                0x080053dc       0x10 build/hardware.o
                                  0x8 (size before relaxing)
                0x080053ec                        __exidx_end = .

.rel.dyn        0x080053ec        0x0
 .rel.iplt      0x080053ec        0x0 /opt/ST/STM32CubeCLT_1.16.0/GNU-tools-for-STM32/bin/../lib/gcc/arm-none-eabi/12.3.1/thumb/v7e-m+fp/hard/crtbegin.o

.preinit_array  0x080053ec        0x0
                0x080053ec                        PROVIDE (__preinit_array_start = .)
 *(.preinit_array*)
                0x080053ec                        PROVIDE (__preinit_array_end = .)

.init_array     0x080053ec        0x8
                0x080053ec                        PROVIDE (__init_array_start = .)
 *(SORT_BY_NAME(.init_array.*))
 *(.init_array*)
 .init_array    0x080053ec        0x4 /opt/ST/STM32CubeCLT_1.16.0/GNU-tools-for-STM32/bin/../lib/gcc/arm-none-eabi/12.3.1/thumb/v7e-m+fp/hard/crtbegin.o
 .init_array    0x080053f0        0x4 build/app.o
                0x080053f4                        PROVIDE (__init_array_end = .)

.fini_array     0x080053f4        0x4
                [!provide]                        PROVIDE (__fini_array_start = .)
 *(SORT_BY_NAME(.fini_array.*))
 *(.fini_array*)
 .fini_array    0x080053f4        0x4 /opt/ST/STM32CubeCLT_1.16.0/GNU-tools-for-STM32/bin/../lib/gcc/arm-none-eabi/12.3.1/thumb/v7e-m+fp/hard/crtbegin.o
                [!provide]                        PROVIDE (__fini_array_end = .)
                0x080053f8                        _sidata = LOADADDR (.data)

.data           0x20000000       0x5c load address 0x080053f8
                0x20000000                        . = ALIGN (0x4)
                0x20000000                        _sdata = .
 *(.data)
 *(.data*)
 .data.uwTickFreq
                0x20000000        0x1 build/stm32f4xx_hal.o
                0x20000000                uwTickFreq
 *fill*         0x20000001        0x3 
 .data.uwTickPrio
                0x20000004        0x4 build/stm32f4xx_hal.o
                0x20000004                uwTickPrio
 .data.SystemCoreClock
                0x20000008        0x4 build/system_stm32f4xx.o
                0x20000008                SystemCoreClock
 .data._impure_ptr
                0x2000000c        0x4 /opt/ST/STM32CubeCLT_1.16.0/GNU-tools-for-STM32/bin/../lib/gcc/arm-none-eabi/12.3.1/../../../../arm-none-eabi/lib/thumb/v7e-m+fp/hard/libc_nano.a(libc_a-impure.o)
                0x2000000c                _impure_ptr
 .data._impure_data
                0x20000010       0x4c /opt/ST/STM32CubeCLT_1.16.0/GNU-tools-for-STM32/bin/../lib/gcc/arm-none-eabi/12.3.1/../../../../arm-none-eabi/lib/thumb/v7e-m+fp/hard/libc_nano.a(libc_a-impure.o)
                0x20000010                _impure_data
                0x2000005c                        . = ALIGN (0x4)
                0x2000005c                        _edata = .

.igot.plt       0x2000005c        0x0 load address 0x08005454
 .igot.plt      0x2000005c        0x0 /opt/ST/STM32CubeCLT_1.16.0/GNU-tools-for-STM32/bin/../lib/gcc/arm-none-eabi/12.3.1/thumb/v7e-m+fp/hard/crtbegin.o
                0x2000005c                        . = ALIGN (0x4)

.bss            0x20000060     0x1154 load address 0x08005454
                0x20000060                        _sbss = .
                0x20000060                        __bss_start__ = _sbss
 *(.bss)
 .bss           0x20000060       0x1c /opt/ST/STM32CubeCLT_1.16.0/GNU-tools-for-STM32/bin/../lib/gcc/arm-none-eabi/12.3.1/thumb/v7e-m+fp/hard/crtbegin.o
 *(.bss*)
 .bss.hdma_adc1
                0x2000007c       0x60 build/adc.o
                0x2000007c                hdma_adc1
 .bss.hadc1     0x200000dc       0x48 build/adc.o
                0x200000dc                hadc1
 .bss.hdma_usart6_tx
                0x20000124       0x60 build/usart.o
                0x20000124                hdma_usart6_tx
 .bss.hdma_usart6_rx
                0x20000184       0x60 build/usart.o
                0x20000184                hdma_usart6_rx
 .bss.huart6    0x200001e4       0x48 build/usart.o
                0x200001e4                huart6
 .bss.uwTick    0x2000022c        0x4 build/stm32f4xx_hal.o
                0x2000022c                uwTick
 .bss.__sbrk_heap_end
                0x20000230        0x4 build/sysmem.o
 .bss.htim6     0x20000234       0x48 build/tim.o
                0x20000234                htim6
 .bss._ZZ16TimInterrupt1khzE1i
                0x2000027c        0x1 build/app.o
 *fill*         0x2000027d        0x3 
 .bss.encoder   0x20000280       0x10 build/app.o
                0x20000280                encoder
 .bss.process_freq
                0x20000290        0x4 build/app.o
                0x20000290                process_freq
 .bss.process_time_
                0x20000294        0x2 build/app.o
                0x20000294                process_time_
 *fill*         0x20000296        0x2 
 .bss.process_timer
                0x20000298        0x4 build/app.o
                0x20000298                process_timer
 *fill*         0x2000029c        0x4 
 .bss.hardware  0x200002a0      0xdb0 build/app.o
                0x200002a0                hardware
 .bss.adc_get_val
                0x20001050       0x18 build/hardware.o
                0x20001050                adc_get_val
 .bss.__sf      0x20001068      0x138 /opt/ST/STM32CubeCLT_1.16.0/GNU-tools-for-STM32/bin/../lib/gcc/arm-none-eabi/12.3.1/../../../../arm-none-eabi/lib/thumb/v7e-m+fp/hard/libc_nano.a(libc_a-findfp.o)
                0x20001068                __sf
 .bss.__lock___malloc_recursive_mutex
                0x200011a0        0x1 /opt/ST/STM32CubeCLT_1.16.0/GNU-tools-for-STM32/bin/../lib/gcc/arm-none-eabi/12.3.1/../../../../arm-none-eabi/lib/thumb/v7e-m+fp/hard/libc_nano.a(libc_a-lock.o)
                0x200011a0                __lock___malloc_recursive_mutex
 *fill*         0x200011a1        0x3 
 .bss.__malloc_sbrk_start
                0x200011a4        0x4 /opt/ST/STM32CubeCLT_1.16.0/GNU-tools-for-STM32/bin/../lib/gcc/arm-none-eabi/12.3.1/../../../../arm-none-eabi/lib/thumb/v7e-m+fp/hard/libc_nano.a(libc_a-mallocr.o)
                0x200011a4                __malloc_sbrk_start
 .bss.__malloc_free_list
                0x200011a8        0x4 /opt/ST/STM32CubeCLT_1.16.0/GNU-tools-for-STM32/bin/../lib/gcc/arm-none-eabi/12.3.1/../../../../arm-none-eabi/lib/thumb/v7e-m+fp/hard/libc_nano.a(libc_a-mallocr.o)
                0x200011a8                __malloc_free_list
 .bss.errno     0x200011ac        0x4 /opt/ST/STM32CubeCLT_1.16.0/GNU-tools-for-STM32/bin/../lib/gcc/arm-none-eabi/12.3.1/../../../../arm-none-eabi/lib/thumb/v7e-m+fp/hard/libc_nano.a(libc_a-reent.o)
                0x200011ac                errno
 .bss._ZN12_GLOBAL__N_113__new_handlerE
                0x200011b0        0x4 /opt/ST/STM32CubeCLT_1.16.0/GNU-tools-for-STM32/bin/../lib/gcc/arm-none-eabi/12.3.1/../../../../arm-none-eabi/lib/thumb/v7e-m+fp/hard/libstdc++_nano.a(new_handler.o)
 *(COMMON)
                0x200011b4                        . = ALIGN (0x4)
                0x200011b4                        _ebss = .
                0x200011b4                        __bss_end__ = _ebss

._user_heap_stack
                0x200011b4      0x604 load address 0x08005454
                0x200011b8                        . = ALIGN (0x8)
 *fill*         0x200011b4        0x4 
                [!provide]                        PROVIDE (end = .)
                0x200011b8                        PROVIDE (_end = .)
                0x200013b8                        . = (. + _Min_Heap_Size)
 *fill*         0x200011b8      0x200 
                0x200017b8                        . = (. + _Min_Stack_Size)
 *fill*         0x200013b8      0x400 
                0x200017b8                        . = ALIGN (0x8)

/DISCARD/
 libc.a(*)
 libm.a(*)
 libgcc.a(*)

.ARM.attributes
                0x00000000       0x30
 *(.ARM.attributes)
 .ARM.attributes
                0x00000000       0x22 /opt/ST/STM32CubeCLT_1.16.0/GNU-tools-for-STM32/bin/../lib/gcc/arm-none-eabi/12.3.1/thumb/v7e-m+fp/hard/crti.o
 .ARM.attributes
                0x00000022       0x34 /opt/ST/STM32CubeCLT_1.16.0/GNU-tools-for-STM32/bin/../lib/gcc/arm-none-eabi/12.3.1/thumb/v7e-m+fp/hard/crtbegin.o
 .ARM.attributes
                0x00000056       0x34 build/main.o
 .ARM.attributes
                0x0000008a       0x34 build/gpio.o
 .ARM.attributes
                0x000000be       0x34 build/adc.o
 .ARM.attributes
                0x000000f2       0x34 build/dma.o
 .ARM.attributes
                0x00000126       0x34 build/usart.o
 .ARM.attributes
                0x0000015a       0x34 build/stm32f4xx_it.o
 .ARM.attributes
                0x0000018e       0x34 build/stm32f4xx_hal_msp.o
 .ARM.attributes
                0x000001c2       0x34 build/stm32f4xx_hal_adc.o
 .ARM.attributes
                0x000001f6       0x34 build/stm32f4xx_hal_rcc.o
 .ARM.attributes
                0x0000022a       0x34 build/stm32f4xx_hal_rcc_ex.o
 .ARM.attributes
                0x0000025e       0x34 build/stm32f4xx_hal_gpio.o
 .ARM.attributes
                0x00000292       0x34 build/stm32f4xx_hal_dma.o
 .ARM.attributes
                0x000002c6       0x34 build/stm32f4xx_hal_pwr_ex.o
 .ARM.attributes
                0x000002fa       0x34 build/stm32f4xx_hal_cortex.o
 .ARM.attributes
                0x0000032e       0x34 build/stm32f4xx_hal.o
 .ARM.attributes
                0x00000362       0x34 build/stm32f4xx_hal_tim.o
 .ARM.attributes
                0x00000396       0x34 build/stm32f4xx_hal_tim_ex.o
 .ARM.attributes
                0x000003ca       0x34 build/stm32f4xx_hal_uart.o
 .ARM.attributes
                0x000003fe       0x34 build/system_stm32f4xx.o
 .ARM.attributes
                0x00000432       0x34 build/sysmem.o
 .ARM.attributes
                0x00000466       0x34 build/syscalls.o
 .ARM.attributes
                0x0000049a       0x34 build/tim.o
 .ARM.attributes
                0x000004ce       0x21 build/startup_stm32f446xx.o
 .ARM.attributes
                0x000004ef       0x34 build/app.o
 .ARM.attributes
                0x00000523       0x34 build/MovingAve.o
 .ARM.attributes
                0x00000557       0x34 build/Timer.o
 .ARM.attributes
                0x0000058b       0x34 build/encoder.o
 .ARM.attributes
                0x000005bf       0x34 build/hardware.o
 .ARM.attributes
                0x000005f3       0x34 /opt/ST/STM32CubeCLT_1.16.0/GNU-tools-for-STM32/bin/../lib/gcc/arm-none-eabi/12.3.1/../../../../arm-none-eabi/lib/thumb/v7e-m+fp/hard/libc_nano.a(libc_a-findfp.o)
 .ARM.attributes
                0x00000627       0x34 /opt/ST/STM32CubeCLT_1.16.0/GNU-tools-for-STM32/bin/../lib/gcc/arm-none-eabi/12.3.1/../../../../arm-none-eabi/lib/thumb/v7e-m+fp/hard/libc_nano.a(libc_a-memset.o)
 .ARM.attributes
                0x0000065b       0x34 /opt/ST/STM32CubeCLT_1.16.0/GNU-tools-for-STM32/bin/../lib/gcc/arm-none-eabi/12.3.1/../../../../arm-none-eabi/lib/thumb/v7e-m+fp/hard/libc_nano.a(libc_a-impure.o)
 .ARM.attributes
                0x0000068f       0x34 /opt/ST/STM32CubeCLT_1.16.0/GNU-tools-for-STM32/bin/../lib/gcc/arm-none-eabi/12.3.1/../../../../arm-none-eabi/lib/thumb/v7e-m+fp/hard/libc_nano.a(libc_a-errno.o)
 .ARM.attributes
                0x000006c3       0x34 /opt/ST/STM32CubeCLT_1.16.0/GNU-tools-for-STM32/bin/../lib/gcc/arm-none-eabi/12.3.1/../../../../arm-none-eabi/lib/thumb/v7e-m+fp/hard/libc_nano.a(libc_a-init.o)
 .ARM.attributes
                0x000006f7       0x34 /opt/ST/STM32CubeCLT_1.16.0/GNU-tools-for-STM32/bin/../lib/gcc/arm-none-eabi/12.3.1/../../../../arm-none-eabi/lib/thumb/v7e-m+fp/hard/libc_nano.a(libc_a-lock.o)
 .ARM.attributes
                0x0000072b       0x34 /opt/ST/STM32CubeCLT_1.16.0/GNU-tools-for-STM32/bin/../lib/gcc/arm-none-eabi/12.3.1/../../../../arm-none-eabi/lib/thumb/v7e-m+fp/hard/libc_nano.a(libc_a-mallocr.o)
 .ARM.attributes
                0x0000075f       0x34 /opt/ST/STM32CubeCLT_1.16.0/GNU-tools-for-STM32/bin/../lib/gcc/arm-none-eabi/12.3.1/../../../../arm-none-eabi/lib/thumb/v7e-m+fp/hard/libc_nano.a(libc_a-mlock.o)
 .ARM.attributes
                0x00000793       0x34 /opt/ST/STM32CubeCLT_1.16.0/GNU-tools-for-STM32/bin/../lib/gcc/arm-none-eabi/12.3.1/../../../../arm-none-eabi/lib/thumb/v7e-m+fp/hard/libc_nano.a(libc_a-reent.o)
 .ARM.attributes
                0x000007c7       0x34 /opt/ST/STM32CubeCLT_1.16.0/GNU-tools-for-STM32/bin/../lib/gcc/arm-none-eabi/12.3.1/../../../../arm-none-eabi/lib/thumb/v7e-m+fp/hard/libc_nano.a(libc_a-sbrkr.o)
 .ARM.attributes
                0x000007fb       0x34 /opt/ST/STM32CubeCLT_1.16.0/GNU-tools-for-STM32/bin/../lib/gcc/arm-none-eabi/12.3.1/../../../../arm-none-eabi/lib/thumb/v7e-m+fp/hard/libstdc++_nano.a(new_opv.o)
 .ARM.attributes
                0x0000082f       0x34 /opt/ST/STM32CubeCLT_1.16.0/GNU-tools-for-STM32/bin/../lib/gcc/arm-none-eabi/12.3.1/../../../../arm-none-eabi/lib/thumb/v7e-m+fp/hard/libstdc++_nano.a(new_op.o)
 .ARM.attributes
                0x00000863       0x34 /opt/ST/STM32CubeCLT_1.16.0/GNU-tools-for-STM32/bin/../lib/gcc/arm-none-eabi/12.3.1/../../../../arm-none-eabi/lib/thumb/v7e-m+fp/hard/libstdc++_nano.a(new_handler.o)
 .ARM.attributes
                0x00000897       0x22 /opt/ST/STM32CubeCLT_1.16.0/GNU-tools-for-STM32/bin/../lib/gcc/arm-none-eabi/12.3.1/thumb/v7e-m+fp/hard/libgcc.a(_arm_addsubdf3.o)
 .ARM.attributes
                0x000008b9       0x22 /opt/ST/STM32CubeCLT_1.16.0/GNU-tools-for-STM32/bin/../lib/gcc/arm-none-eabi/12.3.1/thumb/v7e-m+fp/hard/libgcc.a(_arm_muldivdf3.o)
 .ARM.attributes
                0x000008db       0x22 /opt/ST/STM32CubeCLT_1.16.0/GNU-tools-for-STM32/bin/../lib/gcc/arm-none-eabi/12.3.1/thumb/v7e-m+fp/hard/libgcc.a(_arm_cmpdf2.o)
 .ARM.attributes
                0x000008fd       0x22 /opt/ST/STM32CubeCLT_1.16.0/GNU-tools-for-STM32/bin/../lib/gcc/arm-none-eabi/12.3.1/thumb/v7e-m+fp/hard/libgcc.a(_arm_fixunsdfsi.o)
 .ARM.attributes
                0x0000091f       0x22 /opt/ST/STM32CubeCLT_1.16.0/GNU-tools-for-STM32/bin/../lib/gcc/arm-none-eabi/12.3.1/thumb/v7e-m+fp/hard/libgcc.a(_arm_truncdfsf2.o)
 .ARM.attributes
                0x00000941       0x22 /opt/ST/STM32CubeCLT_1.16.0/GNU-tools-for-STM32/bin/../lib/gcc/arm-none-eabi/12.3.1/thumb/v7e-m+fp/hard/libgcc.a(_aeabi_uldivmod.o)
 .ARM.attributes
                0x00000963       0x34 /opt/ST/STM32CubeCLT_1.16.0/GNU-tools-for-STM32/bin/../lib/gcc/arm-none-eabi/12.3.1/thumb/v7e-m+fp/hard/libgcc.a(_udivmoddi4.o)
 .ARM.attributes
                0x00000997       0x34 /opt/ST/STM32CubeCLT_1.16.0/GNU-tools-for-STM32/bin/../lib/gcc/arm-none-eabi/12.3.1/thumb/v7e-m+fp/hard/libgcc.a(unwind-arm.o)
 .ARM.attributes
                0x000009cb       0x22 /opt/ST/STM32CubeCLT_1.16.0/GNU-tools-for-STM32/bin/../lib/gcc/arm-none-eabi/12.3.1/thumb/v7e-m+fp/hard/libgcc.a(libunwind.o)
 .ARM.attributes
                0x000009ed       0x34 /opt/ST/STM32CubeCLT_1.16.0/GNU-tools-for-STM32/bin/../lib/gcc/arm-none-eabi/12.3.1/thumb/v7e-m+fp/hard/libgcc.a(pr-support.o)
 .ARM.attributes
                0x00000a21       0x22 /opt/ST/STM32CubeCLT_1.16.0/GNU-tools-for-STM32/bin/../lib/gcc/arm-none-eabi/12.3.1/thumb/v7e-m+fp/hard/libgcc.a(_dvmd_tls.o)
 .ARM.attributes
                0x00000a43       0x34 /opt/ST/STM32CubeCLT_1.16.0/GNU-tools-for-STM32/bin/../lib/gcc/arm-none-eabi/12.3.1/../../../../arm-none-eabi/lib/thumb/v7e-m+fp/hard/libc_nano.a(libc_a-abort.o)
 .ARM.attributes
                0x00000a77       0x34 /opt/ST/STM32CubeCLT_1.16.0/GNU-tools-for-STM32/bin/../lib/gcc/arm-none-eabi/12.3.1/../../../../arm-none-eabi/lib/thumb/v7e-m+fp/hard/libc_nano.a(libc_a-malloc.o)
 .ARM.attributes
                0x00000aab       0x34 /opt/ST/STM32CubeCLT_1.16.0/GNU-tools-for-STM32/bin/../lib/gcc/arm-none-eabi/12.3.1/../../../../arm-none-eabi/lib/thumb/v7e-m+fp/hard/libc_nano.a(libc_a-signal.o)
 .ARM.attributes
                0x00000adf       0x34 /opt/ST/STM32CubeCLT_1.16.0/GNU-tools-for-STM32/bin/../lib/gcc/arm-none-eabi/12.3.1/../../../../arm-none-eabi/lib/thumb/v7e-m+fp/hard/libc_nano.a(libc_a-signalr.o)
 .ARM.attributes
                0x00000b13       0x34 /opt/ST/STM32CubeCLT_1.16.0/GNU-tools-for-STM32/bin/../lib/gcc/arm-none-eabi/12.3.1/../../../../arm-none-eabi/lib/thumb/v7e-m+fp/hard/libc_nano.a(libc_a-memcpy-stub.o)
 .ARM.attributes
                0x00000b47       0x22 /opt/ST/STM32CubeCLT_1.16.0/GNU-tools-for-STM32/bin/../lib/gcc/arm-none-eabi/12.3.1/thumb/v7e-m+fp/hard/crtn.o
OUTPUT(build/F446RE_line.elf elf32-littlearm)
LOAD linker stubs
LOAD /opt/ST/STM32CubeCLT_1.16.0/GNU-tools-for-STM32/bin/../lib/gcc/arm-none-eabi/12.3.1/../../../../arm-none-eabi/lib/thumb/v7e-m+fp/hard/libc.a
LOAD /opt/ST/STM32CubeCLT_1.16.0/GNU-tools-for-STM32/bin/../lib/gcc/arm-none-eabi/12.3.1/../../../../arm-none-eabi/lib/thumb/v7e-m+fp/hard/libm.a
LOAD /opt/ST/STM32CubeCLT_1.16.0/GNU-tools-for-STM32/bin/../lib/gcc/arm-none-eabi/12.3.1/thumb/v7e-m+fp/hard/libgcc.a

.debug_info     0x00000000    0x1cec8
 .debug_info    0x00000000      0xe39 build/main.o
 .debug_info    0x00000e39      0x5ad build/gpio.o
 .debug_info    0x000013e6      0xecb build/adc.o
 .debug_info    0x000022b1      0x633 build/dma.o
 .debug_info    0x000028e4      0xeea build/usart.o
 .debug_info    0x000037ce      0xbd9 build/stm32f4xx_it.o
 .debug_info    0x000043a7      0x32f build/stm32f4xx_hal_msp.o
 .debug_info    0x000046d6     0x1039 build/stm32f4xx_hal_adc.o
 .debug_info    0x0000570f      0xc5d build/stm32f4xx_hal_rcc.o
 .debug_info    0x0000636c      0xdd1 build/stm32f4xx_hal_rcc_ex.o
 .debug_info    0x0000713d      0x8ac build/stm32f4xx_hal_gpio.o
 .debug_info    0x000079e9      0xbce build/stm32f4xx_hal_dma.o
 .debug_info    0x000085b7      0x87d build/stm32f4xx_hal_pwr_ex.o
 .debug_info    0x00008e34     0x11c4 build/stm32f4xx_hal_cortex.o
 .debug_info    0x00009ff8      0xb5c build/stm32f4xx_hal.o
 .debug_info    0x0000ab54     0x412d build/stm32f4xx_hal_tim.o
 .debug_info    0x0000ec81     0x1d81 build/stm32f4xx_hal_tim_ex.o
 .debug_info    0x00010a02     0x436c build/stm32f4xx_hal_uart.o
 .debug_info    0x00014d6e      0x5f7 build/system_stm32f4xx.o
 .debug_info    0x00015365      0x18c build/sysmem.o
 .debug_info    0x000154f1      0x841 build/syscalls.o
 .debug_info    0x00015d32      0xdc6 build/tim.o
 .debug_info    0x00016af8       0x30 build/startup_stm32f446xx.o
 .debug_info    0x00016b28     0x1e86 build/app.o
 .debug_info    0x000189ae      0x2fc build/MovingAve.o
 .debug_info    0x00018caa      0x66a build/Timer.o
 .debug_info    0x00019314     0x141f build/encoder.o
 .debug_info    0x0001a733     0x2795 build/hardware.o

.debug_abbrev   0x00000000     0x40b5
 .debug_abbrev  0x00000000      0x27d build/main.o
 .debug_abbrev  0x0000027d      0x160 build/gpio.o
 .debug_abbrev  0x000003dd      0x210 build/adc.o
 .debug_abbrev  0x000005ed      0x12f build/dma.o
 .debug_abbrev  0x0000071c      0x240 build/usart.o
 .debug_abbrev  0x0000095c      0x1b3 build/stm32f4xx_it.o
 .debug_abbrev  0x00000b0f       0xd3 build/stm32f4xx_hal_msp.o
 .debug_abbrev  0x00000be2      0x2c7 build/stm32f4xx_hal_adc.o
 .debug_abbrev  0x00000ea9      0x2de build/stm32f4xx_hal_rcc.o
 .debug_abbrev  0x00001187      0x25f build/stm32f4xx_hal_rcc_ex.o
 .debug_abbrev  0x000013e6      0x22b build/stm32f4xx_hal_gpio.o
 .debug_abbrev  0x00001611      0x2fe build/stm32f4xx_hal_dma.o
 .debug_abbrev  0x0000190f      0x1e0 build/stm32f4xx_hal_pwr_ex.o
 .debug_abbrev  0x00001aef      0x3ca build/stm32f4xx_hal_cortex.o
 .debug_abbrev  0x00001eb9      0x244 build/stm32f4xx_hal.o
 .debug_abbrev  0x000020fd      0x2bd build/stm32f4xx_hal_tim.o
 .debug_abbrev  0x000023ba      0x2b7 build/stm32f4xx_hal_tim_ex.o
 .debug_abbrev  0x00002671      0x36f build/stm32f4xx_hal_uart.o
 .debug_abbrev  0x000029e0      0x11b build/system_stm32f4xx.o
 .debug_abbrev  0x00002afb       0xeb build/sysmem.o
 .debug_abbrev  0x00002be6      0x1e0 build/syscalls.o
 .debug_abbrev  0x00002dc6      0x21a build/tim.o
 .debug_abbrev  0x00002fe0       0x1d build/startup_stm32f446xx.o
 .debug_abbrev  0x00002ffd      0x411 build/app.o
 .debug_abbrev  0x0000340e      0x188 build/MovingAve.o
 .debug_abbrev  0x00003596      0x227 build/Timer.o
 .debug_abbrev  0x000037bd      0x418 build/encoder.o
 .debug_abbrev  0x00003bd5      0x4e0 build/hardware.o

.debug_loc      0x00000000    0x12a2e
 .debug_loc     0x00000000       0xc8 build/main.o
 .debug_loc     0x000000c8       0x38 build/gpio.o
 .debug_loc     0x00000100      0x119 build/adc.o
 .debug_loc     0x00000219       0x38 build/dma.o
 .debug_loc     0x00000251       0xf5 build/usart.o
 .debug_loc     0x00000346       0xc0 build/stm32f4xx_it.o
 .debug_loc     0x00000406       0x2c build/stm32f4xx_hal_msp.o
 .debug_loc     0x00000432      0xeba build/stm32f4xx_hal_adc.o
 .debug_loc     0x000012ec      0x6e4 build/stm32f4xx_hal_rcc.o
 .debug_loc     0x000019d0     0x100b build/stm32f4xx_hal_rcc_ex.o
 .debug_loc     0x000029db      0x5db build/stm32f4xx_hal_gpio.o
 .debug_loc     0x00002fb6      0xd6d build/stm32f4xx_hal_dma.o
 .debug_loc     0x00003d23      0x350 build/stm32f4xx_hal_pwr_ex.o
 .debug_loc     0x00004073      0x7c7 build/stm32f4xx_hal_cortex.o
 .debug_loc     0x0000483a      0x1e1 build/stm32f4xx_hal.o
 .debug_loc     0x00004a1b     0x5c3b build/stm32f4xx_hal_tim.o
 .debug_loc     0x0000a656     0x2168 build/stm32f4xx_hal_tim_ex.o
 .debug_loc     0x0000c7be     0x4d3f build/stm32f4xx_hal_uart.o
 .debug_loc     0x000114fd      0x158 build/system_stm32f4xx.o
 .debug_loc     0x00011655       0x84 build/sysmem.o
 .debug_loc     0x000116d9      0x511 build/syscalls.o
 .debug_loc     0x00011bea      0x103 build/tim.o
 .debug_loc     0x00011ced      0x1c2 build/app.o
 .debug_loc     0x00011eaf      0x131 build/MovingAve.o
 .debug_loc     0x00011fe0      0x2ec build/Timer.o
 .debug_loc     0x000122cc      0x19f build/encoder.o
 .debug_loc     0x0001246b      0x5c3 build/hardware.o

.debug_aranges  0x00000000     0x1078
 .debug_aranges
                0x00000000       0x38 build/main.o
 .debug_aranges
                0x00000038       0x20 build/gpio.o
 .debug_aranges
                0x00000058       0x30 build/adc.o
 .debug_aranges
                0x00000088       0x20 build/dma.o
 .debug_aranges
                0x000000a8       0x30 build/usart.o
 .debug_aranges
                0x000000d8       0x88 build/stm32f4xx_it.o
 .debug_aranges
                0x00000160       0x20 build/stm32f4xx_hal_msp.o
 .debug_aranges
                0x00000180       0xe8 build/stm32f4xx_hal_adc.o
 .debug_aranges
                0x00000268       0x88 build/stm32f4xx_hal_rcc.o
 .debug_aranges
                0x000002f0       0x78 build/stm32f4xx_hal_rcc_ex.o
 .debug_aranges
                0x00000368       0x58 build/stm32f4xx_hal_gpio.o
 .debug_aranges
                0x000003c0       0x90 build/stm32f4xx_hal_dma.o
 .debug_aranges
                0x00000450       0x60 build/stm32f4xx_hal_pwr_ex.o
 .debug_aranges
                0x000004b0       0xf8 build/stm32f4xx_hal_cortex.o
 .debug_aranges
                0x000005a8       0xf0 build/stm32f4xx_hal.o
 .debug_aranges
                0x00000698      0x3d0 build/stm32f4xx_hal_tim.o
 .debug_aranges
                0x00000a68      0x168 build/stm32f4xx_hal_tim_ex.o
 .debug_aranges
                0x00000bd0      0x208 build/stm32f4xx_hal_uart.o
 .debug_aranges
                0x00000dd8       0x28 build/system_stm32f4xx.o
 .debug_aranges
                0x00000e00       0x20 build/sysmem.o
 .debug_aranges
                0x00000e20       0xa8 build/syscalls.o
 .debug_aranges
                0x00000ec8       0x30 build/tim.o
 .debug_aranges
                0x00000ef8       0x28 build/startup_stm32f446xx.o
 .debug_aranges
                0x00000f20       0x48 build/app.o
 .debug_aranges
                0x00000f68       0x38 build/MovingAve.o
 .debug_aranges
                0x00000fa0       0x68 build/Timer.o
 .debug_aranges
                0x00001008       0x30 build/encoder.o
 .debug_aranges
                0x00001038       0x40 build/hardware.o

.debug_ranges   0x00000000      0xf08
 .debug_ranges  0x00000000       0x28 build/main.o
 .debug_ranges  0x00000028       0x10 build/gpio.o
 .debug_ranges  0x00000038       0x20 build/adc.o
 .debug_ranges  0x00000058       0x10 build/dma.o
 .debug_ranges  0x00000068       0x20 build/usart.o
 .debug_ranges  0x00000088       0x78 build/stm32f4xx_it.o
 .debug_ranges  0x00000100       0x10 build/stm32f4xx_hal_msp.o
 .debug_ranges  0x00000110       0xd8 build/stm32f4xx_hal_adc.o
 .debug_ranges  0x000001e8       0x90 build/stm32f4xx_hal_rcc.o
 .debug_ranges  0x00000278       0x80 build/stm32f4xx_hal_rcc_ex.o
 .debug_ranges  0x000002f8       0x48 build/stm32f4xx_hal_gpio.o
 .debug_ranges  0x00000340       0x80 build/stm32f4xx_hal_dma.o
 .debug_ranges  0x000003c0       0x50 build/stm32f4xx_hal_pwr_ex.o
 .debug_ranges  0x00000410       0xe8 build/stm32f4xx_hal_cortex.o
 .debug_ranges  0x000004f8       0xe0 build/stm32f4xx_hal.o
 .debug_ranges  0x000005d8      0x3c0 build/stm32f4xx_hal_tim.o
 .debug_ranges  0x00000998      0x158 build/stm32f4xx_hal_tim_ex.o
 .debug_ranges  0x00000af0      0x210 build/stm32f4xx_hal_uart.o
 .debug_ranges  0x00000d00       0x18 build/system_stm32f4xx.o
 .debug_ranges  0x00000d18       0x10 build/sysmem.o
 .debug_ranges  0x00000d28       0x98 build/syscalls.o
 .debug_ranges  0x00000dc0       0x20 build/tim.o
 .debug_ranges  0x00000de0       0x20 build/startup_stm32f446xx.o
 .debug_ranges  0x00000e00       0x38 build/app.o
 .debug_ranges  0x00000e38       0x28 build/MovingAve.o
 .debug_ranges  0x00000e60       0x58 build/Timer.o
 .debug_ranges  0x00000eb8       0x20 build/encoder.o
 .debug_ranges  0x00000ed8       0x30 build/hardware.o

.debug_line     0x00000000    0x13992
 .debug_line    0x00000000      0x3b9 build/main.o
 .debug_line    0x000003b9      0x1f4 build/gpio.o
 .debug_line    0x000005ad      0x503 build/adc.o
 .debug_line    0x00000ab0      0x181 build/dma.o
 .debug_line    0x00000c31      0x3a5 build/usart.o
 .debug_line    0x00000fd6      0x347 build/stm32f4xx_it.o
 .debug_line    0x0000131d      0x155 build/stm32f4xx_hal_msp.o
 .debug_line    0x00001472     0x1121 build/stm32f4xx_hal_adc.o
 .debug_line    0x00002593      0xb41 build/stm32f4xx_hal_rcc.o
 .debug_line    0x000030d4     0x1396 build/stm32f4xx_hal_rcc_ex.o
 .debug_line    0x0000446a      0x6b2 build/stm32f4xx_hal_gpio.o
 .debug_line    0x00004b1c      0xe59 build/stm32f4xx_hal_dma.o
 .debug_line    0x00005975      0x49e build/stm32f4xx_hal_pwr_ex.o
 .debug_line    0x00005e13      0x852 build/stm32f4xx_hal_cortex.o
 .debug_line    0x00006665      0x565 build/stm32f4xx_hal.o
 .debug_line    0x00006bca     0x4a77 build/stm32f4xx_hal_tim.o
 .debug_line    0x0000b641     0x1d10 build/stm32f4xx_hal_tim_ex.o
 .debug_line    0x0000d351     0x42be build/stm32f4xx_hal_uart.o
 .debug_line    0x0001160f      0x24d build/system_stm32f4xx.o
 .debug_line    0x0001185c      0x1b9 build/sysmem.o
 .debug_line    0x00011a15      0x3d0 build/syscalls.o
 .debug_line    0x00011de5      0x2ad build/tim.o
 .debug_line    0x00012092       0x76 build/startup_stm32f446xx.o
 .debug_line    0x00012108      0x5a2 build/app.o
 .debug_line    0x000126aa      0x226 build/MovingAve.o
 .debug_line    0x000128d0      0x395 build/Timer.o
 .debug_line    0x00012c65      0x560 build/encoder.o
 .debug_line    0x000131c5      0x7cd build/hardware.o

.debug_str      0x00000000     0x5559
 .debug_str     0x00000000      0x96b build/main.o
                                0xa7c (size before relaxing)
 .debug_str     0x0000096b       0xb2 build/gpio.o
                                0x38f (size before relaxing)
 .debug_str     0x00000a1d      0x20e build/adc.o
                                0x828 (size before relaxing)
 .debug_str     0x00000c2b      0x556 build/dma.o
                                0x823 (size before relaxing)
 .debug_str     0x00001181      0x230 build/usart.o
                                0xdfa (size before relaxing)
 .debug_str     0x000013b1      0x15c build/stm32f4xx_it.o
                                0xa54 (size before relaxing)
 .debug_str     0x0000150d       0x29 build/stm32f4xx_hal_msp.o
                                0x2d0 (size before relaxing)
 .debug_str     0x00001536      0x2e9 build/stm32f4xx_hal_adc.o
                                0x952 (size before relaxing)
 .debug_str     0x0000181f      0x1fe build/stm32f4xx_hal_rcc.o
                                0x720 (size before relaxing)
 .debug_str     0x00001a1d      0x344 build/stm32f4xx_hal_rcc_ex.o
                                0x807 (size before relaxing)
 .debug_str     0x00001d61      0x117 build/stm32f4xx_hal_gpio.o
                                0x4f5 (size before relaxing)
 .debug_str     0x00001e78      0x2bd build/stm32f4xx_hal_dma.o
                                0x766 (size before relaxing)
 .debug_str     0x00002135      0x187 build/stm32f4xx_hal_pwr_ex.o
                                0x4e0 (size before relaxing)
 .debug_str     0x000022bc      0x4ac build/stm32f4xx_hal_cortex.o
                                0xca6 (size before relaxing)
 .debug_str     0x00002768      0x286 build/stm32f4xx_hal.o
                                0xbba (size before relaxing)
 .debug_str     0x000029ee      0xedf build/stm32f4xx_hal_tim.o
                               0x16ef (size before relaxing)
 .debug_str     0x000038cd      0x55b build/stm32f4xx_hal_tim_ex.o
                                0xefb (size before relaxing)
 .debug_str     0x00003e28      0x5f9 build/stm32f4xx_hal_uart.o
                                0xd8b (size before relaxing)
 .debug_str     0x00004421       0x47 build/system_stm32f4xx.o
                                0x38a (size before relaxing)
 .debug_str     0x00004468       0x7a build/sysmem.o
                                0x215 (size before relaxing)
 .debug_str     0x000044e2      0x203 build/syscalls.o
                                0x3e9 (size before relaxing)
 .debug_str     0x000046e5       0x1e build/tim.o
                                0xe62 (size before relaxing)
 .debug_str     0x00004703       0x32 build/startup_stm32f446xx.o
                                 0x69 (size before relaxing)
 .debug_str     0x00004735      0xaf5 build/app.o
                               0x1244 (size before relaxing)
 .debug_str     0x0000522a       0x49 build/MovingAve.o
                                0x29d (size before relaxing)
 .debug_str     0x00005273      0x12f build/Timer.o
                                0x3e5 (size before relaxing)
 .debug_str     0x000053a2       0x8b build/encoder.o
                                0x9a1 (size before relaxing)
 .debug_str     0x0000542d      0x12c build/hardware.o
                               0x1484 (size before relaxing)

.comment        0x00000000       0x43
 .comment       0x00000000       0x43 build/main.o
                                 0x44 (size before relaxing)
 .comment       0x00000043       0x44 build/gpio.o
 .comment       0x00000043       0x44 build/adc.o
 .comment       0x00000043       0x44 build/dma.o
 .comment       0x00000043       0x44 build/usart.o
 .comment       0x00000043       0x44 build/stm32f4xx_it.o
 .comment       0x00000043       0x44 build/stm32f4xx_hal_msp.o
 .comment       0x00000043       0x44 build/stm32f4xx_hal_adc.o
 .comment       0x00000043       0x44 build/stm32f4xx_hal_rcc.o
 .comment       0x00000043       0x44 build/stm32f4xx_hal_rcc_ex.o
 .comment       0x00000043       0x44 build/stm32f4xx_hal_gpio.o
 .comment       0x00000043       0x44 build/stm32f4xx_hal_dma.o
 .comment       0x00000043       0x44 build/stm32f4xx_hal_pwr_ex.o
 .comment       0x00000043       0x44 build/stm32f4xx_hal_cortex.o
 .comment       0x00000043       0x44 build/stm32f4xx_hal.o
 .comment       0x00000043       0x44 build/stm32f4xx_hal_tim.o
 .comment       0x00000043       0x44 build/stm32f4xx_hal_tim_ex.o
 .comment       0x00000043       0x44 build/stm32f4xx_hal_uart.o
 .comment       0x00000043       0x44 build/system_stm32f4xx.o
 .comment       0x00000043       0x44 build/sysmem.o
 .comment       0x00000043       0x44 build/syscalls.o
 .comment       0x00000043       0x44 build/tim.o
 .comment       0x00000043       0x44 build/app.o
 .comment       0x00000043       0x44 build/MovingAve.o
 .comment       0x00000043       0x44 build/Timer.o
 .comment       0x00000043       0x44 build/encoder.o
 .comment       0x00000043       0x44 build/hardware.o

.debug_frame    0x00000000     0x3514
 .debug_frame   0x00000000       0x70 build/main.o
 .debug_frame   0x00000070       0x38 build/gpio.o
 .debug_frame   0x000000a8       0x6c build/adc.o
 .debug_frame   0x00000114       0x30 build/dma.o
 .debug_frame   0x00000144       0x64 build/usart.o
 .debug_frame   0x000001a8      0x120 build/stm32f4xx_it.o
 .debug_frame   0x000002c8       0x28 build/stm32f4xx_hal_msp.o
 .debug_frame   0x000002f0      0x268 build/stm32f4xx_hal_adc.o
 .debug_frame   0x00000558      0x16c build/stm32f4xx_hal_rcc.o
 .debug_frame   0x000006c4      0x14c build/stm32f4xx_hal_rcc_ex.o
 .debug_frame   0x00000810       0xd8 build/stm32f4xx_hal_gpio.o
 .debug_frame   0x000008e8      0x188 build/stm32f4xx_hal_dma.o
 .debug_frame   0x00000a70       0xec build/stm32f4xx_hal_pwr_ex.o
 .debug_frame   0x00000b5c      0x214 build/stm32f4xx_hal_cortex.o
 .debug_frame   0x00000d70      0x1ec build/stm32f4xx_hal.o
 .debug_frame   0x00000f5c      0xb10 build/stm32f4xx_hal_tim.o
 .debug_frame   0x00001a6c      0x40c build/stm32f4xx_hal_tim_ex.o
 .debug_frame   0x00001e78      0x5dc build/stm32f4xx_hal_uart.o
 .debug_frame   0x00002454       0x30 build/system_stm32f4xx.o
 .debug_frame   0x00002484       0x28 build/sysmem.o
 .debug_frame   0x000024ac      0x190 build/syscalls.o
 .debug_frame   0x0000263c       0x64 build/tim.o
 .debug_frame   0x000026a0       0xa4 build/app.o
 .debug_frame   0x00002744       0x68 build/MovingAve.o
 .debug_frame   0x000027ac       0xf8 build/Timer.o
 .debug_frame   0x000028a4       0x64 build/encoder.o
 .debug_frame   0x00002908       0x98 build/hardware.o
 .debug_frame   0x000029a0      0x144 /opt/ST/STM32CubeCLT_1.16.0/GNU-tools-for-STM32/bin/../lib/gcc/arm-none-eabi/12.3.1/../../../../arm-none-eabi/lib/thumb/v7e-m+fp/hard/libc_nano.a(libc_a-findfp.o)
 .debug_frame   0x00002ae4       0x20 /opt/ST/STM32CubeCLT_1.16.0/GNU-tools-for-STM32/bin/../lib/gcc/arm-none-eabi/12.3.1/../../../../arm-none-eabi/lib/thumb/v7e-m+fp/hard/libc_nano.a(libc_a-memset.o)
 .debug_frame   0x00002b04       0x20 /opt/ST/STM32CubeCLT_1.16.0/GNU-tools-for-STM32/bin/../lib/gcc/arm-none-eabi/12.3.1/../../../../arm-none-eabi/lib/thumb/v7e-m+fp/hard/libc_nano.a(libc_a-errno.o)
 .debug_frame   0x00002b24       0x2c /opt/ST/STM32CubeCLT_1.16.0/GNU-tools-for-STM32/bin/../lib/gcc/arm-none-eabi/12.3.1/../../../../arm-none-eabi/lib/thumb/v7e-m+fp/hard/libc_nano.a(libc_a-init.o)
 .debug_frame   0x00002b50       0xb0 /opt/ST/STM32CubeCLT_1.16.0/GNU-tools-for-STM32/bin/../lib/gcc/arm-none-eabi/12.3.1/../../../../arm-none-eabi/lib/thumb/v7e-m+fp/hard/libc_nano.a(libc_a-lock.o)
 .debug_frame   0x00002c00       0x50 /opt/ST/STM32CubeCLT_1.16.0/GNU-tools-for-STM32/bin/../lib/gcc/arm-none-eabi/12.3.1/../../../../arm-none-eabi/lib/thumb/v7e-m+fp/hard/libc_nano.a(libc_a-mallocr.o)
 .debug_frame   0x00002c50       0x30 /opt/ST/STM32CubeCLT_1.16.0/GNU-tools-for-STM32/bin/../lib/gcc/arm-none-eabi/12.3.1/../../../../arm-none-eabi/lib/thumb/v7e-m+fp/hard/libc_nano.a(libc_a-mlock.o)
 .debug_frame   0x00002c80       0x38 /opt/ST/STM32CubeCLT_1.16.0/GNU-tools-for-STM32/bin/../lib/gcc/arm-none-eabi/12.3.1/../../../../arm-none-eabi/lib/thumb/v7e-m+fp/hard/libc_nano.a(libc_a-reent.o)
 .debug_frame   0x00002cb8       0x2c /opt/ST/STM32CubeCLT_1.16.0/GNU-tools-for-STM32/bin/../lib/gcc/arm-none-eabi/12.3.1/../../../../arm-none-eabi/lib/thumb/v7e-m+fp/hard/libc_nano.a(libc_a-sbrkr.o)
 .debug_frame   0x00002ce4       0x20 /opt/ST/STM32CubeCLT_1.16.0/GNU-tools-for-STM32/bin/../lib/gcc/arm-none-eabi/12.3.1/../../../../arm-none-eabi/lib/thumb/v7e-m+fp/hard/libstdc++_nano.a(new_opv.o)
 .debug_frame   0x00002d04       0x28 /opt/ST/STM32CubeCLT_1.16.0/GNU-tools-for-STM32/bin/../lib/gcc/arm-none-eabi/12.3.1/../../../../arm-none-eabi/lib/thumb/v7e-m+fp/hard/libstdc++_nano.a(new_op.o)
 .debug_frame   0x00002d2c       0x30 /opt/ST/STM32CubeCLT_1.16.0/GNU-tools-for-STM32/bin/../lib/gcc/arm-none-eabi/12.3.1/../../../../arm-none-eabi/lib/thumb/v7e-m+fp/hard/libstdc++_nano.a(new_handler.o)
 .debug_frame   0x00002d5c       0xac /opt/ST/STM32CubeCLT_1.16.0/GNU-tools-for-STM32/bin/../lib/gcc/arm-none-eabi/12.3.1/thumb/v7e-m+fp/hard/libgcc.a(_arm_addsubdf3.o)
 .debug_frame   0x00002e08       0x50 /opt/ST/STM32CubeCLT_1.16.0/GNU-tools-for-STM32/bin/../lib/gcc/arm-none-eabi/12.3.1/thumb/v7e-m+fp/hard/libgcc.a(_arm_muldivdf3.o)
 .debug_frame   0x00002e58       0xc4 /opt/ST/STM32CubeCLT_1.16.0/GNU-tools-for-STM32/bin/../lib/gcc/arm-none-eabi/12.3.1/thumb/v7e-m+fp/hard/libgcc.a(_arm_cmpdf2.o)
 .debug_frame   0x00002f1c       0x24 /opt/ST/STM32CubeCLT_1.16.0/GNU-tools-for-STM32/bin/../lib/gcc/arm-none-eabi/12.3.1/thumb/v7e-m+fp/hard/libgcc.a(_arm_fixunsdfsi.o)
 .debug_frame   0x00002f40       0x24 /opt/ST/STM32CubeCLT_1.16.0/GNU-tools-for-STM32/bin/../lib/gcc/arm-none-eabi/12.3.1/thumb/v7e-m+fp/hard/libgcc.a(_arm_truncdfsf2.o)
 .debug_frame   0x00002f64       0x2c /opt/ST/STM32CubeCLT_1.16.0/GNU-tools-for-STM32/bin/../lib/gcc/arm-none-eabi/12.3.1/thumb/v7e-m+fp/hard/libgcc.a(_aeabi_uldivmod.o)
 .debug_frame   0x00002f90       0x34 /opt/ST/STM32CubeCLT_1.16.0/GNU-tools-for-STM32/bin/../lib/gcc/arm-none-eabi/12.3.1/thumb/v7e-m+fp/hard/libgcc.a(_udivmoddi4.o)
 .debug_frame   0x00002fc4      0x2c4 /opt/ST/STM32CubeCLT_1.16.0/GNU-tools-for-STM32/bin/../lib/gcc/arm-none-eabi/12.3.1/thumb/v7e-m+fp/hard/libgcc.a(unwind-arm.o)
 .debug_frame   0x00003288      0x104 /opt/ST/STM32CubeCLT_1.16.0/GNU-tools-for-STM32/bin/../lib/gcc/arm-none-eabi/12.3.1/thumb/v7e-m+fp/hard/libgcc.a(pr-support.o)
 .debug_frame   0x0000338c       0x28 /opt/ST/STM32CubeCLT_1.16.0/GNU-tools-for-STM32/bin/../lib/gcc/arm-none-eabi/12.3.1/../../../../arm-none-eabi/lib/thumb/v7e-m+fp/hard/libc_nano.a(libc_a-abort.o)
 .debug_frame   0x000033b4       0x30 /opt/ST/STM32CubeCLT_1.16.0/GNU-tools-for-STM32/bin/../lib/gcc/arm-none-eabi/12.3.1/../../../../arm-none-eabi/lib/thumb/v7e-m+fp/hard/libc_nano.a(libc_a-malloc.o)
 .debug_frame   0x000033e4       0xcc /opt/ST/STM32CubeCLT_1.16.0/GNU-tools-for-STM32/bin/../lib/gcc/arm-none-eabi/12.3.1/../../../../arm-none-eabi/lib/thumb/v7e-m+fp/hard/libc_nano.a(libc_a-signal.o)
 .debug_frame   0x000034b0       0x3c /opt/ST/STM32CubeCLT_1.16.0/GNU-tools-for-STM32/bin/../lib/gcc/arm-none-eabi/12.3.1/../../../../arm-none-eabi/lib/thumb/v7e-m+fp/hard/libc_nano.a(libc_a-signalr.o)
 .debug_frame   0x000034ec       0x28 /opt/ST/STM32CubeCLT_1.16.0/GNU-tools-for-STM32/bin/../lib/gcc/arm-none-eabi/12.3.1/../../../../arm-none-eabi/lib/thumb/v7e-m+fp/hard/libc_nano.a(libc_a-memcpy-stub.o)

Cross Reference Table

Symbol                                            File
ADC_IRQHandler                                    build/startup_stm32f446xx.o
AHBPrescTable                                     build/system_stm32f4xx.o
                                                  build/stm32f4xx_hal_rcc.o
APBPrescTable                                     build/system_stm32f4xx.o
                                                  build/stm32f4xx_hal_rcc.o
BufferedSerial::read()                            build/hardware.o
BusFault_Handler                                  build/stm32f4xx_it.o
CAN1_RX0_IRQHandler                               build/startup_stm32f446xx.o
CAN1_RX1_IRQHandler                               build/startup_stm32f446xx.o
CAN1_SCE_IRQHandler                               build/startup_stm32f446xx.o
CAN1_TX_IRQHandler                                build/startup_stm32f446xx.o
CAN2_RX0_IRQHandler                               build/startup_stm32f446xx.o
CAN2_RX1_IRQHandler                               build/startup_stm32f446xx.o
CAN2_SCE_IRQHandler                               build/startup_stm32f446xx.o
CAN2_TX_IRQHandler                                build/startup_stm32f446xx.o
CEC_IRQHandler                                    build/startup_stm32f446xx.o
DCMI_IRQHandler                                   build/startup_stm32f446xx.o
DMA1_Stream0_IRQHandler                           build/startup_stm32f446xx.o
DMA1_Stream1_IRQHandler                           build/startup_stm32f446xx.o
DMA1_Stream2_IRQHandler                           build/startup_stm32f446xx.o
DMA1_Stream3_IRQHandler                           build/startup_stm32f446xx.o
DMA1_Stream4_IRQHandler                           build/startup_stm32f446xx.o
DMA1_Stream5_IRQHandler                           build/startup_stm32f446xx.o
DMA1_Stream6_IRQHandler                           build/startup_stm32f446xx.o
DMA1_Stream7_IRQHandler                           build/startup_stm32f446xx.o
DMA2_Stream0_IRQHandler                           build/stm32f4xx_it.o
DMA2_Stream1_IRQHandler                           build/stm32f4xx_it.o
DMA2_Stream2_IRQHandler                           build/startup_stm32f446xx.o
DMA2_Stream3_IRQHandler                           build/startup_stm32f446xx.o
DMA2_Stream4_IRQHandler                           build/startup_stm32f446xx.o
DMA2_Stream5_IRQHandler                           build/startup_stm32f446xx.o
DMA2_Stream6_IRQHandler                           build/stm32f4xx_it.o
DMA2_Stream7_IRQHandler                           build/startup_stm32f446xx.o
DebugMon_Handler                                  build/stm32f4xx_it.o
Default_Handler                                   build/startup_stm32f446xx.o
DigitalOut::operator=(bool)                       build/app.o
EXTI0_IRQHandler                                  build/startup_stm32f446xx.o
EXTI15_10_IRQHandler                              build/startup_stm32f446xx.o
EXTI1_IRQHandler                                  build/startup_stm32f446xx.o
EXTI2_IRQHandler                                  build/startup_stm32f446xx.o
EXTI3_IRQHandler                                  build/startup_stm32f446xx.o
EXTI4_IRQHandler                                  build/startup_stm32f446xx.o
EXTI9_5_IRQHandler                                build/startup_stm32f446xx.o
Encoder::Encoder(DigitalOut*, unsigned char*)     build/encoder.o
                                                  build/hardware.o
Encoder::Encoder(DigitalOut*, unsigned char*)     build/encoder.o
Encoder::GetMotorRPS(unsigned char)               build/encoder.o
                                                  build/hardware.o
Encoder::Read()                                   build/encoder.o
                                                  build/app.o
Error_Handler                                     build/main.o
                                                  build/tim.o
                                                  build/usart.o
                                                  build/adc.o
FLASH_Erase_Sector                                build/stm32f4xx_hal_flash_ex.o
                                                  build/stm32f4xx_hal_flash.o
FLASH_FlushCaches                                 build/stm32f4xx_hal_flash_ex.o
                                                  build/stm32f4xx_hal_flash.o
FLASH_IRQHandler                                  build/startup_stm32f446xx.o
FLASH_WaitForLastOperation                        build/stm32f4xx_hal_flash.o
                                                  build/stm32f4xx_hal_flash_ex.o
FMC_IRQHandler                                    build/startup_stm32f446xx.o
FMPI2C1_ER_IRQHandler                             build/startup_stm32f446xx.o
FMPI2C1_EV_IRQHandler                             build/startup_stm32f446xx.o
FPU_IRQHandler                                    build/startup_stm32f446xx.o
GapDeg                                            build/MyMath.o
GapDeg180                                         build/MyMath.o
GapRad                                            build/MyMath.o
GapRad180                                         build/MyMath.o
HAL_ADCEx_InjectedConfigChannel                   build/stm32f4xx_hal_adc_ex.o
HAL_ADCEx_InjectedConvCpltCallback                build/stm32f4xx_hal_adc_ex.o
                                                  build/stm32f4xx_hal_adc.o
HAL_ADCEx_InjectedGetValue                        build/stm32f4xx_hal_adc_ex.o
HAL_ADCEx_InjectedPollForConversion               build/stm32f4xx_hal_adc_ex.o
HAL_ADCEx_InjectedStart                           build/stm32f4xx_hal_adc_ex.o
HAL_ADCEx_InjectedStart_IT                        build/stm32f4xx_hal_adc_ex.o
HAL_ADCEx_InjectedStop                            build/stm32f4xx_hal_adc_ex.o
HAL_ADCEx_InjectedStop_IT                         build/stm32f4xx_hal_adc_ex.o
HAL_ADCEx_MultiModeConfigChannel                  build/stm32f4xx_hal_adc_ex.o
HAL_ADCEx_MultiModeGetValue                       build/stm32f4xx_hal_adc_ex.o
HAL_ADCEx_MultiModeStart_DMA                      build/stm32f4xx_hal_adc_ex.o
HAL_ADCEx_MultiModeStop_DMA                       build/stm32f4xx_hal_adc_ex.o
HAL_ADC_AnalogWDGConfig                           build/stm32f4xx_hal_adc.o
HAL_ADC_ConfigChannel                             build/stm32f4xx_hal_adc.o
                                                  build/adc.o
HAL_ADC_ConvCpltCallback                          build/stm32f4xx_hal_adc.o
                                                  build/stm32f4xx_hal_adc_ex.o
HAL_ADC_ConvHalfCpltCallback                      build/stm32f4xx_hal_adc.o
                                                  build/stm32f4xx_hal_adc_ex.o
HAL_ADC_DeInit                                    build/stm32f4xx_hal_adc.o
HAL_ADC_ErrorCallback                             build/stm32f4xx_hal_adc.o
                                                  build/stm32f4xx_hal_adc_ex.o
HAL_ADC_GetError                                  build/stm32f4xx_hal_adc.o
HAL_ADC_GetState                                  build/stm32f4xx_hal_adc.o
HAL_ADC_GetValue                                  build/stm32f4xx_hal_adc.o
HAL_ADC_IRQHandler                                build/stm32f4xx_hal_adc.o
HAL_ADC_Init                                      build/stm32f4xx_hal_adc.o
                                                  build/adc.o
HAL_ADC_LevelOutOfWindowCallback                  build/stm32f4xx_hal_adc.o
HAL_ADC_MspDeInit                                 build/adc.o
HAL_ADC_MspInit                                   build/adc.o
HAL_ADC_PollForConversion                         build/stm32f4xx_hal_adc.o
HAL_ADC_PollForEvent                              build/stm32f4xx_hal_adc.o
HAL_ADC_Start                                     build/stm32f4xx_hal_adc.o
                                                  build/hardware.o
HAL_ADC_Start_DMA                                 build/stm32f4xx_hal_adc.o
                                                  build/hardware.o
HAL_ADC_Start_IT                                  build/stm32f4xx_hal_adc.o
HAL_ADC_Stop                                      build/stm32f4xx_hal_adc.o
HAL_ADC_Stop_DMA                                  build/stm32f4xx_hal_adc.o
HAL_ADC_Stop_IT                                   build/stm32f4xx_hal_adc.o
HAL_CORTEX_ClearEvent                             build/stm32f4xx_hal_cortex.o
HAL_DBGMCU_DisableDBGSleepMode                    build/stm32f4xx_hal.o
HAL_DBGMCU_DisableDBGStandbyMode                  build/stm32f4xx_hal.o
HAL_DBGMCU_DisableDBGStopMode                     build/stm32f4xx_hal.o
HAL_DBGMCU_EnableDBGSleepMode                     build/stm32f4xx_hal.o
HAL_DBGMCU_EnableDBGStandbyMode                   build/stm32f4xx_hal.o
HAL_DBGMCU_EnableDBGStopMode                      build/stm32f4xx_hal.o
HAL_DMAEx_ChangeMemory                            build/stm32f4xx_hal_dma_ex.o
HAL_DMAEx_MultiBufferStart                        build/stm32f4xx_hal_dma_ex.o
HAL_DMAEx_MultiBufferStart_IT                     build/stm32f4xx_hal_dma_ex.o
HAL_DMA_Abort                                     build/stm32f4xx_hal_dma.o
                                                  build/stm32f4xx_hal_uart.o
                                                  build/stm32f4xx_hal_adc_ex.o
                                                  build/stm32f4xx_hal_adc.o
HAL_DMA_Abort_IT                                  build/stm32f4xx_hal_dma.o
                                                  build/stm32f4xx_hal_uart.o
                                                  build/stm32f4xx_hal_tim_ex.o
                                                  build/stm32f4xx_hal_tim.o
HAL_DMA_DeInit                                    build/stm32f4xx_hal_dma.o
                                                  build/usart.o
                                                  build/adc.o
HAL_DMA_GetError                                  build/stm32f4xx_hal_dma.o
                                                  build/stm32f4xx_hal_uart.o
HAL_DMA_GetState                                  build/stm32f4xx_hal_dma.o
HAL_DMA_IRQHandler                                build/stm32f4xx_hal_dma.o
                                                  build/stm32f4xx_it.o
HAL_DMA_Init                                      build/stm32f4xx_hal_dma.o
                                                  build/usart.o
                                                  build/adc.o
HAL_DMA_PollForTransfer                           build/stm32f4xx_hal_dma.o
HAL_DMA_RegisterCallback                          build/stm32f4xx_hal_dma.o
HAL_DMA_Start                                     build/stm32f4xx_hal_dma.o
HAL_DMA_Start_IT                                  build/stm32f4xx_hal_dma.o
                                                  build/stm32f4xx_hal_uart.o
                                                  build/stm32f4xx_hal_tim_ex.o